Archive member included to satisfy reference by file (symbol)

app/libapp.a(main.c.obj)      (--whole-archive)
zephyr/libzephyr.a(validate_libc.c.obj)
                              (--whole-archive)
zephyr/libzephyr.a(heap.c.obj)
                              (--whole-archive)
zephyr/libzephyr.a(boot_banner.c.obj)
                              (--whole-archive)
zephyr/libzephyr.a(cbprintf_packaged.c.obj)
                              (--whole-archive)
zephyr/libzephyr.a(clock.c.obj)
                              (--whole-archive)
zephyr/libzephyr.a(printk.c.obj)
                              (--whole-archive)
zephyr/libzephyr.a(cbprintf_complete.c.obj)
                              (--whole-archive)
zephyr/libzephyr.a(assert.c.obj)
                              (--whole-archive)
zephyr/libzephyr.a(mpsc_pbuf.c.obj)
                              (--whole-archive)
zephyr/libzephyr.a(dec.c.obj)
                              (--whole-archive)
zephyr/libzephyr.a(hex.c.obj)
                              (--whole-archive)
zephyr/libzephyr.a(rb.c.obj)  (--whole-archive)
zephyr/libzephyr.a(set.c.obj)
                              (--whole-archive)
zephyr/libzephyr.a(timeutil.c.obj)
                              (--whole-archive)
zephyr/libzephyr.a(bitarray.c.obj)
                              (--whole-archive)
zephyr/libzephyr.a(bitmask.c.obj)
                              (--whole-archive)
zephyr/libzephyr.a(getopt.c.obj)
                              (--whole-archive)
zephyr/libzephyr.a(getopt_common.c.obj)
                              (--whole-archive)
zephyr/libzephyr.a(onoff.c.obj)
                              (--whole-archive)
zephyr/libzephyr.a(notify.c.obj)
                              (--whole-archive)
zephyr/libzephyr.a(ring_buffer.c.obj)
                              (--whole-archive)
zephyr/libzephyr.a(last_section_id.c.obj)
                              (--whole-archive)
zephyr/libzephyr.a(configs.c.obj)
                              (--whole-archive)
zephyr/libzephyr.a(log_core.c.obj)
                              (--whole-archive)
zephyr/libzephyr.a(log_mgmt.c.obj)
                              (--whole-archive)
zephyr/libzephyr.a(log_cache.c.obj)
                              (--whole-archive)
zephyr/libzephyr.a(log_msg.c.obj)
                              (--whole-archive)
zephyr/libzephyr.a(log_output.c.obj)
                              (--whole-archive)
zephyr/libzephyr.a(log_backend_uart.c.obj)
                              (--whole-archive)
zephyr/libzephyr.a(mem_attr.c.obj)
                              (--whole-archive)
zephyr/libzephyr.a(tracing_none.c.obj)
                              (--whole-archive)
zephyr/libzephyr.a(cdc_acm_serial.c.obj)
                              (--whole-archive)
zephyr/libzephyr.a(sem.c.obj)
                              (--whole-archive)
zephyr/libzephyr.a(thread_entry.c.obj)
                              (--whole-archive)
zephyr/arch/common/libarch__common.a(sw_isr_common.c.obj)
                              (--whole-archive)
zephyr/arch/common/libarch__common.a(init.c.obj)
                              (--whole-archive)
zephyr/arch/common/libarch__common.a(xip.c.obj)
                              (--whole-archive)
zephyr/arch/arch/arm/core/libarch__arm__core.a(fatal.c.obj)
                              (--whole-archive)
zephyr/arch/arch/arm/core/libarch__arm__core.a(nmi.c.obj)
                              (--whole-archive)
zephyr/arch/arch/arm/core/libarch__arm__core.a(nmi_on_reset.S.obj)
                              (--whole-archive)
zephyr/arch/arch/arm/core/libarch__arm__core.a(tls.c.obj)
                              (--whole-archive)
zephyr/arch/arch/arm/core/cortex_m/libarch__arm__core__cortex_m.a(fault.c.obj)
                              (--whole-archive)
zephyr/arch/arch/arm/core/cortex_m/libarch__arm__core__cortex_m.a(fault_s.S.obj)
                              (--whole-archive)
zephyr/arch/arch/arm/core/cortex_m/libarch__arm__core__cortex_m.a(fpu.c.obj)
                              (--whole-archive)
zephyr/arch/arch/arm/core/cortex_m/libarch__arm__core__cortex_m.a(reset.S.obj)
                              (--whole-archive)
zephyr/arch/arch/arm/core/cortex_m/libarch__arm__core__cortex_m.a(scb.c.obj)
                              (--whole-archive)
zephyr/arch/arch/arm/core/cortex_m/libarch__arm__core__cortex_m.a(vector_table.S.obj)
                              (--whole-archive)
zephyr/arch/arch/arm/core/cortex_m/libarch__arm__core__cortex_m.a(svc.S.obj)
                              (--whole-archive)
zephyr/arch/arch/arm/core/cortex_m/libarch__arm__core__cortex_m.a(irq_manage.c.obj)
                              (--whole-archive)
zephyr/arch/arch/arm/core/cortex_m/libarch__arm__core__cortex_m.a(prep_c.c.obj)
                              (--whole-archive)
zephyr/arch/arch/arm/core/cortex_m/libarch__arm__core__cortex_m.a(thread.c.obj)
                              (--whole-archive)
[...]
Memory Configuration

Name             Origin             Length             Attributes
FLASH            0x00001000         0x000ff000         xr
RAM              0x20000000         0x00040000         xw
IDT_LIST         0xffff7fff         0x00008000         xw
*default*        0x00000000         0xffffffff

Linker script and memory map

                0x000095ec                        vfprintf = __l_vfprintf
                0x00000000                        vfscanf = __l_vfscanf
LOAD zephyr/CMakeFiles/zephyr_pre0.dir/misc/empty_file.c.obj
LOAD zephyr/CMakeFiles/offsets.dir/./arch/arm/core/offsets/offsets.c.obj
LOAD app/libapp.a
LOAD zephyr/libzephyr.a
LOAD zephyr/arch/common/libarch__common.a
LOAD zephyr/arch/arch/arm/core/libarch__arm__core.a
LOAD zephyr/arch/arch/arm/core/cortex_m/libarch__arm__core__cortex_m.a
LOAD zephyr/arch/arch/arm/core/mpu/libarch__arm__core__mpu.a
LOAD zephyr/lib/libc/picolibc/liblib__libc__picolibc.a
LOAD zephyr/lib/libc/common/liblib__libc__common.a
LOAD zephyr/lib/net_buf/liblib__net_buf.a
LOAD zephyr/soc/soc/nrf52840/libsoc__nordic.a
LOAD zephyr/boards/nordic/nrf52840dongle/libboards__nordic__nrf52840dongle.a
LOAD zephyr/subsys/portability/posix/c_lib_ext/libsubsys__portability__posix__c_lib_ext.a
LOAD zephyr/subsys/usb/device_next/libsubsys__usb__device_next.a
LOAD zephyr/drivers/usb/udc/libdrivers__usb__udc.a
LOAD zephyr/drivers/usb/common/buf/libdrivers__usb__common__buf.a
LOAD zephyr/drivers/usb/common/nrf_usbd_common/libdrivers__usb__common__nrf_usbd_common.a
LOAD zephyr/drivers/clock_control/libdrivers__clock_control.a
LOAD zephyr/drivers/console/libdrivers__console.a
LOAD zephyr/drivers/gpio/libdrivers__gpio.a
LOAD zephyr/drivers/hwinfo/libdrivers__hwinfo.a
LOAD zephyr/drivers/i2s/libdrivers__i2s.a
LOAD zephyr/drivers/pinctrl/libdrivers__pinctrl.a
LOAD zephyr/drivers/serial/libdrivers__serial.a
LOAD zephyr/drivers/timer/libdrivers__timer.a
LOAD modules/hal_nordic/nrfx/libnrfx.a
LOAD zephyr/kernel/libkernel.a
LOAD zephyr/arch/common/libisr_tables.a
LOAD /Users/mani/zephyr-sdk-1.0.1/gnu/arm-zephyr-eabi/bin/../lib/gcc/arm-zephyr-eabi/14.3.0/../../../../arm-zephyr-eabi/lib/thumb/v7e-m/nofp/space/libc.a
LOAD /Users/mani/zephyr-sdk-1.0.1/gnu/arm-zephyr-eabi/bin/../lib/gcc/arm-zephyr-eabi/14.3.0/thumb/v7e-m/nofp/space/libgcc.a
                0x00000020                        _region_min_align = 0x20

.rel.plt        0x00001000        0x0
 *(SORT_BY_ALIGNMENT(.rel.plt))
                [!provide]                        PROVIDE (__rel_iplt_start = .)
 *(SORT_BY_ALIGNMENT(.rel.iplt))
 .rel.iplt      0x00001000        0x0 app/libapp.a(main.c.obj)
                [!provide]                        PROVIDE (__rel_iplt_end = .)

.rela.plt       0x00000000        0x0
 *(SORT_BY_ALIGNMENT(.rela.plt))
                [!provide]                        PROVIDE (__rela_iplt_start = .)
 *(SORT_BY_ALIGNMENT(.rela.iplt))
                [!provide]                        PROVIDE (__rela_iplt_end = .)

.rel.dyn
 *(SORT_BY_ALIGNMENT(.rel.*))

.rela.dyn
 *(SORT_BY_ALIGNMENT(.rela.*))

/DISCARD/
 *(SORT_BY_ALIGNMENT(.plt))

/DISCARD/
 *(SORT_BY_ALIGNMENT(.iplt))
                0x00001000                        __rom_region_start = 0x1000

rom_start       0x00001000      0x100
                0x00001000                        __rom_start_address = .
 FILL mask 0x00
                0x00001000                        . = (. + (0x0 - (. - __rom_start_address)))
                0x00001000                        . = ALIGN (0x4)
                0x00001000                        . = ALIGN (0x80)
                0x00001000                        . = ALIGN (0x100)
                0x00001000                        _vector_start = .
 *(SORT_BY_ALIGNMENT(.exc_vector_table))
 *(SORT_BY_ALIGNMENT(.exc_vector_table.*))
 .exc_vector_table._vector_table_section
                0x00001000       0x40 zephyr/arch/arch/arm/core/cortex_m/libarch__arm__core__cortex_m.a(vector_table.S.obj)
                0x00001000                _vector_table
 *(SORT_BY_ALIGNMENT(.vectors))
                0x00001100                        _vector_end = .
                0x00001040                        . = ALIGN (0x4)
 *(SORT_BY_ALIGNMENT(.gnu.linkonce.irq_vector_table*))
 .gnu.linkonce.irq_vector_table
                0x00001040       0xc0 zephyr/arch/common/libisr_tables.a(isr_tables.c.obj)
                0x00001040                _irq_vector_table
                0x00001100                        _vector_end = .

text            0x00001100     0xcea4
                0x00001100                        __text_region_start = .
 *(SORT_BY_ALIGNMENT(.text))
 .text          0x00001100       0x30 /Users/mani/zephyr-sdk-1.0.1/gnu/arm-zephyr-eabi/bin/../lib/gcc/arm-zephyr-eabi/14.3.0/thumb/v7e-m/nofp/space/libgcc.a(_aeabi_uldivmod.o)
                0x00001100                __aeabi_uldivmod
 .text          0x00001130        0x4 /Users/mani/zephyr-sdk-1.0.1/gnu/arm-zephyr-eabi/bin/../lib/gcc/arm-zephyr-eabi/14.3.0/thumb/v7e-m/nofp/space/libgcc.a(_dvmd_tls.o)
                0x00001130                __aeabi_ldiv0
                0x00001130                __aeabi_idiv0
 .text          0x00001134       0x14 /Users/mani/zephyr-sdk-1.0.1/gnu/arm-zephyr-eabi/bin/../lib/gcc/arm-zephyr-eabi/14.3.0/../../../../arm-zephyr-eabi/lib/thumb/v7e-m/nofp/space/libc.a(strcmp.S.o)
                0x00001134                strcmp
 .text          0x00001148       0x10 /Users/mani/zephyr-sdk-1.0.1/gnu/arm-zephyr-eabi/bin/../lib/gcc/arm-zephyr-eabi/14.3.0/../../../../arm-zephyr-eabi/lib/thumb/v7e-m/nofp/space/libc.a(strlen.S.o)
                0x00001148                strlen
 .text          0x00001158      0x2bc /Users/mani/zephyr-sdk-1.0.1/gnu/arm-zephyr-eabi/bin/../lib/gcc/arm-zephyr-eabi/14.3.0/thumb/v7e-m/nofp/space/libgcc.a(_udivmoddi4.o)
                0x00001158                __udivmoddi4
 *(SORT_BY_ALIGNMENT(.text.*))
 .text.main     0x00001414       0xe0 app/libapp.a(main.c.obj)
                0x00001414                main
 .text.sys_heap_free
                0x000014f4      0x108 zephyr/libzephyr.a(heap.c.obj)
                0x000014f4                sys_heap_free
 .text.boot_banner
                0x000015fc       0x10 zephyr/libzephyr.a(boot_banner.c.obj)
 .text.cbvprintf_package
                0x0000160c      0x368 zephyr/libzephyr.a(cbprintf_packaged.c.obj)
                0x0000160c                cbvprintf_package
 .text.cbprintf_package_convert
                0x00001974      0x3e4 zephyr/libzephyr.a(cbprintf_packaged.c.obj)
                0x00001974                cbprintf_package_convert
 .text.__printk_hook_install
                0x00001d58        0xc zephyr/libzephyr.a(printk.c.obj)
                0x00001d58                __printk_hook_install
 .text.process_event
                0x00001d64      0x1e8 zephyr/libzephyr.a(onoff.c.obj)
 .text.activate_foreach_backend
                0x00001f4c       0x60 zephyr/libzephyr.a(log_core.c.obj)
 .text.enable_logger
                0x00001fac       0x5c zephyr/libzephyr.a(log_core.c.obj)
 .text.log_process_thread_timer_expiry_fn
                0x00002008        0xc zephyr/libzephyr.a(log_core.c.obj)
 .text.z_log_init
                0x00002014       0x98 zephyr/libzephyr.a(log_core.c.obj)
 .text.log_format_func_t_get
                0x000020ac        0xc zephyr/libzephyr.a(log_core.c.obj)
                0x000020ac                log_format_func_t_get
 .text.log_set_timestamp_func
                0x000020b8       0x20 zephyr/libzephyr.a(log_core.c.obj)
                0x000020b8                log_set_timestamp_func
 .text.z_log_notify_backend_enabled
                0x000020d8       0x1c zephyr/libzephyr.a(log_core.c.obj)
                0x000020d8                z_log_notify_backend_enabled
 .text.z_log_dropped
                0x000020f4       0x44 zephyr/libzephyr.a(log_core.c.obj)
                0x000020f4                z_log_dropped
 .text.z_log_dropped_read_and_clear
                0x00002138       0x20 zephyr/libzephyr.a(log_core.c.obj)
                0x00002138                z_log_dropped_read_and_clear
 .text.dropped_notify
                0x00002158       0x30 zephyr/libzephyr.a(log_core.c.obj)
                0x00002158                dropped_notify
 .text.z_log_msg_init
                0x00002188       0x20 zephyr/libzephyr.a(log_core.c.obj)
                0x00002188                z_log_msg_init
 .text.log_core_init
                0x000021a8       0x50 zephyr/libzephyr.a(log_core.c.obj)
                0x000021a8                log_core_init
 .text.z_log_msg_alloc
                0x000021f8       0x10 zephyr/libzephyr.a(log_core.c.obj)
                0x000021f8                z_log_msg_alloc
 .text.z_log_msg_local_claim
                0x00002208        0xc zephyr/libzephyr.a(log_core.c.obj)
                0x00002208                z_log_msg_local_claim
 .text.z_log_msg_free
                0x00002214       0x10 zephyr/libzephyr.a(log_core.c.obj)
                0x00002214                z_log_msg_free
 .text.z_log_msg_pending
                0x00002224        0xc zephyr/libzephyr.a(log_core.c.obj)
                0x00002224                z_log_msg_pending
 .text.z_impl_log_process
                0x00002230       0xc4 zephyr/libzephyr.a(log_core.c.obj)
                0x00002230                z_impl_log_process
 .text.z_impl_log_panic
                0x000022f4       0x44 zephyr/libzephyr.a(log_core.c.obj)
                0x000022f4                z_impl_log_panic
 .text.log_process_thread_func
                0x00002338       0xa0 zephyr/libzephyr.a(log_core.c.obj)
 .text.z_log_msg_post_finalize
                0x000023d8       0x78 zephyr/libzephyr.a(log_core.c.obj)
 .text.z_log_msg_commit
                0x00002450       0x24 zephyr/libzephyr.a(log_core.c.obj)
                0x00002450                z_log_msg_commit
 .text.log_source_name_get
                0x00002474       0x1c zephyr/libzephyr.a(log_mgmt.c.obj)
                0x00002474                log_source_name_get
 .text.z_impl_z_log_msg_static_create
                0x00002490      0x100 zephyr/libzephyr.a(log_msg.c.obj)
                0x00002490                z_impl_z_log_msg_static_create
 .text.z_log_msg_runtime_vcreate
                0x00002590       0xa4 zephyr/libzephyr.a(log_msg.c.obj)
                0x00002590                z_log_msg_runtime_vcreate
 .text.log_msg_get_source_id
                0x00002634       0x18 zephyr/libzephyr.a(log_msg.c.obj)
                0x00002634                log_msg_get_source_id
 .text.print_formatted
                0x0000264c       0x24 zephyr/libzephyr.a(log_output.c.obj)
 .text.newline_print
                0x00002670       0x1c zephyr/libzephyr.a(log_output.c.obj)
 .text.log_output_process
                0x0000268c      0x290 zephyr/libzephyr.a(log_output.c.obj)
                0x0000268c                log_output_process
 .text.log_output_dropped_process
                0x0000291c       0x58 zephyr/libzephyr.a(log_output.c.obj)
                0x0000291c                log_output_dropped_process
 .text.log_output_timestamp_freq_set
                0x00002974       0x2c zephyr/libzephyr.a(log_output.c.obj)
                0x00002974                log_output_timestamp_freq_set
 .text.char_out
                0x000029a0       0x24 zephyr/libzephyr.a(log_backend_uart.c.obj)
 .text.mem_attr_get_regions
                0x000029c4        0xc zephyr/libzephyr.a(mem_attr.c.obj)
                0x000029c4                mem_attr_get_regions
 .text.cdc_acm_serial_init_device
                0x000029d0       0x8c zephyr/libzephyr.a(cdc_acm_serial.c.obj)
 .text.z_thread_entry
                0x00002a5c       0x34 zephyr/libzephyr.a(thread_entry.c.obj)
                0x00002a5c                z_thread_entry
 .text.arch_bss_zero
                0x00002a90       0x18 zephyr/arch/common/libarch__common.a(init.c.obj)
                0x00002a90                arch_bss_zero
 .text.arch_data_copy
                0x00002aa8       0x38 zephyr/arch/common/libarch__common.a(xip.c.obj)
                0x00002aa8                arch_data_copy
 .text.z_arm_fatal_error
                0x00002ae0       0xb8 zephyr/arch/arch/arm/core/libarch__arm__core.a(fatal.c.obj)
                0x00002ae0                z_arm_fatal_error
 .text.z_SysNmiOnReset
                0x00002b98        0x8 zephyr/arch/arch/arm/core/libarch__arm__core.a(nmi_on_reset.S.obj)
                0x00002b98                z_SysNmiOnReset
 .text.arch_tls_stack_setup
                0x00002ba0       0x40 zephyr/arch/arch/arm/core/libarch__arm__core.a(tls.c.obj)
                0x00002ba0                arch_tls_stack_setup
 .text.usage_fault.isra.0
                0x00002be0       0xa8 zephyr/arch/arch/arm/core/cortex_m/libarch__arm__core__cortex_m.a(fault.c.obj)
 .text.bus_fault.isra.0
                0x00002c88       0xd0 zephyr/arch/arch/arm/core/cortex_m/libarch__arm__core__cortex_m.a(fault.c.obj)
 .text.mem_manage_fault
                0x00002d58      0x104 zephyr/arch/arch/arm/core/cortex_m/libarch__arm__core__cortex_m.a(fault.c.obj)
 .text.z_arm_fault
                0x00002e5c      0x1dc zephyr/arch/arch/arm/core/cortex_m/libarch__arm__core__cortex_m.a(fault.c.obj)
                0x00002e5c                z_arm_fault
 .text.z_arm_fault_init
                0x00003038       0x18 zephyr/arch/arch/arm/core/cortex_m/libarch__arm__core__cortex_m.a(fault.c.obj)
                0x00003038                z_arm_fault_init
 .text.__fault  0x00003050       0x14 zephyr/arch/arch/arm/core/cortex_m/libarch__arm__core__cortex_m.a(fault_s.S.obj)
                0x00003050                z_arm_bus_fault
                0x00003050                z_arm_usage_fault
                0x00003050                z_arm_mpu_fault
                0x00003050                z_arm_exc_spurious
                0x00003050                z_arm_debug_monitor
                0x00003050                z_arm_hard_fault
 .text._reset_section
                0x00003064       0x38 zephyr/arch/arch/arm/core/cortex_m/libarch__arm__core__cortex_m.a(reset.S.obj)
                0x00003064                z_arm_reset
                0x00003064                __start
 .text.z_arm_svc
                0x0000309c       0x24 zephyr/arch/arch/arm/core/cortex_m/libarch__arm__core__cortex_m.a(svc.S.obj)
                0x0000309c                z_arm_svc
 .text.arm_irq_enable
                0x000030c0       0x1c zephyr/arch/arch/arm/core/cortex_m/libarch__arm__core__cortex_m.a(irq_manage.c.obj)
                0x000030c0                arm_irq_enable
 .text.arm_irq_disable
                0x000030dc       0x28 zephyr/arch/arch/arm/core/cortex_m/libarch__arm__core__cortex_m.a(irq_manage.c.obj)
                0x000030dc                arm_irq_disable
 .text.arm_irq_is_enabled
                0x00003104       0x1c zephyr/arch/arch/arm/core/cortex_m/libarch__arm__core__cortex_m.a(irq_manage.c.obj)
                0x00003104                arm_irq_is_enabled
 .text.arm_irq_priority_set
                0x00003120       0x30 zephyr/arch/arch/arm/core/cortex_m/libarch__arm__core__cortex_m.a(irq_manage.c.obj)
                0x00003120                arm_irq_priority_set
 .text.relocate_vector_table
                0x00003150       0x1c zephyr/arch/arch/arm/core/cortex_m/libarch__arm__core__cortex_m.a(prep_c.c.obj)
                0x00003150                relocate_vector_table
 .text.z_prep_c
                0x0000316c       0x38 zephyr/arch/arch/arm/core/cortex_m/libarch__arm__core__cortex_m.a(prep_c.c.obj)
                0x0000316c                z_prep_c
 .text.arch_new_thread
                0x000031a4       0x38 zephyr/arch/arch/arm/core/cortex_m/libarch__arm__core__cortex_m.a(thread.c.obj)
                0x000031a4                arch_new_thread
 .text.z_check_thread_stack_fail
                0x000031dc       0x2c zephyr/arch/arch/arm/core/cortex_m/libarch__arm__core__cortex_m.a(thread.c.obj)
                0x000031dc                z_check_thread_stack_fail
 .text.arch_switch_to_main_thread
                0x00003208       0x3c zephyr/arch/arch/arm/core/cortex_m/libarch__arm__core__cortex_m.a(thread.c.obj)
                0x00003208                arch_switch_to_main_thread
 .text.z_arm_cpu_idle_init
                0x00003244        0xc zephyr/arch/arch/arm/core/cortex_m/libarch__arm__core__cortex_m.a(cpu_idle.c.obj)
                0x00003244                z_arm_cpu_idle_init
 .text._HandlerModeExit
                0x00003250       0x20 zephyr/arch/arch/arm/core/cortex_m/libarch__arm__core__cortex_m.a(exc_exit.c.obj)
                0x00003250                z_arm_exc_exit
                0x00003250                z_arm_int_exit
 .text.z_impl_k_thread_abort
                0x00003270       0x2c zephyr/arch/arch/arm/core/cortex_m/libarch__arm__core__cortex_m.a(thread_abort.c.obj)
                0x00003270                z_impl_k_thread_abort
 .text.z_arm_pendsv
                0x0000329c       0x60 zephyr/arch/arch/arm/core/cortex_m/libarch__arm__core__cortex_m.a(swap_helper.S.obj)
                0x0000329c                z_arm_pendsv
 .text.z_arm_interrupt_init
                0x000032fc       0x18 zephyr/arch/arch/arm/core/cortex_m/libarch__arm__core__cortex_m.a(irq_init.c.obj)
                0x000032fc                z_arm_interrupt_init
 .text._isr_wrapper
                0x00003314       0x24 zephyr/arch/arch/arm/core/cortex_m/libarch__arm__core__cortex_m.a(isr_wrapper.c.obj)
                0x00003314                _isr_wrapper
 .text.__aeabi_read_tp
                0x00003338        0xc zephyr/arch/arch/arm/core/cortex_m/libarch__arm__core__cortex_m.a(__aeabi_read_tp.S.obj)
                0x00003338                __aeabi_read_tp
 .text.z_arm_configure_static_mpu_regions
                0x00003344       0x18 zephyr/arch/arch/arm/core/mpu/libarch__arm__core__mpu.a(arm_core_mpu.c.obj)
                0x00003344                z_arm_configure_static_mpu_regions
 .text.z_arm_configure_dynamic_mpu_regions
                0x0000335c       0x20 zephyr/arch/arch/arm/core/mpu/libarch__arm__core__mpu.a(arm_core_mpu.c.obj)
                0x0000335c                z_arm_configure_dynamic_mpu_regions
 .text.region_allocate_and_init
                0x0000337c       0x54 zephyr/arch/arch/arm/core/mpu/libarch__arm__core__mpu.a(arm_mpu.c.obj)
 .text.mpu_configure_regions
                0x000033d0       0x68 zephyr/arch/arch/arm/core/mpu/libarch__arm__core__mpu.a(arm_mpu.c.obj)
 .text.arm_core_mpu_enable
                0x00003438       0x18 zephyr/arch/arch/arm/core/mpu/libarch__arm__core__mpu.a(arm_mpu.c.obj)
                0x00003438                arm_core_mpu_enable
 .text.arm_core_mpu_disable
                0x00003450       0x14 zephyr/arch/arch/arm/core/mpu/libarch__arm__core__mpu.a(arm_mpu.c.obj)
                0x00003450                arm_core_mpu_disable
 .text.arm_core_mpu_configure_static_mpu_regions
                0x00003464       0x14 zephyr/arch/arch/arm/core/mpu/libarch__arm__core__mpu.a(arm_mpu.c.obj)
                0x00003464                arm_core_mpu_configure_static_mpu_regions
 .text.arm_core_mpu_configure_dynamic_mpu_regions
                0x00003478       0x38 zephyr/arch/arch/arm/core/mpu/libarch__arm__core__mpu.a(arm_mpu.c.obj)
                0x00003478                arm_core_mpu_configure_dynamic_mpu_regions
 .text.z_arm_mpu_init
                0x000034b0      0x194 zephyr/arch/arch/arm/core/mpu/libarch__arm__core__mpu.a(arm_mpu.c.obj)
                0x000034b0                z_arm_mpu_init
 .text.cbvprintf
                0x00003644       0x38 zephyr/lib/libc/picolibc/liblib__libc__picolibc.a(cbprintf.c.obj)
                0x00003644                cbvprintf
 .text.z_impl_zephyr_fputc
                0x0000367c       0x10 zephyr/lib/libc/picolibc/liblib__libc__picolibc.a(stdio.c.obj)
                0x0000367c                z_impl_zephyr_fputc
 .text.__stdout_hook_install
                0x0000368c       0x18 zephyr/lib/libc/picolibc/liblib__libc__picolibc.a(stdio.c.obj)
                0x0000368c                __stdout_hook_install
 .text.malloc_prepare
                0x000036a4       0x24 zephyr/lib/libc/common/liblib__libc__common.a(malloc.c.obj)
 .text.net_buf_destroy
                0x000036c8       0x38 zephyr/lib/net_buf/liblib__net_buf.a(buf.c.obj)
 .text.net_buf_pool_get
                0x00003700       0x10 zephyr/lib/net_buf/liblib__net_buf.a(buf.c.obj)
                0x00003700                net_buf_pool_get
 .text.net_buf_alloc_len
                0x00003710       0xfc zephyr/lib/net_buf/liblib__net_buf.a(buf.c.obj)
                0x00003710                net_buf_alloc_len
 .text.net_buf_unref
                0x0000380c       0x50 zephyr/lib/net_buf/liblib__net_buf.a(buf.c.obj)
                0x0000380c                net_buf_unref
 .text.nordicsemi_nrf52_init
                0x0000385c       0x38 zephyr/soc/soc/nrf52840/libsoc__nordic.a(soc.c.obj)
 .text.arch_busy_wait
                0x00003894       0x24 zephyr/soc/soc/nrf52840/libsoc__nordic.a(soc.c.obj)
                0x00003894                arch_busy_wait
 .text.board_early_init_hook
                0x000038b8       0x78 zephyr/boards/nordic/nrf52840dongle/libboards__nordic__nrf52840dongle.a(board.c.obj)
                0x000038b8                board_early_init_hook
 .text.nonstd_request
                0x00003930       0xac zephyr/subsys/usb/device_next/libsubsys__usb__device_next.a(usbd_ch9.c.obj)
 .text.usbd_handle_ctrl_xfer
                0x000039dc      0x968 zephyr/subsys/usb/device_next/libsubsys__usb__device_next.a(usbd_ch9.c.obj)
                0x000039dc                usbd_handle_ctrl_xfer
 .text.usbd_event_carrier
                0x00004344       0x48 zephyr/subsys/usb/device_next/libsubsys__usb__device_next.a(usbd_core.c.obj)
 .text.usbd_thread
                0x0000438c      0x188 zephyr/subsys/usb/device_next/libsubsys__usb__device_next.a(usbd_core.c.obj)
 .text.usbd_pre_init
                0x00004514       0xa4 zephyr/subsys/usb/device_next/libsubsys__usb__device_next.a(usbd_core.c.obj)
 .text.usbd_device_init_core
                0x000045b8       0x30 zephyr/subsys/usb/device_next/libsubsys__usb__device_next.a(usbd_core.c.obj)
                0x000045b8                usbd_device_init_core
 .text.usbd_class_node_get.part.0
                0x000045e8       0x2c zephyr/subsys/usb/device_next/libsubsys__usb__device_next.a(usbd_class.c.obj)
 .text.msg_work_handler
                0x00004614       0x88 zephyr/subsys/usb/device_next/libsubsys__usb__device_next.a(usbd_msg.c.obj)
 .text.usbd_msg_pub
                0x0000469c       0x6c zephyr/subsys/usb/device_next/libsubsys__usb__device_next.a(usbd_msg.c.obj)
 .text.usbd_cdc_acm_ctd
                0x00004708       0x6c zephyr/subsys/usb/device_next/libsubsys__usb__device_next.a(usbd_cdc_acm.c.obj)
 .text.usbd_cdc_acm_cth
                0x00004774       0x44 zephyr/subsys/usb/device_next/libsubsys__usb__device_next.a(usbd_cdc_acm.c.obj)
 .text.cdc_acm_poll_out
                0x000047b8       0x78 zephyr/subsys/usb/device_next/libsubsys__usb__device_next.a(usbd_cdc_acm.c.obj)
 .text.usbd_cdc_acm_preinit
                0x00004830       0x4c zephyr/subsys/usb/device_next/libsubsys__usb__device_next.a(usbd_cdc_acm.c.obj)
 .text.udc_set_suspended
                0x0000487c       0x98 zephyr/drivers/usb/udc/libdrivers__usb__udc.a(udc_common.c.obj)
                0x0000487c                udc_set_suspended
 .text.udc_ep_enable_internal
                0x00004914       0x88 zephyr/drivers/usb/udc/libdrivers__usb__udc.a(udc_common.c.obj)
                0x00004914                udc_ep_enable_internal
 .text.udc_ep_disable_internal
                0x0000499c       0x54 zephyr/drivers/usb/udc/libdrivers__usb__udc.a(udc_common.c.obj)
                0x0000499c                udc_ep_disable_internal
 .text.udc_ep_dequeue
                0x000049f0       0x60 zephyr/drivers/usb/udc/libdrivers__usb__udc.a(udc_common.c.obj)
                0x000049f0                udc_ep_dequeue
 .text.udc_ep_buf_alloc
                0x00004a50       0x54 zephyr/drivers/usb/udc/libdrivers__usb__udc.a(udc_common.c.obj)
                0x00004a50                udc_ep_buf_alloc
 .text.usbd_ep_amount_get
                0x00004aa4       0x38 zephyr/drivers/usb/udc/libdrivers__usb__udc.a(udc_nrf.c.obj)
 .text.usbd_ep_abort
                0x00004adc       0x98 zephyr/drivers/usb/udc/libdrivers__usb__udc.a(udc_nrf.c.obj)
 .text.usbd_errata_187_211_begin
                0x00004b74       0x3c zephyr/drivers/usb/udc/libdrivers__usb__udc.a(udc_nrf.c.obj)
 .text.usbd_errata_187_211_end
                0x00004bb0       0x3c zephyr/drivers/usb/udc/libdrivers__usb__udc.a(udc_nrf.c.obj)
 .text.nrf_usbd_start_transfer
                0x00004bec       0x70 zephyr/drivers/usb/udc/libdrivers__usb__udc.a(udc_nrf.c.obj)
 .text.nrf_usbd_legacy_ep_stall_clear
                0x00004c5c       0x60 zephyr/drivers/usb/udc/libdrivers__usb__udc.a(udc_nrf.c.obj)
 .text.udc_nrf_ep_enable
                0x00004cbc       0x60 zephyr/drivers/usb/udc/libdrivers__usb__udc.a(udc_nrf.c.obj)
 .text.udc_nrf_ep_set_halt
                0x00004d1c       0x20 zephyr/drivers/usb/udc/libdrivers__usb__udc.a(udc_nrf.c.obj)
 .text.udc_event_xfer_in_next
                0x00004d3c       0x6c zephyr/drivers/usb/udc/libdrivers__usb__udc.a(udc_nrf.c.obj)
 .text.udc_event_xfer_out_next
                0x00004da8       0x4c zephyr/drivers/usb/udc/libdrivers__usb__udc.a(udc_nrf.c.obj)
 .text.udc_nrf_shutdown
                0x00004df4       0x20 zephyr/drivers/usb/udc/libdrivers__usb__udc.a(udc_nrf.c.obj)
 .text.udc_nrf_init
                0x00004e14       0x60 zephyr/drivers/usb/udc/libdrivers__usb__udc.a(udc_nrf.c.obj)
 .text.udc_nrf_power_handler
                0x00004e74       0x7c zephyr/drivers/usb/udc/libdrivers__usb__udc.a(udc_nrf.c.obj)
 .text.k_event_post.constprop.0.isra.0
                0x00004ef0        0xc zephyr/drivers/usb/udc/libdrivers__usb__udc.a(udc_nrf.c.obj)
 .text.udc_nrf_set_address
                0x00004efc       0x20 zephyr/drivers/usb/udc/libdrivers__usb__udc.a(udc_nrf.c.obj)
 .text.udc_nrf_ep_dequeue
                0x00004f1c       0x44 zephyr/drivers/usb/udc/libdrivers__usb__udc.a(udc_nrf.c.obj)
 .text.udc_nrf_driver_init
                0x00004f60      0x180 zephyr/drivers/usb/udc/libdrivers__usb__udc.a(udc_nrf.c.obj)
 .text.udc_nrf_ep_enqueue
                0x000050e0       0x28 zephyr/drivers/usb/udc/libdrivers__usb__udc.a(udc_nrf.c.obj)
 .text.udc_nrf_ep_clear_halt
                0x00005108       0x20 zephyr/drivers/usb/udc/libdrivers__usb__udc.a(udc_nrf.c.obj)
 .text.udc_nrf_ep_disable
                0x00005128       0x60 zephyr/drivers/usb/udc/libdrivers__usb__udc.a(udc_nrf.c.obj)
 .text.udc_nrf_thread
                0x00005188      0x3a4 zephyr/drivers/usb/udc/libdrivers__usb__udc.a(udc_nrf.c.obj)
 .text.usbd_dma_pending_clear
                0x0000552c       0x1c zephyr/drivers/usb/udc/libdrivers__usb__udc.a(udc_nrf.c.obj)
 .text.udc_nrf_disable
                0x00005548      0x140 zephyr/drivers/usb/udc/libdrivers__usb__udc.a(udc_nrf.c.obj)
 .text.nrf_usbd_irq_handler
                0x00005688      0x4a0 zephyr/drivers/usb/udc/libdrivers__usb__udc.a(udc_nrf.c.obj)
 .text.udc_nrf_host_wakeup
                0x00005b28       0x78 zephyr/drivers/usb/udc/libdrivers__usb__udc.a(udc_nrf.c.obj)
 .text.udc_nrf_enable
                0x00005ba0      0x1c8 zephyr/drivers/usb/udc/libdrivers__usb__udc.a(udc_nrf.c.obj)
 .text.onoff_stop
                0x00005d68       0x30 zephyr/drivers/clock_control/libdrivers__clock_control.a(clock_control_nrf.c.obj)
 .text.onoff_start
                0x00005d98       0x44 zephyr/drivers/clock_control/libdrivers__clock_control.a(clock_control_nrf.c.obj)
 .text.clk_init
                0x00005ddc       0x58 zephyr/drivers/clock_control/libdrivers__clock_control.a(clock_control_nrf.c.obj)
 .text.api_blocking_start
                0x00005e34       0x30 zephyr/drivers/clock_control/libdrivers__clock_control.a(clock_control_nrf.c.obj)
 .text.generic_hfclk_stop
                0x00005e64       0x34 zephyr/drivers/clock_control/libdrivers__clock_control.a(clock_control_nrf.c.obj)
 .text.clkstarted_handle.constprop.0
                0x00005e98       0x4c zephyr/drivers/clock_control/libdrivers__clock_control.a(clock_control_nrf.c.obj)
 .text.generic_hfclk_start
                0x00005ee4       0x78 zephyr/drivers/clock_control/libdrivers__clock_control.a(clock_control_nrf.c.obj)
 .text.clock_event_handler
                0x00005f5c       0x1c zephyr/drivers/clock_control/libdrivers__clock_control.a(clock_control_nrf.c.obj)
 .text.z_nrf_clock_control_get_onoff
                0x00005f78       0x10 zephyr/drivers/clock_control/libdrivers__clock_control.a(clock_control_nrf.c.obj)
                0x00005f78                z_nrf_clock_control_get_onoff
 .text.z_nrf_clock_control_lf_on
                0x00005f88       0xbc zephyr/drivers/clock_control/libdrivers__clock_control.a(clock_control_nrf.c.obj)
                0x00005f88                z_nrf_clock_control_lf_on
 .text.uart_console_init
                0x00006044       0x28 zephyr/drivers/console/libdrivers__console.a(uart_console.c.obj)
 .text.console_out
                0x0000606c       0x28 zephyr/drivers/console/libdrivers__console.a(uart_console.c.obj)
 .text.gpio_nrfx_pin_configure
                0x00006094      0x184 zephyr/drivers/gpio/libdrivers__gpio.a(gpio_nrfx.c.obj)
 .text.nrfx_gpio_handler
                0x00006218       0x4c zephyr/drivers/gpio/libdrivers__gpio.a(gpio_nrfx.c.obj)
 .text.gpio_nrfx_init
                0x00006264       0x3c zephyr/drivers/gpio/libdrivers__gpio.a(gpio_nrfx.c.obj)
 .text.gpio_nrfx_pin_interrupt_configure
                0x000062a0      0x104 zephyr/drivers/gpio/libdrivers__gpio.a(gpio_nrfx.c.obj)
 .text.get_next_rx_buffer
                0x000063a4       0x2c zephyr/drivers/i2s/libdrivers__i2s.a(i2s_nrfx.c.obj)
 .text.start_transfer
                0x000063d0       0xbc zephyr/drivers/i2s/libdrivers__i2s.a(i2s_nrfx.c.obj)
 .text.i2s_nrfx_init0
                0x0000648c       0x68 zephyr/drivers/i2s/libdrivers__i2s.a(i2s_nrfx.c.obj)
 .text.i2s_nrfx_write
                0x000064f4       0xdc zephyr/drivers/i2s/libdrivers__i2s.a(i2s_nrfx.c.obj)
 .text.data_handler0
                0x000065d0      0x168 zephyr/drivers/i2s/libdrivers__i2s.a(i2s_nrfx.c.obj)
 .text.i2s_nrfx_configure
                0x00006738      0x230 zephyr/drivers/i2s/libdrivers__i2s.a(i2s_nrfx.c.obj)
 .text.i2s_nrfx_trigger
                0x00006968      0x1f8 zephyr/drivers/i2s/libdrivers__i2s.a(i2s_nrfx.c.obj)
 .text.i2s_nrfx_read
                0x00006b60       0x84 zephyr/drivers/i2s/libdrivers__i2s.a(i2s_nrfx.c.obj)
 .text.nrf_gpio_pin_port_decode
                0x00006be4       0x20 zephyr/drivers/pinctrl/libdrivers__pinctrl.a(pinctrl_nrf.c.obj)
 .text.pinctrl_configure_pins
                0x00006c04      0x150 zephyr/drivers/pinctrl/libdrivers__pinctrl.a(pinctrl_nrf.c.obj)
                0x00006c04                pinctrl_configure_pins
 .text.compare_int_lock
                0x00006d54       0x4c zephyr/drivers/timer/libdrivers__timer.a(nrf_rtc_timer.c.obj)
 .text.sys_clock_timeout_handler
                0x00006da0       0x58 zephyr/drivers/timer/libdrivers__timer.a(nrf_rtc_timer.c.obj)
 .text.compare_int_unlock
                0x00006df8       0x5c zephyr/drivers/timer/libdrivers__timer.a(nrf_rtc_timer.c.obj)
 .text.z_nrf_rtc_timer_read
                0x00006e54       0x44 zephyr/drivers/timer/libdrivers__timer.a(nrf_rtc_timer.c.obj)
                0x00006e54                z_nrf_rtc_timer_read
 .text.compare_set
                0x00006e98      0x130 zephyr/drivers/timer/libdrivers__timer.a(nrf_rtc_timer.c.obj)
 .text.sys_clock_driver_init
                0x00006fc8       0x90 zephyr/drivers/timer/libdrivers__timer.a(nrf_rtc_timer.c.obj)
 .text.rtc_nrf_isr
                0x00007058       0xd0 zephyr/drivers/timer/libdrivers__timer.a(nrf_rtc_timer.c.obj)
                0x00007058                rtc_nrf_isr
 .text.sys_clock_set_timeout
                0x00007128       0x5c zephyr/drivers/timer/libdrivers__timer.a(nrf_rtc_timer.c.obj)
                0x00007128                sys_clock_set_timeout
 .text.sys_clock_elapsed
                0x00007184       0x14 zephyr/drivers/timer/libdrivers__timer.a(nrf_rtc_timer.c.obj)
                0x00007184                sys_clock_elapsed
 .text.__NVIC_SystemReset
                0x00007198       0x24 modules/hal_nordic/nrfx/libnrfx.a(system_nrf52840.c.obj)
 .text.nvmc_wait
                0x000071bc       0x10 modules/hal_nordic/nrfx/libnrfx.a(system_nrf52840.c.obj)
                0x000071bc                nvmc_wait
 .text.SystemInit
                0x000071cc      0x1b8 modules/hal_nordic/nrfx/libnrfx.a(system_nrf52840.c.obj)
                0x000071cc                SystemInit
 .text.hfclk_event_handler
                0x00007384        0xc modules/hal_nordic/nrfx/libnrfx.a(nrfx_clock.c.obj)
 .text.lfclk_event_handler
                0x00007390        0xc modules/hal_nordic/nrfx/libnrfx.a(nrfx_clock.c.obj)
 .text.nrfx_clock_init
                0x0000739c       0x40 modules/hal_nordic/nrfx/libnrfx.a(nrfx_clock.c.obj)
                0x0000739c                nrfx_clock_init
 .text.nrfx_clock_enable
                0x000073dc       0x24 modules/hal_nordic/nrfx/libnrfx.a(nrfx_clock.c.obj)
                0x000073dc                nrfx_clock_enable
 .text.clock_stop
                0x00007400       0x4c modules/hal_nordic/nrfx/libnrfx.a(nrfx_clock_hfclk.c.obj)
 .text.nrfx_clock_hfclk_init
                0x0000744c       0x28 modules/hal_nordic/nrfx/libnrfx.a(nrfx_clock_hfclk.c.obj)
                0x0000744c                nrfx_clock_hfclk_init
 .text.nrfx_clock_hfclk_start
                0x00007474       0x38 modules/hal_nordic/nrfx/libnrfx.a(nrfx_clock_hfclk.c.obj)
                0x00007474                nrfx_clock_hfclk_start
 .text.nrfx_clock_hfclk_irq_handler
                0x000074ac       0x40 modules/hal_nordic/nrfx/libnrfx.a(nrfx_clock_hfclk.c.obj)
                0x000074ac                nrfx_clock_hfclk_irq_handler
 .text.nrfx_clock_lfclk_init
                0x000074ec       0x24 modules/hal_nordic/nrfx/libnrfx.a(nrfx_clock_lfclk.c.obj)
                0x000074ec                nrfx_clock_lfclk_init
 .text.nrfx_clock_lfclk_start
                0x00007510       0x80 modules/hal_nordic/nrfx/libnrfx.a(nrfx_clock_lfclk.c.obj)
                0x00007510                nrfx_clock_lfclk_start
 .text.nrfx_clock_lfclk_irq_handler
                0x00007590       0x70 modules/hal_nordic/nrfx/libnrfx.a(nrfx_clock_lfclk.c.obj)
                0x00007590                nrfx_clock_lfclk_irq_handler
 .text.nrf_gpio_pin_port_decode
                0x00007600       0x20 modules/hal_nordic/nrfx/libnrfx.a(nrfx_gpiote.c.obj)
 .text.get_pin_idx
                0x00007620       0x14 modules/hal_nordic/nrfx/libnrfx.a(nrfx_gpiote.c.obj)
 .text.latch_pending_read_and_check
                0x00007634       0x60 modules/hal_nordic/nrfx/libnrfx.a(nrfx_gpiote.c.obj)
 .text.pin_uninit
                0x00007694       0x78 modules/hal_nordic/nrfx/libnrfx.a(nrfx_gpiote.c.obj)
 .text.nrfx_gpiote_channel_free
                0x0000770c        0xc modules/hal_nordic/nrfx/libnrfx.a(nrfx_gpiote.c.obj)
                0x0000770c                nrfx_gpiote_channel_free
 .text.nrfx_gpiote_channel_alloc
                0x00007718       0x18 modules/hal_nordic/nrfx/libnrfx.a(nrfx_gpiote.c.obj)
                0x00007718                nrfx_gpiote_channel_alloc
 .text.nrfx_gpiote_irq_handler
                0x00007730      0x1cc modules/hal_nordic/nrfx/libnrfx.a(nrfx_gpiote.c.obj)
                0x00007730                nrfx_gpiote_irq_handler
 .text.nrf_gpio_cfg.constprop.0
                0x000078fc       0x44 modules/hal_nordic/nrfx/libnrfx.a(nrfx_i2s.c.obj)
 .text.nrfx_i2s_prescalers_calc
                0x00007940       0xac modules/hal_nordic/nrfx/libnrfx.a(nrfx_i2s.c.obj)
                0x00007940                nrfx_i2s_prescalers_calc
 .text.nrfx_power_init
                0x000079ec       0x64 modules/hal_nordic/nrfx/libnrfx.a(nrfx_power.c.obj)
                0x000079ec                nrfx_power_init
 .text.nrfx_power_usbevt_uninit
                0x00007a50       0x18 modules/hal_nordic/nrfx/libnrfx.a(nrfx_power.c.obj)
                0x00007a50                nrfx_power_usbevt_uninit
 .text.nrfx_power_usbevt_init
                0x00007a68       0x14 modules/hal_nordic/nrfx/libnrfx.a(nrfx_power.c.obj)
                0x00007a68                nrfx_power_usbevt_init
 .text.nrfx_power_irq_handler
                0x00007a7c       0xa0 modules/hal_nordic/nrfx/libnrfx.a(nrfx_power.c.obj)
                0x00007a7c                nrfx_power_irq_handler
 .text.k_sys_fatal_error_handler
                0x00007b1c       0x20 zephyr/kernel/libkernel.a(fatal.c.obj)
                0x00007b1c                k_sys_fatal_error_handler
 .text.z_fatal_error
                0x00007b3c       0xec zephyr/kernel/libkernel.a(fatal.c.obj)
                0x00007b3c                z_fatal_error
 .text.z_sys_init_run_level
                0x00007c28       0x30 zephyr/kernel/libkernel.a(init.c.obj)
 .text.bg_thread_main
                0x00007c58       0xbc zephyr/kernel/libkernel.a(init.c.obj)
 .text.z_init_cpu
                0x00007d14       0x70 zephyr/kernel/libkernel.a(init.c.obj)
                0x00007d14                z_init_cpu
 .text.z_cstart
                0x00007d84       0xd4 zephyr/kernel/libkernel.a(init.c.obj)
                0x00007d84                z_cstart
 .text.statics_init
                0x00007e58       0x24 zephyr/kernel/libkernel.a(kheap.c.obj)
 .text.k_heap_aligned_alloc
                0x00007e7c       0x1c zephyr/kernel/libkernel.a(kheap.c.obj)
                0x00007e7c                k_heap_aligned_alloc
 .text.init_mem_slab_obj_core_list
                0x00007e98       0x28 zephyr/kernel/libkernel.a(mem_slab.c.obj)
 .text.k_mem_slab_alloc
                0x00007ec0       0x5c zephyr/kernel/libkernel.a(mem_slab.c.obj)
                0x00007ec0                k_mem_slab_alloc
 .text.put_msg_in_queue
                0x00007f1c       0xcc zephyr/kernel/libkernel.a(msg_q.c.obj)
 .text.z_impl_k_msgq_get
                0x00007fe8       0xc8 zephyr/kernel/libkernel.a(msg_q.c.obj)
                0x00007fe8                z_impl_k_msgq_get
 .text.z_impl_k_mutex_lock
                0x000080b0       0xe4 zephyr/kernel/libkernel.a(mutex.c.obj)
                0x000080b0                z_impl_k_mutex_lock
 .text.z_impl_k_mutex_unlock
                0x00008194       0xa0 zephyr/kernel/libkernel.a(mutex.c.obj)
                0x00008194                z_impl_k_mutex_unlock
 .text.z_impl_k_queue_get
                0x00008234       0x6c zephyr/kernel/libkernel.a(queue.c.obj)
                0x00008234                z_impl_k_queue_get
 .text.z_impl_k_sem_give
                0x000082a0       0x68 zephyr/kernel/libkernel.a(sem.c.obj)
                0x000082a0                z_impl_k_sem_give
 .text.z_impl_k_sem_take
                0x00008308       0x4c zephyr/kernel/libkernel.a(sem.c.obj)
                0x00008308                z_impl_k_sem_take
 .text.z_impl_k_sem_reset
                0x00008354       0x70 zephyr/kernel/libkernel.a(sem.c.obj)
                0x00008354                z_impl_k_sem_reset
 .text.work_queue_main
                0x000083c4      0x160 zephyr/kernel/libkernel.a(work.c.obj)
 .text.submit_to_queue_locked
                0x00008524       0xa4 zephyr/kernel/libkernel.a(work.c.obj)
 .text.k_work_submit
                0x000085c8        0xc zephyr/kernel/libkernel.a(work.c.obj)
                0x000085c8                k_work_submit
 .text.k_work_queue_start
                0x000085d4       0x80 zephyr/kernel/libkernel.a(work.c.obj)
                0x000085d4                k_work_queue_start
 .text.k_work_schedule_for_queue
                0x00008654       0x54 zephyr/kernel/libkernel.a(work.c.obj)
                0x00008654                k_work_schedule_for_queue
 .text.k_work_schedule
                0x000086a8        0xc zephyr/kernel/libkernel.a(work.c.obj)
                0x000086a8                k_work_schedule
 .text.k_work_reschedule_for_queue
                0x000086b4       0x5c zephyr/kernel/libkernel.a(work.c.obj)
                0x000086b4                k_work_reschedule_for_queue
 .text.k_work_reschedule
                0x00008710        0xc zephyr/kernel/libkernel.a(work.c.obj)
                0x00008710                k_work_reschedule
 .text.z_impl_k_condvar_broadcast
                0x0000871c       0x74 zephyr/kernel/libkernel.a(condvar.c.obj)
                0x0000871c                z_impl_k_condvar_broadcast
 .text.z_impl_k_condvar_wait
                0x00008790       0x58 zephyr/kernel/libkernel.a(condvar.c.obj)
                0x00008790                z_impl_k_condvar_wait
 .text.z_setup_new_thread
                0x000087e8       0xa0 zephyr/kernel/libkernel.a(thread.c.obj)
                0x000087e8                z_setup_new_thread
 .text.z_dummy_thread_init
                0x00008888       0x18 zephyr/kernel/libkernel.a(thread.c.obj)
                0x00008888                z_dummy_thread_init
 .text.z_impl_k_wakeup
                0x000088a0       0x48 zephyr/kernel/libkernel.a(thread.c.obj)
                0x000088a0                z_impl_k_wakeup
 .text.z_impl_k_thread_create
                0x000088e8       0x58 zephyr/kernel/libkernel.a(thread.c.obj)
                0x000088e8                z_impl_k_thread_create
 .text.z_swap_irqlock
                0x00008940       0x34 zephyr/kernel/libkernel.a(sched.c.obj)
 .text.unready_thread
                0x00008974       0x54 zephyr/kernel/libkernel.a(sched.c.obj)
 .text.ready_thread
                0x000089c8       0x80 zephyr/kernel/libkernel.a(sched.c.obj)
 .text.reschedule.isra.0
                0x00008a48       0x28 zephyr/kernel/libkernel.a(sched.c.obj)
 .text.move_current_to_end_of_prio_q
                0x00008a70       0x6c zephyr/kernel/libkernel.a(sched.c.obj)
                0x00008a70                move_current_to_end_of_prio_q
 .text.z_thread_halt
                0x00008adc      0x12c zephyr/kernel/libkernel.a(sched.c.obj)
                0x00008adc                z_thread_halt
 .text.z_sched_lock_reschedule
                0x00008c08       0x44 zephyr/kernel/libkernel.a(sched.c.obj)
                0x00008c08                z_sched_lock_reschedule
 .text.z_sched_yield
                0x00008c4c       0x84 zephyr/kernel/libkernel.a(sched.c.obj)
                0x00008c4c                z_sched_yield
 .text.z_pend_curr
                0x00008cd0       0x58 zephyr/kernel/libkernel.a(sched.c.obj)
                0x00008cd0                z_pend_curr
 .text.z_thread_prio_set
                0x00008d28       0xd8 zephyr/kernel/libkernel.a(sched.c.obj)
                0x00008d28                z_thread_prio_set
 .text.z_reschedule_irqlock
                0x00008e00       0x28 zephyr/kernel/libkernel.a(sched.c.obj)
                0x00008e00                z_reschedule_irqlock
 .text.z_tick_sleep
                0x00008e28       0x94 zephyr/kernel/libkernel.a(sleep.c.obj)
 .text.z_sched_init
                0x00008ebc       0x10 zephyr/kernel/libkernel.a(scheduler.c.obj)
                0x00008ebc                z_sched_init
 .text.k_sched_lock
                0x00008ecc       0x28 zephyr/kernel/libkernel.a(scheduler.c.obj)
                0x00008ecc                k_sched_lock
 .text.k_sched_unlock
                0x00008ef4       0x20 zephyr/kernel/libkernel.a(scheduler.c.obj)
                0x00008ef4                k_sched_unlock
 .text.z_impl_k_sched_current_thread_query
                0x00008f14        0xc zephyr/kernel/libkernel.a(scheduler.c.obj)
                0x00008f14                z_impl_k_sched_current_thread_query
 .text.z_sched_wait
                0x00008f20       0x24 zephyr/kernel/libkernel.a(scheduler.c.obj)
                0x00008f20                z_sched_wait
 .text.z_time_slice_size
                0x00008f44       0x40 zephyr/kernel/libkernel.a(timeslicing.c.obj)
 .text.slice_timeout
                0x00008f84       0x20 zephyr/kernel/libkernel.a(timeslicing.c.obj)
 .text.z_time_slice_reset
                0x00008fa4       0x44 zephyr/kernel/libkernel.a(timeslicing.c.obj)
                0x00008fa4                z_time_slice_reset
 .text.z_time_slice
                0x00008fe8       0x5c zephyr/kernel/libkernel.a(timeslicing.c.obj)
                0x00008fe8                z_time_slice
 .text.first    0x00009044       0x10 zephyr/kernel/libkernel.a(timeout.c.obj)
 .text.elapsed  0x00009054       0x10 zephyr/kernel/libkernel.a(timeout.c.obj)
 .text.z_add_timeout
                0x00009064      0x130 zephyr/kernel/libkernel.a(timeout.c.obj)
                0x00009064                z_add_timeout
 .text.z_abort_timeout
                0x00009194       0x90 zephyr/kernel/libkernel.a(timeout.c.obj)
                0x00009194                z_abort_timeout
 .text.sys_clock_announce_locked
                0x00009224       0xd0 zephyr/kernel/libkernel.a(timeout.c.obj)
                0x00009224                sys_clock_announce_locked
 .text.sys_clock_tick_get
                0x000092f4       0x30 zephyr/kernel/libkernel.a(timeout.c.obj)
                0x000092f4                sys_clock_tick_get
 .text.z_timer_expiration_handler
                0x00009324       0xf0 zephyr/kernel/libkernel.a(timer.c.obj)
                0x00009324                z_timer_expiration_handler
 .text.z_impl_k_timer_start
                0x00009414       0x50 zephyr/kernel/libkernel.a(timer.c.obj)
                0x00009414                z_impl_k_timer_start
 .text.z_impl_k_timer_stop
                0x00009464       0x60 zephyr/kernel/libkernel.a(timer.c.obj)
                0x00009464                z_impl_k_timer_stop
 .text.k_event_post_internal
                0x000094c4       0x4c zephyr/kernel/libkernel.a(events.c.obj)
 .text.z_thread_alloc_helper
                0x00009510       0x4c zephyr/kernel/libkernel.a(mempool.c.obj)
 .text.z_thread_malloc
                0x0000955c       0x10 zephyr/kernel/libkernel.a(mempool.c.obj)
                0x0000955c                z_thread_malloc
 .text.k_sys_work_q_init
                0x0000956c       0x2c zephyr/kernel/libkernel.a(system_work_q.c.obj)
 .text.snprintf
                0x00009598       0x54 /Users/mani/zephyr-sdk-1.0.1/gnu/arm-zephyr-eabi/bin/../lib/gcc/arm-zephyr-eabi/14.3.0/../../../../arm-zephyr-eabi/lib/thumb/v7e-m/nofp/space/libc.a(libc_tinystdio_snprintf.c.o)
                0x00009598                snprintf
 .text.__l_vfprintf
                0x000095ec      0x488 /Users/mani/zephyr-sdk-1.0.1/gnu/arm-zephyr-eabi/bin/../lib/gcc/arm-zephyr-eabi/14.3.0/../../../../arm-zephyr-eabi/lib/thumb/v7e-m/nofp/space/libc.a(libc_tinystdio_vflprintf.c.o)
                0x000095ec                __l_vfprintf
 .text._OffsetAbsSyms
                0x00009a74        0x2 zephyr/CMakeFiles/offsets.dir/./arch/arm/core/offsets/offsets.c.obj
                0x00009a74                _OffsetAbsSyms
 .text.chunk_size
                0x00009a76        0xa zephyr/libzephyr.a(heap.c.obj)
 .text.free_list_add
                0x00009a80       0x4e zephyr/libzephyr.a(heap.c.obj)
 .text.free_list_remove_bidx
                0x00009ace       0x3a zephyr/libzephyr.a(heap.c.obj)
 .text.free_list_remove
                0x00009b08       0x1a zephyr/libzephyr.a(heap.c.obj)
 .text.alloc_chunk
                0x00009b22       0x70 zephyr/libzephyr.a(heap.c.obj)
 .text.merge_chunks
                0x00009b92       0x2e zephyr/libzephyr.a(heap.c.obj)
 .text.split_chunks
                0x00009bc0       0x38 zephyr/libzephyr.a(heap.c.obj)
 .text.sys_heap_alloc
                0x00009bf8       0x5a zephyr/libzephyr.a(heap.c.obj)
                0x00009bf8                sys_heap_alloc
 .text.sys_heap_noalign_alloc
                0x00009c52        0x6 zephyr/libzephyr.a(heap.c.obj)
                0x00009c52                sys_heap_noalign_alloc
 .text.sys_heap_aligned_alloc
                0x00009c58       0xe2 zephyr/libzephyr.a(heap.c.obj)
                0x00009c58                sys_heap_aligned_alloc
 .text.sys_heap_init
                0x00009d3a       0x82 zephyr/libzephyr.a(heap.c.obj)
                0x00009d3a                sys_heap_init
 .text.cbpprintf_external
                0x00009dbc       0x62 zephyr/libzephyr.a(cbprintf_packaged.c.obj)
                0x00009dbc                cbpprintf_external
 .text.is_ptr   0x00009e1e       0x3a zephyr/libzephyr.a(cbprintf_packaged.c.obj)
                0x00009e1e                is_ptr
 .text.arch_printk_char_out
                0x00009e58        0x4 zephyr/libzephyr.a(printk.c.obj)
                0x00009e58                arch_printk_char_out
 .text.printk   0x00009e5c       0x1a zephyr/libzephyr.a(printk.c.obj)
                0x00009e5c                printk
 .text.free_space
                0x00009e76       0x26 zephyr/libzephyr.a(mpsc_pbuf.c.obj)
 .text.get_usage
                0x00009e9c       0x22 zephyr/libzephyr.a(mpsc_pbuf.c.obj)
 .text.idx_inc  0x00009ebe       0x1c zephyr/libzephyr.a(mpsc_pbuf.c.obj)
 .text.rd_idx_inc
                0x00009eda       0x18 zephyr/libzephyr.a(mpsc_pbuf.c.obj)
 .text.add_skip_item
                0x00009ef2       0x3a zephyr/libzephyr.a(mpsc_pbuf.c.obj)
 .text.drop_item_locked
                0x00009f2c       0xfa zephyr/libzephyr.a(mpsc_pbuf.c.obj)
 .text.post_drop_action
                0x0000a026       0x36 zephyr/libzephyr.a(mpsc_pbuf.c.obj)
 .text.max_utilization_update
                0x0000a05c       0x1a zephyr/libzephyr.a(mpsc_pbuf.c.obj)
 .text.mpsc_pbuf_init
                0x0000a076       0x42 zephyr/libzephyr.a(mpsc_pbuf.c.obj)
                0x0000a076                mpsc_pbuf_init
 .text.mpsc_pbuf_alloc
                0x0000a0b8       0xfa zephyr/libzephyr.a(mpsc_pbuf.c.obj)
                0x0000a0b8                mpsc_pbuf_alloc
 .text.mpsc_pbuf_commit
                0x0000a1b2       0x3e zephyr/libzephyr.a(mpsc_pbuf.c.obj)
                0x0000a1b2                mpsc_pbuf_commit
 .text.mpsc_pbuf_claim
                0x0000a1f0       0xb6 zephyr/libzephyr.a(mpsc_pbuf.c.obj)
                0x0000a1f0                mpsc_pbuf_claim
 .text.mpsc_pbuf_free
                0x0000a2a6       0x76 zephyr/libzephyr.a(mpsc_pbuf.c.obj)
                0x0000a2a6                mpsc_pbuf_free
 .text.mpsc_pbuf_is_pending
                0x0000a31c       0x30 zephyr/libzephyr.a(mpsc_pbuf.c.obj)
                0x0000a31c                mpsc_pbuf_is_pending
 .text.sys_slist_find_and_remove
                0x0000a34c       0x36 zephyr/libzephyr.a(onoff.c.obj)
 .text.process_recheck
                0x0000a382       0x38 zephyr/libzephyr.a(onoff.c.obj)
 .text.validate_args
                0x0000a3ba       0x20 zephyr/libzephyr.a(onoff.c.obj)
 .text.notify_one
                0x0000a3da       0x2c zephyr/libzephyr.a(onoff.c.obj)
 .text.transition_complete
                0x0000a406       0x1a zephyr/libzephyr.a(onoff.c.obj)
 .text.onoff_manager_init
                0x0000a420       0x26 zephyr/libzephyr.a(onoff.c.obj)
                0x0000a420                onoff_manager_init
 .text.onoff_request
                0x0000a446       0x96 zephyr/libzephyr.a(onoff.c.obj)
                0x0000a446                onoff_request
 .text.onoff_release
                0x0000a4dc       0x48 zephyr/libzephyr.a(onoff.c.obj)
                0x0000a4dc                onoff_release
 .text.onoff_cancel
                0x0000a524       0x36 zephyr/libzephyr.a(onoff.c.obj)
                0x0000a524                onoff_cancel
 .text.sys_notify_validate
                0x0000a55a       0x22 zephyr/libzephyr.a(notify.c.obj)
                0x0000a55a                sys_notify_validate
 .text.sys_notify_finalize
                0x0000a57c       0x1a zephyr/libzephyr.a(notify.c.obj)
                0x0000a57c                sys_notify_finalize
 .text.ring_buf_area_claim
                0x0000a596       0x30 zephyr/libzephyr.a(ring_buffer.c.obj)
                0x0000a596                ring_buf_area_claim
 .text.ring_buf_put_claim
                0x0000a5c6       0x1e zephyr/libzephyr.a(ring_buffer.c.obj)
 .text.ring_buf_get_claim
                0x0000a5e4       0x1e zephyr/libzephyr.a(ring_buffer.c.obj)
 .text.ring_buf_area_finish
                0x0000a602       0x32 zephyr/libzephyr.a(ring_buffer.c.obj)
                0x0000a602                ring_buf_area_finish
 .text.ring_buf_put
                0x0000a634       0x40 zephyr/libzephyr.a(ring_buffer.c.obj)
                0x0000a634                ring_buf_put
 .text.ring_buf_get
                0x0000a674       0x44 zephyr/libzephyr.a(ring_buffer.c.obj)
                0x0000a674                ring_buf_get
 .text._ConfigAbsSyms
                0x0000a6b8        0x2 zephyr/libzephyr.a(configs.c.obj)
                0x0000a6b8                _ConfigAbsSyms
 .text.log_msg_generic_get_wlen
                0x0000a6ba       0x20 zephyr/libzephyr.a(log_core.c.obj)
 .text.dummy_timestamp
                0x0000a6da        0x4 zephyr/libzephyr.a(log_core.c.obj)
 .text.default_get_timestamp
                0x0000a6de        0x4 zephyr/libzephyr.a(log_core.c.obj)
 .text.atomic_inc
                0x0000a6e2       0x1a zephyr/libzephyr.a(log_core.c.obj)
 .text.z_log_vprintk
                0x0000a6fc       0x1c zephyr/libzephyr.a(log_core.c.obj)
                0x0000a6fc                z_log_vprintk
 .text.z_log_notify_drop
                0x0000a718        0x6 zephyr/libzephyr.a(log_core.c.obj)
 .text.z_log_get_tag
                0x0000a71e        0x4 zephyr/libzephyr.a(log_core.c.obj)
                0x0000a71e                z_log_get_tag
 .text.log_backend_enable
                0x0000a722       0x12 zephyr/libzephyr.a(log_mgmt.c.obj)
                0x0000a722                log_backend_enable
 .text.z_cbprintf_cpy
                0x0000a734       0x2e zephyr/libzephyr.a(log_msg.c.obj)
 .text.z_log_msg_finalize
                0x0000a762       0x32 zephyr/libzephyr.a(log_msg.c.obj)
                0x0000a762                z_log_msg_finalize
 .text.z_log_msg_simple_create
                0x0000a794       0x6e zephyr/libzephyr.a(log_msg.c.obj)
 .text.z_impl_z_log_msg_simple_create_0
                0x0000a802       0x12 zephyr/libzephyr.a(log_msg.c.obj)
                0x0000a802                z_impl_z_log_msg_simple_create_0
 .text.z_impl_z_log_msg_simple_create_1
                0x0000a814       0x14 zephyr/libzephyr.a(log_msg.c.obj)
                0x0000a814                z_impl_z_log_msg_simple_create_1
 .text.z_impl_z_log_msg_simple_create_2
                0x0000a828       0x18 zephyr/libzephyr.a(log_msg.c.obj)
                0x0000a828                z_impl_z_log_msg_simple_create_2
 .text.log_output_write
                0x0000a840       0x1c zephyr/libzephyr.a(log_output.c.obj)
 .text.log_output_flush
                0x0000a85c       0x1a zephyr/libzephyr.a(log_output.c.obj)
 .text.out_func
                0x0000a876       0x36 zephyr/libzephyr.a(log_output.c.obj)
 .text.cr_out_func
                0x0000a8ac       0x1c zephyr/libzephyr.a(log_output.c.obj)
 .text.log_output_msg_process
                0x0000a8c8       0x6c zephyr/libzephyr.a(log_output.c.obj)
                0x0000a8c8                log_output_msg_process
 .text.format_set
                0x0000a934        0xc zephyr/libzephyr.a(log_backend_uart.c.obj)
 .text.log_backend_uart_init
                0x0000a940        0xc zephyr/libzephyr.a(log_backend_uart.c.obj)
 .text.panic    0x0000a94c       0x32 zephyr/libzephyr.a(log_backend_uart.c.obj)
 .text.dropped  0x0000a97e        0xa zephyr/libzephyr.a(log_backend_uart.c.obj)
 .text.process  0x0000a988       0x1e zephyr/libzephyr.a(log_backend_uart.c.obj)
 .text.arch_early_memset
                0x0000a9a6        0x4 zephyr/arch/common/libarch__common.a(init.c.obj)
                0x0000a9a6                arch_early_memset
 .text.arch_early_memcpy
                0x0000a9aa        0x4 zephyr/arch/common/libarch__common.a(init.c.obj)
                0x0000a9aa                arch_early_memcpy
 .text.z_do_kernel_oops
                0x0000a9ae        0x8 zephyr/arch/arch/arm/core/libarch__arm__core.a(fatal.c.obj)
                0x0000a9ae                z_do_kernel_oops
 .text.z_arm_nmi
                0x0000a9b6        0xe zephyr/arch/arch/arm/core/libarch__arm__core.a(nmi.c.obj)
                0x0000a9b6                z_arm_nmi
 .text.z_log_msg_simple_create_0.constprop.0
                0x0000a9c4        0x8 zephyr/arch/arch/arm/core/cortex_m/libarch__arm__core__cortex_m.a(fault.c.obj)
 .text.z_irq_spurious
                0x0000a9cc        0x8 zephyr/arch/arch/arm/core/cortex_m/libarch__arm__core__cortex_m.a(irq_manage.c.obj)
                0x0000a9cc                z_irq_spurious
 .text.arch_coprocessors_disable
                0x0000a9d4        0x6 zephyr/arch/arch/arm/core/cortex_m/libarch__arm__core__cortex_m.a(thread.c.obj)
                0x0000a9d4                arch_coprocessors_disable
 .text.arch_irq_unlock_outlined
                0x0000a9da        0xe zephyr/arch/arch/arm/core/cortex_m/libarch__arm__core__cortex_m.a(thread.c.obj)
                0x0000a9da                arch_irq_unlock_outlined
 .text.arch_cpu_idle
                0x0000a9e8       0x1a zephyr/arch/arch/arm/core/cortex_m/libarch__arm__core__cortex_m.a(cpu_idle.c.obj)
                0x0000a9e8                arch_cpu_idle
 .text.size_to_mpu_rasr_size
                0x0000aa02       0x20 zephyr/arch/arch/arm/core/mpu/libarch__arm__core__mpu.a(arm_mpu.c.obj)
 .text.cbputc   0x0000aa22        0xc zephyr/lib/libc/picolibc/liblib__libc__picolibc.a(cbprintf.c.obj)
 .text.picolibc_put
                0x0000aa2e        0xa zephyr/lib/libc/picolibc/liblib__libc__picolibc.a(stdio.c.obj)
 .text.atomic_inc.isra.0
                0x0000aa38       0x18 zephyr/lib/net_buf/liblib__net_buf.a(buf.c.obj)
 .text.net_buf_reset
                0x0000aa50        0xa zephyr/lib/net_buf/liblib__net_buf.a(buf.c.obj)
                0x0000aa50                net_buf_reset
 .text.net_buf_ref
                0x0000aa5a        0xe zephyr/lib/net_buf/liblib__net_buf.a(buf.c.obj)
                0x0000aa5a                net_buf_ref
 .text.net_buf_frag_del
                0x0000aa68       0x18 zephyr/lib/net_buf/liblib__net_buf.a(buf.c.obj)
                0x0000aa68                net_buf_frag_del
 .text.net_buf_simple_add
                0x0000aa80        0xc zephyr/lib/net_buf/liblib__net_buf.a(buf_simple.c.obj)
                0x0000aa80                net_buf_simple_add
 .text.net_buf_simple_add_mem
                0x0000aa8c       0x12 zephyr/lib/net_buf/liblib__net_buf.a(buf_simple.c.obj)
                0x0000aa8c                net_buf_simple_add_mem
 .text.net_buf_simple_add_u8
                0x0000aa9e       0x10 zephyr/lib/net_buf/liblib__net_buf.a(buf_simple.c.obj)
                0x0000aa9e                net_buf_simple_add_u8
 .text.net_buf_simple_add_le16
                0x0000aaae       0x14 zephyr/lib/net_buf/liblib__net_buf.a(buf_simple.c.obj)
                0x0000aaae                net_buf_simple_add_le16
 .text.net_buf_simple_remove_mem
                0x0000aac2        0xe zephyr/lib/net_buf/liblib__net_buf.a(buf_simple.c.obj)
                0x0000aac2                net_buf_simple_remove_mem
 .text.net_buf_simple_pull
                0x0000aad0       0x10 zephyr/lib/net_buf/liblib__net_buf.a(buf_simple.c.obj)
                0x0000aad0                net_buf_simple_pull
 .text.usbd_device_lock
                0x0000aae0        0xe zephyr/subsys/usb/device_next/libsubsys__usb__device_next.a(usbd_device.c.obj)
 .text.k_mutex_unlock.isra.0
                0x0000aaee        0x4 zephyr/subsys/usb/device_next/libsubsys__usb__device_next.a(usbd_device.c.obj)
 .text.usbd_bus_speed
                0x0000aaf2        0xa zephyr/subsys/usb/device_next/libsubsys__usb__device_next.a(usbd_device.c.obj)
                0x0000aaf2                usbd_bus_speed
 .text.usbd_device_set_code_triple
                0x0000aafc       0x48 zephyr/subsys/usb/device_next/libsubsys__usb__device_next.a(usbd_device.c.obj)
                0x0000aafc                usbd_device_set_code_triple
 .text.usbd_is_suspended
                0x0000ab44        0xa zephyr/subsys/usb/device_next/libsubsys__usb__device_next.a(usbd_device.c.obj)
                0x0000ab44                usbd_is_suspended
 .text.usbd_init
                0x0000ab4e       0x60 zephyr/subsys/usb/device_next/libsubsys__usb__device_next.a(usbd_device.c.obj)
                0x0000ab4e                usbd_init
 .text.usbd_enable
                0x0000abae       0x86 zephyr/subsys/usb/device_next/libsubsys__usb__device_next.a(usbd_device.c.obj)
                0x0000abae                usbd_enable
 .text.usbd_device_get_vreq
                0x0000ac34       0x2a zephyr/subsys/usb/device_next/libsubsys__usb__device_next.a(usbd_device.c.obj)
                0x0000ac34                usbd_device_get_vreq
 .text.usbd_device_register_vreq
                0x0000ac5e       0x56 zephyr/subsys/usb/device_next/libsubsys__usb__device_next.a(usbd_device.c.obj)
                0x0000ac5e                usbd_device_register_vreq
 .text.usbd_get_descriptor
                0x0000acb4       0x34 zephyr/subsys/usb/device_next/libsubsys__usb__device_next.a(usbd_desc.c.obj)
                0x0000acb4                usbd_get_descriptor
 .text.usbd_add_descriptor
                0x0000ace8      0x106 zephyr/subsys/usb/device_next/libsubsys__usb__device_next.a(usbd_desc.c.obj)
                0x0000ace8                usbd_add_descriptor
 .text.usbd_str_desc_get_idx
                0x0000adee        0xa zephyr/subsys/usb/device_next/libsubsys__usb__device_next.a(usbd_desc.c.obj)
                0x0000adee                usbd_str_desc_get_idx
 .text.net_buf_simple_tailroom
                0x0000adf8       0x10 zephyr/subsys/usb/device_next/libsubsys__usb__device_next.a(usbd_ch9.c.obj)
 .text.reqtype_is_to_host
                0x0000ae08        0xc zephyr/subsys/usb/device_next/libsubsys__usb__device_next.a(usbd_ch9.c.obj)
 .text.sreq_feature_halt_notify
                0x0000ae14       0x20 zephyr/subsys/usb/device_next/libsubsys__usb__device_next.a(usbd_ch9.c.obj)
 .text.usbd_enqueue_status_in
                0x0000ae34       0x2c zephyr/subsys/usb/device_next/libsubsys__usb__device_next.a(usbd_ch9.c.obj)
 .text.usbd_enqueue_setup
                0x0000ae60       0x26 zephyr/subsys/usb/device_next/libsubsys__usb__device_next.a(usbd_ch9.c.obj)
 .text.udc_test_mode
                0x0000ae86       0x46 zephyr/subsys/usb/device_next/libsubsys__usb__device_next.a(usbd_ch9.c.obj)
 .text.udc_set_address
                0x0000aecc       0x38 zephyr/subsys/usb/device_next/libsubsys__usb__device_next.a(usbd_ch9.c.obj)
 .text.usbd_init_control_pipe
                0x0000af04       0x18 zephyr/subsys/usb/device_next/libsubsys__usb__device_next.a(usbd_ch9.c.obj)
                0x0000af04                usbd_init_control_pipe
 .text.usbd_class_bcast_event
                0x0000af1c       0x48 zephyr/subsys/usb/device_next/libsubsys__usb__device_next.a(usbd_core.c.obj)
 .text.unassign_eps.isra.0
                0x0000af64       0x66 zephyr/subsys/usb/device_next/libsubsys__usb__device_next.a(usbd_init.c.obj)
 .text.usbd_init_configurations
                0x0000afca      0x1e8 zephyr/subsys/usb/device_next/libsubsys__usb__device_next.a(usbd_init.c.obj)
                0x0000afca                usbd_init_configurations
 .text.usbd_device_lock
                0x0000b1b2        0xe zephyr/subsys/usb/device_next/libsubsys__usb__device_next.a(usbd_config.c.obj)
 .text.k_mutex_unlock.isra.0
                0x0000b1c0        0x4 zephyr/subsys/usb/device_next/libsubsys__usb__device_next.a(usbd_config.c.obj)
 .text.usbd_config_get
                0x0000b1c4       0x28 zephyr/subsys/usb/device_next/libsubsys__usb__device_next.a(usbd_config.c.obj)
                0x0000b1c4                usbd_config_get
 .text.usbd_config_get_current
                0x0000b1ec       0x24 zephyr/subsys/usb/device_next/libsubsys__usb__device_next.a(usbd_config.c.obj)
                0x0000b1ec                usbd_config_get_current
 .text.usbd_config_exist
                0x0000b210        0xe zephyr/subsys/usb/device_next/libsubsys__usb__device_next.a(usbd_config.c.obj)
                0x0000b210                usbd_config_exist
 .text.usbd_config_set
                0x0000b21e       0x98 zephyr/subsys/usb/device_next/libsubsys__usb__device_next.a(usbd_config.c.obj)
                0x0000b21e                usbd_config_set
 .text.usbd_add_configuration
                0x0000b2b6       0xc0 zephyr/subsys/usb/device_next/libsubsys__usb__device_next.a(usbd_config.c.obj)
                0x0000b2b6                usbd_add_configuration
 .text.usbd_device_lock
                0x0000b376        0xe zephyr/subsys/usb/device_next/libsubsys__usb__device_next.a(usbd_class.c.obj)
 .text.usbd_class_desc_len
                0x0000b384       0x20 zephyr/subsys/usb/device_next/libsubsys__usb__device_next.a(usbd_class.c.obj)
                0x0000b384                usbd_class_desc_len
 .text.usbd_class_get_by_config
                0x0000b3a4       0x20 zephyr/subsys/usb/device_next/libsubsys__usb__device_next.a(usbd_class.c.obj)
                0x0000b3a4                usbd_class_get_by_config
 .text.usbd_class_get_by_iface
                0x0000b3c4       0x20 zephyr/subsys/usb/device_next/libsubsys__usb__device_next.a(usbd_class.c.obj)
                0x0000b3c4                usbd_class_get_by_iface
 .text.usbd_class_handle_xfer
                0x0000b3e4       0x12 zephyr/subsys/usb/device_next/libsubsys__usb__device_next.a(usbd_class.c.obj)
                0x0000b3e4                usbd_class_handle_xfer
 .text.usbd_class_get_by_ep
                0x0000b3f6       0x46 zephyr/subsys/usb/device_next/libsubsys__usb__device_next.a(usbd_class.c.obj)
                0x0000b3f6                usbd_class_get_by_ep
 .text.usbd_class_get_by_req
                0x0000b43c       0x2e zephyr/subsys/usb/device_next/libsubsys__usb__device_next.a(usbd_class.c.obj)
                0x0000b43c                usbd_class_get_by_req
 .text.usbd_register_class
                0x0000b46a       0x9a zephyr/subsys/usb/device_next/libsubsys__usb__device_next.a(usbd_class.c.obj)
                0x0000b46a                usbd_register_class
 .text.usbd_interface_modify
                0x0000b504       0x96 zephyr/subsys/usb/device_next/libsubsys__usb__device_next.a(usbd_interface.c.obj)
 .text.usbd_interface_shutdown
                0x0000b59a       0x54 zephyr/subsys/usb/device_next/libsubsys__usb__device_next.a(usbd_interface.c.obj)
                0x0000b59a                usbd_interface_shutdown
 .text.usbd_interface_default
                0x0000b5ee       0x50 zephyr/subsys/usb/device_next/libsubsys__usb__device_next.a(usbd_interface.c.obj)
                0x0000b5ee                usbd_interface_default
 .text.usbd_interface_set
                0x0000b63e       0x78 zephyr/subsys/usb/device_next/libsubsys__usb__device_next.a(usbd_interface.c.obj)
                0x0000b63e                usbd_interface_set
 .text.usbd_ep_bm_clear
                0x0000b6b6       0x1e zephyr/subsys/usb/device_next/libsubsys__usb__device_next.a(usbd_endpoint.c.obj)
 .text.usbd_ep_enable
                0x0000b6d4       0x38 zephyr/subsys/usb/device_next/libsubsys__usb__device_next.a(usbd_endpoint.c.obj)
                0x0000b6d4                usbd_ep_enable
 .text.usbd_ep_disable
                0x0000b70c       0x2c zephyr/subsys/usb/device_next/libsubsys__usb__device_next.a(usbd_endpoint.c.obj)
                0x0000b70c                usbd_ep_disable
 .text.usbd_ep_ctrl_data_in_alloc
                0x0000b738        0xa zephyr/subsys/usb/device_next/libsubsys__usb__device_next.a(usbd_endpoint.c.obj)
                0x0000b738                usbd_ep_ctrl_data_in_alloc
 .text.usbd_ep_ctrl_enqueue
                0x0000b742       0x7a zephyr/subsys/usb/device_next/libsubsys__usb__device_next.a(usbd_endpoint.c.obj)
                0x0000b742                usbd_ep_ctrl_enqueue
 .text.usbd_ep_buf_alloc
                0x0000b7bc        0x8 zephyr/subsys/usb/device_next/libsubsys__usb__device_next.a(usbd_endpoint.c.obj)
                0x0000b7bc                usbd_ep_buf_alloc
 .text.usbd_ep_enqueue
                0x0000b7c4       0x30 zephyr/subsys/usb/device_next/libsubsys__usb__device_next.a(usbd_endpoint.c.obj)
                0x0000b7c4                usbd_ep_enqueue
 .text.usbd_ep_buf_free
                0x0000b7f4        0x6 zephyr/subsys/usb/device_next/libsubsys__usb__device_next.a(usbd_endpoint.c.obj)
                0x0000b7f4                usbd_ep_buf_free
 .text.usbd_ep_set_halt
                0x0000b7fa       0x2a zephyr/subsys/usb/device_next/libsubsys__usb__device_next.a(usbd_endpoint.c.obj)
                0x0000b7fa                usbd_ep_set_halt
 .text.usbd_ep_clear_halt
                0x0000b824       0x1e zephyr/subsys/usb/device_next/libsubsys__usb__device_next.a(usbd_endpoint.c.obj)
                0x0000b824                usbd_ep_clear_halt
 .text.usbd_ep_is_halted
                0x0000b842       0x16 zephyr/subsys/usb/device_next/libsubsys__usb__device_next.a(usbd_endpoint.c.obj)
                0x0000b842                usbd_ep_is_halted
 .text.usbd_msg_pub_simple
                0x0000b858       0x1c zephyr/subsys/usb/device_next/libsubsys__usb__device_next.a(usbd_msg.c.obj)
                0x0000b858                usbd_msg_pub_simple
 .text.usbd_msg_pub_device
                0x0000b874       0x1c zephyr/subsys/usb/device_next/libsubsys__usb__device_next.a(usbd_msg.c.obj)
                0x0000b874                usbd_msg_pub_device
 .text.usbd_cdc_acm_update
                0x0000b890        0x2 zephyr/subsys/usb/device_next/libsubsys__usb__device_next.a(usbd_cdc_acm.c.obj)
 .text.usbd_cdc_acm_get_desc
                0x0000b892        0x8 zephyr/subsys/usb/device_next/libsubsys__usb__device_next.a(usbd_cdc_acm.c.obj)
 .text.cdc_acm_update_uart_cfg
                0x0000b89a       0x4c zephyr/subsys/usb/device_next/libsubsys__usb__device_next.a(usbd_cdc_acm.c.obj)
 .text.cdc_acm_irq_tx_ready
                0x0000b8e6       0x18 zephyr/subsys/usb/device_next/libsubsys__usb__device_next.a(usbd_cdc_acm.c.obj)
 .text.cdc_acm_irq_rx_ready
                0x0000b8fe        0x8 zephyr/subsys/usb/device_next/libsubsys__usb__device_next.a(usbd_cdc_acm.c.obj)
 .text.cdc_acm_irq_is_pending
                0x0000b906       0x12 zephyr/subsys/usb/device_next/libsubsys__usb__device_next.a(usbd_cdc_acm.c.obj)
 .text.cdc_acm_irq_callback_set
                0x0000b918        0x8 zephyr/subsys/usb/device_next/libsubsys__usb__device_next.a(usbd_cdc_acm.c.obj)
 .text.atomic_test_bit
                0x0000b920       0x12 zephyr/subsys/usb/device_next/libsubsys__usb__device_next.a(usbd_cdc_acm.c.obj)
 .text.usbd_cdc_acm_suspended
                0x0000b932       0x20 zephyr/subsys/usb/device_next/libsubsys__usb__device_next.a(usbd_cdc_acm.c.obj)
 .text.cdc_acm_fifo_read
                0x0000b952       0x14 zephyr/subsys/usb/device_next/libsubsys__usb__device_next.a(usbd_cdc_acm.c.obj)
 .text.cdc_acm_poll_in
                0x0000b966       0x2a zephyr/subsys/usb/device_next/libsubsys__usb__device_next.a(usbd_cdc_acm.c.obj)
 .text.cdc_acm_fifo_fill
                0x0000b990       0x2a zephyr/subsys/usb/device_next/libsubsys__usb__device_next.a(usbd_cdc_acm.c.obj)
 .text.usbd_cdc_acm_init
                0x0000b9ba       0x36 zephyr/subsys/usb/device_next/libsubsys__usb__device_next.a(usbd_cdc_acm.c.obj)
 .text.atomic_clear_bit
                0x0000b9f0       0x1e zephyr/subsys/usb/device_next/libsubsys__usb__device_next.a(usbd_cdc_acm.c.obj)
 .text.cdc_acm_irq_rx_disable
                0x0000ba0e        0xa zephyr/subsys/usb/device_next/libsubsys__usb__device_next.a(usbd_cdc_acm.c.obj)
 .text.cdc_acm_irq_tx_disable
                0x0000ba18        0xa zephyr/subsys/usb/device_next/libsubsys__usb__device_next.a(usbd_cdc_acm.c.obj)
 .text.usbd_cdc_acm_disable
                0x0000ba22       0x1a zephyr/subsys/usb/device_next/libsubsys__usb__device_next.a(usbd_cdc_acm.c.obj)
 .text.usbd_cdc_acm_resumed
                0x0000ba3c        0xc zephyr/subsys/usb/device_next/libsubsys__usb__device_next.a(usbd_cdc_acm.c.obj)
 .text.cdc_acm_tx_fifo_handler
                0x0000ba48       0xda zephyr/subsys/usb/device_next/libsubsys__usb__device_next.a(usbd_cdc_acm.c.obj)
 .text.usbd_cdc_acm_request
                0x0000bb22      0x100 zephyr/subsys/usb/device_next/libsubsys__usb__device_next.a(usbd_cdc_acm.c.obj)
 .text.cdc_acm_rx_fifo_handler
                0x0000bc22       0x8c zephyr/subsys/usb/device_next/libsubsys__usb__device_next.a(usbd_cdc_acm.c.obj)
 .text.cdc_acm_irq_cb_handler
                0x0000bcae       0xae zephyr/subsys/usb/device_next/libsubsys__usb__device_next.a(usbd_cdc_acm.c.obj)
 .text.cdc_acm_irq_update
                0x0000bd5c       0x44 zephyr/subsys/usb/device_next/libsubsys__usb__device_next.a(usbd_cdc_acm.c.obj)
 .text.cdc_acm_irq_tx_enable
                0x0000bda0       0x36 zephyr/subsys/usb/device_next/libsubsys__usb__device_next.a(usbd_cdc_acm.c.obj)
 .text.cdc_acm_irq_rx_enable
                0x0000bdd6       0x4a zephyr/subsys/usb/device_next/libsubsys__usb__device_next.a(usbd_cdc_acm.c.obj)
 .text.usbd_cdc_acm_enable
                0x0000be20       0x50 zephyr/subsys/usb/device_next/libsubsys__usb__device_next.a(usbd_cdc_acm.c.obj)
 .text.udc_buf_destroy
                0x0000be70       0x30 zephyr/drivers/usb/udc/libdrivers__usb__udc.a(udc_common.c.obj)
 .text.ep_check_config.isra.0
                0x0000bea0       0x6c zephyr/drivers/usb/udc/libdrivers__usb__udc.a(udc_common.c.obj)
 .text.udc_is_initialized.isra.0
                0x0000bf0c       0x12 zephyr/drivers/usb/udc/libdrivers__usb__udc.a(udc_common.c.obj)
 .text.udc_is_enabled.isra.0
                0x0000bf1e       0x12 zephyr/drivers/usb/udc/libdrivers__usb__udc.a(udc_common.c.obj)
 .text.udc_get_ep_cfg
                0x0000bf30       0x12 zephyr/drivers/usb/udc/libdrivers__usb__udc.a(udc_common.c.obj)
                0x0000bf30                udc_get_ep_cfg
 .text.udc_ep_is_busy
                0x0000bf42        0x8 zephyr/drivers/usb/udc/libdrivers__usb__udc.a(udc_common.c.obj)
                0x0000bf42                udc_ep_is_busy
 .text.udc_ep_set_busy
                0x0000bf4a        0xa zephyr/drivers/usb/udc/libdrivers__usb__udc.a(udc_common.c.obj)
                0x0000bf4a                udc_ep_set_busy
 .text.udc_register_ep
                0x0000bf54       0x2c zephyr/drivers/usb/udc/libdrivers__usb__udc.a(udc_common.c.obj)
                0x0000bf54                udc_register_ep
 .text.udc_buf_get
                0x0000bf80        0x8 zephyr/drivers/usb/udc/libdrivers__usb__udc.a(udc_common.c.obj)
                0x0000bf80                udc_buf_get
 .text.udc_buf_peek
                0x0000bf88        0x4 zephyr/drivers/usb/udc/libdrivers__usb__udc.a(udc_common.c.obj)
                0x0000bf88                udc_buf_peek
 .text.udc_buf_put
                0x0000bf8c        0x4 zephyr/drivers/usb/udc/libdrivers__usb__udc.a(udc_common.c.obj)
                0x0000bf8c                udc_buf_put
 .text.udc_ep_buf_has_zlp
                0x0000bf90        0x8 zephyr/drivers/usb/udc/libdrivers__usb__udc.a(udc_common.c.obj)
                0x0000bf90                udc_ep_buf_has_zlp
 .text.udc_ep_buf_clear_zlp
                0x0000bf98        0xa zephyr/drivers/usb/udc/libdrivers__usb__udc.a(udc_common.c.obj)
                0x0000bf98                udc_ep_buf_clear_zlp
 .text.udc_submit_event
                0x0000bfa2       0x18 zephyr/drivers/usb/udc/libdrivers__usb__udc.a(udc_common.c.obj)
                0x0000bfa2                udc_submit_event
 .text.udc_submit_ep_event
                0x0000bfba       0x30 zephyr/drivers/usb/udc/libdrivers__usb__udc.a(udc_common.c.obj)
                0x0000bfba                udc_submit_ep_event
 .text.udc_ep_cancel_queued
                0x0000bfea       0x1e zephyr/drivers/usb/udc/libdrivers__usb__udc.a(udc_common.c.obj)
                0x0000bfea                udc_ep_cancel_queued
 .text.udc_setup_received
                0x0000c008       0xb4 zephyr/drivers/usb/udc/libdrivers__usb__udc.a(udc_common.c.obj)
                0x0000c008                udc_setup_received
 .text.udc_ep_try_config
                0x0000c0bc       0x8c zephyr/drivers/usb/udc/libdrivers__usb__udc.a(udc_common.c.obj)
                0x0000c0bc                udc_ep_try_config
 .text.udc_ep_enable
                0x0000c148       0x52 zephyr/drivers/usb/udc/libdrivers__usb__udc.a(udc_common.c.obj)
                0x0000c148                udc_ep_enable
 .text.udc_ep_disable
                0x0000c19a       0x38 zephyr/drivers/usb/udc/libdrivers__usb__udc.a(udc_common.c.obj)
                0x0000c19a                udc_ep_disable
 .text.udc_ep_set_halt
                0x0000c1d2       0x54 zephyr/drivers/usb/udc/libdrivers__usb__udc.a(udc_common.c.obj)
                0x0000c1d2                udc_ep_set_halt
 .text.udc_ep_clear_halt
                0x0000c226       0x60 zephyr/drivers/usb/udc/libdrivers__usb__udc.a(udc_common.c.obj)
                0x0000c226                udc_ep_clear_halt
 .text.udc_ep_enqueue
                0x0000c286       0x8c zephyr/drivers/usb/udc/libdrivers__usb__udc.a(udc_common.c.obj)
                0x0000c286                udc_ep_enqueue
 .text.udc_ep_queue_is_empty
                0x0000c312       0x2e zephyr/drivers/usb/udc/libdrivers__usb__udc.a(udc_common.c.obj)
                0x0000c312                udc_ep_queue_is_empty
 .text.udc_ctrl_setup_alloc
                0x0000c340       0x1e zephyr/drivers/usb/udc/libdrivers__usb__udc.a(udc_common.c.obj)
                0x0000c340                udc_ctrl_setup_alloc
 .text.udc_ctrl_data_alloc
                0x0000c35e       0x28 zephyr/drivers/usb/udc/libdrivers__usb__udc.a(udc_common.c.obj)
                0x0000c35e                udc_ctrl_data_alloc
 .text.udc_ctrl_status_alloc
                0x0000c386       0x22 zephyr/drivers/usb/udc/libdrivers__usb__udc.a(udc_common.c.obj)
                0x0000c386                udc_ctrl_status_alloc
 .text.udc_ep_buf_free
                0x0000c3a8       0x1c zephyr/drivers/usb/udc/libdrivers__usb__udc.a(udc_common.c.obj)
                0x0000c3a8                udc_ep_buf_free
 .text.udc_device_speed
                0x0000c3c4       0x2c zephyr/drivers/usb/udc/libdrivers__usb__udc.a(udc_common.c.obj)
                0x0000c3c4                udc_device_speed
 .text.udc_enable
                0x0000c3f0       0x58 zephyr/drivers/usb/udc/libdrivers__usb__udc.a(udc_common.c.obj)
                0x0000c3f0                udc_enable
 .text.udc_disable
                0x0000c448       0x48 zephyr/drivers/usb/udc/libdrivers__usb__udc.a(udc_common.c.obj)
                0x0000c448                udc_disable
 .text.udc_init
                0x0000c490       0x66 zephyr/drivers/usb/udc/libdrivers__usb__udc.a(udc_common.c.obj)
                0x0000c490                udc_init
 .text.udc_shutdown
                0x0000c4f6       0x56 zephyr/drivers/usb/udc/libdrivers__usb__udc.a(udc_common.c.obj)
                0x0000c4f6                udc_shutdown
 .text.nrf52_errata_187
                0x0000c54c       0x1c zephyr/drivers/usb/udc/libdrivers__usb__udc.a(udc_nrf.c.obj)
 .text.ep2bit   0x0000c568       0x10 zephyr/drivers/usb/udc/libdrivers__usb__udc.a(udc_nrf.c.obj)
 .text.z_log_msg_simple_create_0
                0x0000c578        0x4 zephyr/drivers/usb/udc/libdrivers__usb__udc.a(udc_nrf.c.obj)
 .text.atomic_set_bit
                0x0000c57c       0x1c zephyr/drivers/usb/udc/libdrivers__usb__udc.a(udc_nrf.c.obj)
 .text.udc_nrf_unlock
                0x0000c598        0x8 zephyr/drivers/usb/udc/libdrivers__usb__udc.a(udc_nrf.c.obj)
 .text.udc_nrf_lock
                0x0000c5a0       0x10 zephyr/drivers/usb/udc/libdrivers__usb__udc.a(udc_nrf.c.obj)
 .text.usb_pool_data_unref
                0x0000c5b0       0x18 zephyr/drivers/usb/common/buf/libdrivers__usb__common__buf.a(usb_buf.c.obj)
 .text.usb_pool_data_alloc
                0x0000c5c8       0x2c zephyr/drivers/usb/common/buf/libdrivers__usb__common__buf.a(usb_buf.c.obj)
 .text.get_status
                0x0000c5f4       0x12 zephyr/drivers/clock_control/libdrivers__clock_control.a(clock_control_nrf.c.obj)
 .text.stop     0x0000c606       0x52 zephyr/drivers/clock_control/libdrivers__clock_control.a(clock_control_nrf.c.obj)
 .text.api_stop
                0x0000c658        0x6 zephyr/drivers/clock_control/libdrivers__clock_control.a(clock_control_nrf.c.obj)
 .text.async_start
                0x0000c65e       0x5e zephyr/drivers/clock_control/libdrivers__clock_control.a(clock_control_nrf.c.obj)
 .text.api_start
                0x0000c6bc        0xe zephyr/drivers/clock_control/libdrivers__clock_control.a(clock_control_nrf.c.obj)
 .text.onoff_started_callback
                0x0000c6ca       0x12 zephyr/drivers/clock_control/libdrivers__clock_control.a(clock_control_nrf.c.obj)
 .text.blocking_start_callback
                0x0000c6dc        0x6 zephyr/drivers/clock_control/libdrivers__clock_control.a(clock_control_nrf.c.obj)
 .text.lfclk_stop
                0x0000c6e2        0x4 zephyr/drivers/clock_control/libdrivers__clock_control.a(clock_control_nrf.c.obj)
 .text.lfclk_start
                0x0000c6e6        0x4 zephyr/drivers/clock_control/libdrivers__clock_control.a(clock_control_nrf.c.obj)
 .text.gpio_nrfx_port_get_raw
                0x0000c6ea        0xe zephyr/drivers/gpio/libdrivers__gpio.a(gpio_nrfx.c.obj)
 .text.gpio_nrfx_port_set_masked_raw
                0x0000c6f8       0x18 zephyr/drivers/gpio/libdrivers__gpio.a(gpio_nrfx.c.obj)
 .text.gpio_nrfx_port_set_bits_raw
                0x0000c710        0xc zephyr/drivers/gpio/libdrivers__gpio.a(gpio_nrfx.c.obj)
 .text.gpio_nrfx_port_clear_bits_raw
                0x0000c71c        0xc zephyr/drivers/gpio/libdrivers__gpio.a(gpio_nrfx.c.obj)
 .text.gpio_nrfx_port_toggle_bits
                0x0000c728       0x1a zephyr/drivers/gpio/libdrivers__gpio.a(gpio_nrfx.c.obj)
 .text.gpio_nrfx_manage_callback
                0x0000c742       0x54 zephyr/drivers/gpio/libdrivers__gpio.a(gpio_nrfx.c.obj)
 .text.gpio_nrfx_gpiote_irq_handler
                0x0000c796        0x4 zephyr/drivers/gpio/libdrivers__gpio.a(gpio_nrfx.c.obj)
                0x0000c796                gpio_nrfx_gpiote_irq_handler
 .text.z_impl_hwinfo_get_device_id
                0x0000c79a       0x28 zephyr/drivers/hwinfo/libdrivers__hwinfo.a(hwinfo_nrf.c.obj)
                0x0000c79a                z_impl_hwinfo_get_device_id
 .text.i2s_nrfx_config_get
                0x0000c7c2       0x2c zephyr/drivers/i2s/libdrivers__i2s.a(i2s_nrfx.c.obj)
 .text.get_next_tx_buffer
                0x0000c7ee       0x26 zephyr/drivers/i2s/libdrivers__i2s.a(i2s_nrfx.c.obj)
 .text.z_log_msg_simple_create_1.constprop.0
                0x0000c814        0xa zephyr/drivers/i2s/libdrivers__i2s.a(i2s_nrfx.c.obj)
 .text.supply_next_buffers
                0x0000c81e       0x4a zephyr/drivers/i2s/libdrivers__i2s.a(i2s_nrfx.c.obj)
 .text.z_log_msg_simple_create_0.constprop.0
                0x0000c868        0x8 zephyr/drivers/i2s/libdrivers__i2s.a(i2s_nrfx.c.obj)
 .text.clock_started_callback
                0x0000c870       0x2a zephyr/drivers/i2s/libdrivers__i2s.a(i2s_nrfx.c.obj)
 .text.purge_queue.isra.0
                0x0000c89a       0x54 zephyr/drivers/i2s/libdrivers__i2s.a(i2s_nrfx.c.obj)
 .text.pinctrl_lookup_state
                0x0000c8ee       0x26 zephyr/drivers/pinctrl/libdrivers__pinctrl.a(common.c.obj)
                0x0000c8ee                pinctrl_lookup_state
 .text.event_clear
                0x0000c914       0x18 zephyr/drivers/timer/libdrivers__timer.a(nrf_rtc_timer.c.obj)
 .text.sys_clock_cycle_get_32
                0x0000c92c        0x8 zephyr/drivers/timer/libdrivers__timer.a(nrf_rtc_timer.c.obj)
                0x0000c92c                sys_clock_cycle_get_32
 .text.nrf52_errata_98
                0x0000c934       0x1a modules/hal_nordic/nrfx/libnrfx.a(system_nrf52840.c.obj)
 .text.nrfx_isr
                0x0000c94e        0x6 modules/hal_nordic/nrfx/libnrfx.a(nrfx_glue.c.obj)
                0x0000c94e                nrfx_isr
 .text.nrfx_busy_wait
                0x0000c954        0x4 modules/hal_nordic/nrfx/libnrfx.a(nrfx_glue.c.obj)
                0x0000c954                nrfx_busy_wait
 .text.nrfx_flag32_alloc
                0x0000c958       0x3c modules/hal_nordic/nrfx/libnrfx.a(nrfx_flag32_allocator.c.obj)
                0x0000c958                nrfx_flag32_alloc
 .text.nrfx_flag32_free
                0x0000c994       0x3a modules/hal_nordic/nrfx/libnrfx.a(nrfx_flag32_allocator.c.obj)
                0x0000c994                nrfx_flag32_free
 .text.nrfx_clock_start
                0x0000c9ce       0x10 modules/hal_nordic/nrfx/libnrfx.a(nrfx_clock.c.obj)
                0x0000c9ce                nrfx_clock_start
 .text.nrfx_clock_stop
                0x0000c9de       0x10 modules/hal_nordic/nrfx/libnrfx.a(nrfx_clock.c.obj)
                0x0000c9de                nrfx_clock_stop
 .text.nrfx_clock_irq_handler
                0x0000c9ee        0xe modules/hal_nordic/nrfx/libnrfx.a(nrfx_clock.c.obj)
                0x0000c9ee                nrfx_clock_irq_handler
 .text.nrf52_errata_201
                0x0000c9fc       0x1e modules/hal_nordic/nrfx/libnrfx.a(nrfx_clock_hfclk.c.obj)
 .text.nrfx_clock_hfclk_stop
                0x0000ca1a        0x4 modules/hal_nordic/nrfx/libnrfx.a(nrfx_clock_hfclk.c.obj)
                0x0000ca1a                nrfx_clock_hfclk_stop
 .text.clock_stop
                0x0000ca1e       0x32 modules/hal_nordic/nrfx/libnrfx.a(nrfx_clock_lfclk.c.obj)
 .text.nrfx_clock_lfclk_stop
                0x0000ca50        0x4 modules/hal_nordic/nrfx/libnrfx.a(nrfx_clock_lfclk.c.obj)
                0x0000ca50                nrfx_clock_lfclk_stop
 .text.nrf_gpio_reconfigure
                0x0000ca54       0x92 modules/hal_nordic/nrfx/libnrfx.a(nrfx_gpiote.c.obj)
 .text.nrf_gpio_cfg_sense_set
                0x0000cae6       0x1e modules/hal_nordic/nrfx/libnrfx.a(nrfx_gpiote.c.obj)
 .text.pin_in_use_by_te
                0x0000cb04       0x16 modules/hal_nordic/nrfx/libnrfx.a(nrfx_gpiote.c.obj)
 .text.pin_is_output
                0x0000cb1a       0x16 modules/hal_nordic/nrfx/libnrfx.a(nrfx_gpiote.c.obj)
 .text.pin_te_get
                0x0000cb30       0x14 modules/hal_nordic/nrfx/libnrfx.a(nrfx_gpiote.c.obj)
 .text.call_handler
                0x0000cb44       0x3e modules/hal_nordic/nrfx/libnrfx.a(nrfx_gpiote.c.obj)
 .text.release_handler
                0x0000cb82       0x52 modules/hal_nordic/nrfx/libnrfx.a(nrfx_gpiote.c.obj)
 .text.__nrfy_internal_gpiote_events_process
                0x0000cbd4       0x50 modules/hal_nordic/nrfx/libnrfx.a(nrfx_gpiote.c.obj)
 .text.pin_trigger_disable
                0x0000cc24       0x44 modules/hal_nordic/nrfx/libnrfx.a(nrfx_gpiote.c.obj)
 .text.nrfx_gpiote_input_configure
                0x0000cc68      0x166 modules/hal_nordic/nrfx/libnrfx.a(nrfx_gpiote.c.obj)
                0x0000cc68                nrfx_gpiote_input_configure
 .text.nrfx_gpiote_output_configure
                0x0000cdce       0xea modules/hal_nordic/nrfx/libnrfx.a(nrfx_gpiote.c.obj)
                0x0000cdce                nrfx_gpiote_output_configure
 .text.nrfx_gpiote_global_callback_set
                0x0000ceb8        0x6 modules/hal_nordic/nrfx/libnrfx.a(nrfx_gpiote.c.obj)
                0x0000ceb8                nrfx_gpiote_global_callback_set
 .text.nrfx_gpiote_channel_get
                0x0000cebe       0x26 modules/hal_nordic/nrfx/libnrfx.a(nrfx_gpiote.c.obj)
                0x0000cebe                nrfx_gpiote_channel_get
 .text.nrfx_gpiote_init
                0x0000cee4       0x38 modules/hal_nordic/nrfx/libnrfx.a(nrfx_gpiote.c.obj)
                0x0000cee4                nrfx_gpiote_init
 .text.nrfx_gpiote_init_check
                0x0000cf1c        0xc modules/hal_nordic/nrfx/libnrfx.a(nrfx_gpiote.c.obj)
                0x0000cf1c                nrfx_gpiote_init_check
 .text.nrfx_gpiote_pin_uninit
                0x0000cf28        0x4 modules/hal_nordic/nrfx/libnrfx.a(nrfx_gpiote.c.obj)
                0x0000cf28                nrfx_gpiote_pin_uninit
 .text.nrfx_gpiote_trigger_enable
                0x0000cf2c       0xa2 modules/hal_nordic/nrfx/libnrfx.a(nrfx_gpiote.c.obj)
                0x0000cf2c                nrfx_gpiote_trigger_enable
 .text.nrfx_gpiote_trigger_disable
                0x0000cfce        0x4 modules/hal_nordic/nrfx/libnrfx.a(nrfx_gpiote.c.obj)
                0x0000cfce                nrfx_gpiote_trigger_disable
 .text.validate_config
                0x0000cfd2       0x2a modules/hal_nordic/nrfx/libnrfx.a(nrfx_i2s.c.obj)
 .text.nrf_gpio_cfg_input.constprop.0
                0x0000cffc        0x8 modules/hal_nordic/nrfx/libnrfx.a(nrfx_i2s.c.obj)
 .text.nrf_gpio_cfg_default
                0x0000d004        0x8 modules/hal_nordic/nrfx/libnrfx.a(nrfx_i2s.c.obj)
 .text.nrf_gpio_cfg_output
                0x0000d00c        0x8 modules/hal_nordic/nrfx/libnrfx.a(nrfx_i2s.c.obj)
 .text.nrfx_i2s_init
                0x0000d014      0x130 modules/hal_nordic/nrfx/libnrfx.a(nrfx_i2s.c.obj)
                0x0000d014                nrfx_i2s_init
 .text.nrfx_i2s_start
                0x0000d144       0xe4 modules/hal_nordic/nrfx/libnrfx.a(nrfx_i2s.c.obj)
                0x0000d144                nrfx_i2s_start
 .text.nrfx_i2s_next_buffers_set
                0x0000d228       0x74 modules/hal_nordic/nrfx/libnrfx.a(nrfx_i2s.c.obj)
                0x0000d228                nrfx_i2s_next_buffers_set
 .text.nrfx_i2s_stop
                0x0000d29c       0x38 modules/hal_nordic/nrfx/libnrfx.a(nrfx_i2s.c.obj)
                0x0000d29c                nrfx_i2s_stop
 .text.nrfx_i2s_uninit
                0x0000d2d4       0xb2 modules/hal_nordic/nrfx/libnrfx.a(nrfx_i2s.c.obj)
                0x0000d2d4                nrfx_i2s_uninit
 .text.nrfx_i2s_irq_handler
                0x0000d386      0x112 modules/hal_nordic/nrfx/libnrfx.a(nrfx_i2s.c.obj)
                0x0000d386                nrfx_i2s_irq_handler
 .text.nrf_power_event_get_and_clear.constprop.0
                0x0000d498       0x18 modules/hal_nordic/nrfx/libnrfx.a(nrfx_power.c.obj)
 .text.nrfx_power_usbevt_enable
                0x0000d4b0        0xe modules/hal_nordic/nrfx/libnrfx.a(nrfx_power.c.obj)
                0x0000d4b0                nrfx_power_usbevt_enable
 .text.nrfx_power_usbevt_disable
                0x0000d4be        0xe modules/hal_nordic/nrfx/libnrfx.a(nrfx_power.c.obj)
                0x0000d4be                nrfx_power_usbevt_disable
 .text.nrfx_power_clock_irq_handler
                0x0000d4cc        0xe modules/hal_nordic/nrfx/libnrfx.a(nrfx_power.c.obj)
                0x0000d4cc                nrfx_power_clock_irq_handler
 .text.z_impl_k_busy_wait
                0x0000d4da        0x8 zephyr/kernel/libkernel.a(busy_wait.c.obj)
                0x0000d4da                z_impl_k_busy_wait
 .text.do_device_init
                0x0000d4e2       0x30 zephyr/kernel/libkernel.a(device.c.obj)
                0x0000d4e2                do_device_init
 .text.z_impl_device_is_ready
                0x0000d512       0x16 zephyr/kernel/libkernel.a(device.c.obj)
                0x0000d512                z_impl_device_is_ready
 .text.arch_system_halt
                0x0000d528       0x10 zephyr/kernel/libkernel.a(fatal.c.obj)
                0x0000d528                arch_system_halt
 .text.z_heap_alloc_helper
                0x0000d538       0x84 zephyr/kernel/libkernel.a(kheap.c.obj)
 .text.k_heap_init
                0x0000d5bc       0x10 zephyr/kernel/libkernel.a(kheap.c.obj)
                0x0000d5bc                k_heap_init
 .text.k_heap_free
                0x0000d5cc       0x38 zephyr/kernel/libkernel.a(kheap.c.obj)
                0x0000d5cc                k_heap_free
 .text.create_free_list
                0x0000d604       0x44 zephyr/kernel/libkernel.a(mem_slab.c.obj)
 .text.k_mem_slab_free
                0x0000d648       0x70 zephyr/kernel/libkernel.a(mem_slab.c.obj)
                0x0000d648                k_mem_slab_free
 .text.idle     0x0000d6b8       0x16 zephyr/kernel/libkernel.a(idle.c.obj)
                0x0000d6b8                idle
 .text.unpend_thread_no_timeout
                0x0000d6ce       0x1a zephyr/kernel/libkernel.a(msg_q.c.obj)
 .text.k_msgq_init
                0x0000d6e8       0x1e zephyr/kernel/libkernel.a(msg_q.c.obj)
                0x0000d6e8                k_msgq_init
 .text.z_impl_k_msgq_put
                0x0000d706        0xe zephyr/kernel/libkernel.a(msg_q.c.obj)
                0x0000d706                z_impl_k_msgq_put
 .text.adjust_owner_prio.isra.0
                0x0000d714       0x10 zephyr/kernel/libkernel.a(mutex.c.obj)
 .text.z_impl_k_mutex_init
                0x0000d724        0xe zephyr/kernel/libkernel.a(mutex.c.obj)
                0x0000d724                z_impl_k_mutex_init
 .text.unpend_thread_no_timeout
                0x0000d732       0x1a zephyr/kernel/libkernel.a(queue.c.obj)
 .text.queue_insert
                0x0000d74c       0xc4 zephyr/kernel/libkernel.a(queue.c.obj)
 .text.z_impl_k_queue_init
                0x0000d810       0x10 zephyr/kernel/libkernel.a(queue.c.obj)
                0x0000d810                z_impl_k_queue_init
 .text.k_queue_append
                0x0000d820       0x26 zephyr/kernel/libkernel.a(queue.c.obj)
                0x0000d820                k_queue_append
 .text.k_queue_prepend
                0x0000d846       0x24 zephyr/kernel/libkernel.a(queue.c.obj)
                0x0000d846                k_queue_prepend
 .text.z_impl_k_queue_peek_head
                0x0000d86a       0x24 zephyr/kernel/libkernel.a(queue.c.obj)
                0x0000d86a                z_impl_k_queue_peek_head
 .text.z_impl_k_sem_init
                0x0000d88e       0x18 zephyr/kernel/libkernel.a(sem.c.obj)
                0x0000d88e                z_impl_k_sem_init
 .text.flag_test_and_clear
                0x0000d8a6       0x16 zephyr/kernel/libkernel.a(work.c.obj)
 .text.unschedule_locked
                0x0000d8bc       0x1e zephyr/kernel/libkernel.a(work.c.obj)
 .text.notify_queue_locked.isra.0