Archive member included to satisfy reference by file (symbol)

app/libapp.a(main.c.obj)      (--whole-archive)
zephyr/libzephyr.a(validate_libc.c.obj)
                              (--whole-archive)
zephyr/libzephyr.a(heap.c.obj)
                              (--whole-archive)
zephyr/libzephyr.a(boot_banner.c.obj)
                              (--whole-archive)
zephyr/libzephyr.a(cbprintf_packaged.c.obj)
                              (--whole-archive)
zephyr/libzephyr.a(clock.c.obj)
                              (--whole-archive)
zephyr/libzephyr.a(printk.c.obj)
                              (--whole-archive)
zephyr/libzephyr.a(cbprintf_complete.c.obj)
                              (--whole-archive)
zephyr/libzephyr.a(assert.c.obj)
                              (--whole-archive)
zephyr/libzephyr.a(mpsc_pbuf.c.obj)
                              (--whole-archive)
zephyr/libzephyr.a(dec.c.obj)
                              (--whole-archive)
zephyr/libzephyr.a(hex.c.obj)
                              (--whole-archive)
zephyr/libzephyr.a(rb.c.obj)  (--whole-archive)
zephyr/libzephyr.a(set.c.obj)
                              (--whole-archive)
zephyr/libzephyr.a(timeutil.c.obj)
                              (--whole-archive)
zephyr/libzephyr.a(bitarray.c.obj)
                              (--whole-archive)
zephyr/libzephyr.a(bitmask.c.obj)
                              (--whole-archive)
zephyr/libzephyr.a(getopt.c.obj)
                              (--whole-archive)
zephyr/libzephyr.a(getopt_common.c.obj)
                              (--whole-archive)
zephyr/libzephyr.a(onoff.c.obj)
                              (--whole-archive)
zephyr/libzephyr.a(notify.c.obj)
                              (--whole-archive)
zephyr/libzephyr.a(ring_buffer.c.obj)
                              (--whole-archive)
zephyr/libzephyr.a(last_section_id.c.obj)
                              (--whole-archive)
zephyr/libzephyr.a(configs.c.obj)
                              (--whole-archive)
zephyr/libzephyr.a(log_core.c.obj)
                              (--whole-archive)
zephyr/libzephyr.a(log_mgmt.c.obj)
                              (--whole-archive)
zephyr/libzephyr.a(log_cache.c.obj)
                              (--whole-archive)
zephyr/libzephyr.a(log_msg.c.obj)
                              (--whole-archive)
zephyr/libzephyr.a(log_output.c.obj)
                              (--whole-archive)
zephyr/libzephyr.a(log_backend_uart.c.obj)
                              (--whole-archive)
zephyr/libzephyr.a(mem_attr.c.obj)
                              (--whole-archive)
zephyr/libzephyr.a(tracing_none.c.obj)
                              (--whole-archive)
zephyr/libzephyr.a(cdc_acm_serial.c.obj)
                              (--whole-archive)
zephyr/libzephyr.a(sem.c.obj)
                              (--whole-archive)
zephyr/libzephyr.a(thread_entry.c.obj)
                              (--whole-archive)
zephyr/arch/common/libarch__common.a(sw_isr_common.c.obj)
                              (--whole-archive)
zephyr/arch/common/libarch__common.a(init.c.obj)
                              (--whole-archive)
zephyr/arch/common/libarch__common.a(xip.c.obj)
                              (--whole-archive)
zephyr/arch/arch/arm/core/libarch__arm__core.a(fatal.c.obj)
                              (--whole-archive)
zephyr/arch/arch/arm/core/libarch__arm__core.a(nmi.c.obj)
                              (--whole-archive)
zephyr/arch/arch/arm/core/libarch__arm__core.a(nmi_on_reset.S.obj)
                              (--whole-archive)
zephyr/arch/arch/arm/core/libarch__arm__core.a(tls.c.obj)
                              (--whole-archive)
zephyr/arch/arch/arm/core/cortex_m/libarch__arm__core__cortex_m.a(fault.c.obj)
                              (--whole-archive)
zephyr/arch/arch/arm/core/cortex_m/libarch__arm__core__cortex_m.a(fault_s.S.obj)
                              (--whole-archive)
zephyr/arch/arch/arm/core/cortex_m/libarch__arm__core__cortex_m.a(fpu.c.obj)
                              (--whole-archive)
zephyr/arch/arch/arm/core/cortex_m/libarch__arm__core__cortex_m.a(reset.S.obj)
                              (--whole-archive)
zephyr/arch/arch/arm/core/cortex_m/libarch__arm__core__cortex_m.a(scb.c.obj)
                              (--whole-archive)
zephyr/arch/arch/arm/core/cortex_m/libarch__arm__core__cortex_m.a(vector_table.S.obj)
                              (--whole-archive)
zephyr/arch/arch/arm/core/cortex_m/libarch__arm__core__cortex_m.a(svc.S.obj)
                              (--whole-archive)
zephyr/arch/arch/arm/core/cortex_m/libarch__arm__core__cortex_m.a(irq_manage.c.obj)
                              (--whole-archive)
zephyr/arch/arch/arm/core/cortex_m/libarch__arm__core__cortex_m.a(prep_c.c.obj)
                              (--whole-archive)
zephyr/arch/arch/arm/core/cortex_m/libarch__arm__core__cortex_m.a(thread.c.obj)
                              (--whole-archive)
[...]
Memory Configuration

Name             Origin             Length             Attributes
FLASH            0x00001000         0x000ff000         xr
RAM              0x20000000         0x00040000         xw
IDT_LIST         0xffff7fff         0x00008000         xw
*default*        0x00000000         0xffffffff

Linker script and memory map

                0x00009770                        vfprintf = __l_vfprintf
                0x00000000                        vfscanf = __l_vfscanf
LOAD zephyr/CMakeFiles/zephyr_final.dir/misc/empty_file.c.obj
LOAD zephyr/CMakeFiles/zephyr_final.dir/isr_tables.c.obj
LOAD zephyr/CMakeFiles/offsets.dir/./arch/arm/core/offsets/offsets.c.obj
LOAD app/libapp.a
LOAD zephyr/libzephyr.a
LOAD zephyr/arch/common/libarch__common.a
LOAD zephyr/arch/arch/arm/core/libarch__arm__core.a
LOAD zephyr/arch/arch/arm/core/cortex_m/libarch__arm__core__cortex_m.a
LOAD zephyr/arch/arch/arm/core/mpu/libarch__arm__core__mpu.a
LOAD zephyr/lib/libc/picolibc/liblib__libc__picolibc.a
LOAD zephyr/lib/libc/common/liblib__libc__common.a
LOAD zephyr/lib/net_buf/liblib__net_buf.a
LOAD zephyr/soc/soc/nrf52840/libsoc__nordic.a
LOAD zephyr/boards/nordic/nrf52840dongle/libboards__nordic__nrf52840dongle.a
LOAD zephyr/subsys/portability/posix/c_lib_ext/libsubsys__portability__posix__c_lib_ext.a
LOAD zephyr/subsys/usb/device_next/libsubsys__usb__device_next.a
LOAD zephyr/drivers/usb/udc/libdrivers__usb__udc.a
LOAD zephyr/drivers/usb/common/buf/libdrivers__usb__common__buf.a
LOAD zephyr/drivers/usb/common/nrf_usbd_common/libdrivers__usb__common__nrf_usbd_common.a
LOAD zephyr/drivers/clock_control/libdrivers__clock_control.a
LOAD zephyr/drivers/console/libdrivers__console.a
LOAD zephyr/drivers/gpio/libdrivers__gpio.a
LOAD zephyr/drivers/hwinfo/libdrivers__hwinfo.a
LOAD zephyr/drivers/i2s/libdrivers__i2s.a
LOAD zephyr/drivers/pinctrl/libdrivers__pinctrl.a
LOAD zephyr/drivers/serial/libdrivers__serial.a
LOAD zephyr/drivers/timer/libdrivers__timer.a
LOAD modules/hal_nordic/nrfx/libnrfx.a
LOAD zephyr/kernel/libkernel.a
LOAD zephyr/arch/common/libisr_tables.a
LOAD /Users/mani/zephyr-sdk-1.0.1/gnu/arm-zephyr-eabi/bin/../lib/gcc/arm-zephyr-eabi/14.3.0/../../../../arm-zephyr-eabi/lib/thumb/v7e-m/nofp/space/libc.a
LOAD /Users/mani/zephyr-sdk-1.0.1/gnu/arm-zephyr-eabi/bin/../lib/gcc/arm-zephyr-eabi/14.3.0/thumb/v7e-m/nofp/space/libgcc.a
                0x00000020                        _region_min_align = 0x20

.rel.plt        0x00001000        0x0
 *(SORT_BY_ALIGNMENT(.rel.plt))
                [!provide]                        PROVIDE (__rel_iplt_start = .)
 *(SORT_BY_ALIGNMENT(.rel.iplt))
 .rel.iplt      0x00001000        0x0 zephyr/CMakeFiles/zephyr_final.dir/isr_tables.c.obj
                [!provide]                        PROVIDE (__rel_iplt_end = .)

.rela.plt       0x00000000        0x0
 *(SORT_BY_ALIGNMENT(.rela.plt))
                [!provide]                        PROVIDE (__rela_iplt_start = .)
 *(SORT_BY_ALIGNMENT(.rela.iplt))
                [!provide]                        PROVIDE (__rela_iplt_end = .)

.rel.dyn
 *(SORT_BY_ALIGNMENT(.rel.*))

.rela.dyn
 *(SORT_BY_ALIGNMENT(.rela.*))

/DISCARD/
 *(SORT_BY_ALIGNMENT(.plt))

/DISCARD/
 *(SORT_BY_ALIGNMENT(.iplt))
                0x00001000                        __rom_region_start = 0x1000

rom_start       0x00001000      0x100
                0x00001000                        __rom_start_address = .
 FILL mask 0x00
                0x00001000                        . = (. + (0x0 - (. - __rom_start_address)))
                0x00001000                        . = ALIGN (0x4)
                0x00001000                        . = ALIGN (0x80)
                0x00001000                        . = ALIGN (0x100)
                0x00001000                        _vector_start = .
 *(SORT_BY_ALIGNMENT(.exc_vector_table))
 *(SORT_BY_ALIGNMENT(.exc_vector_table.*))
 .exc_vector_table._vector_table_section
                0x00001000       0x40 zephyr/arch/arch/arm/core/cortex_m/libarch__arm__core__cortex_m.a(vector_table.S.obj)
                0x00001000                _vector_table
 *(SORT_BY_ALIGNMENT(.vectors))
                0x00001100                        _vector_end = .
                0x00001040                        . = ALIGN (0x4)
 *(SORT_BY_ALIGNMENT(.gnu.linkonce.irq_vector_table*))
 .gnu.linkonce.irq_vector_table
                0x00001040       0xc0 zephyr/CMakeFiles/zephyr_final.dir/isr_tables.c.obj
                0x00001040                _irq_vector_table
                0x00001100                        _vector_end = .

text            0x00001100     0xd028
                0x00001100                        __text_region_start = .
 *(SORT_BY_ALIGNMENT(.text))
 .text          0x00001100       0x30 /Users/mani/zephyr-sdk-1.0.1/gnu/arm-zephyr-eabi/bin/../lib/gcc/arm-zephyr-eabi/14.3.0/thumb/v7e-m/nofp/space/libgcc.a(_aeabi_uldivmod.o)
                0x00001100                __aeabi_uldivmod
 .text          0x00001130        0x4 /Users/mani/zephyr-sdk-1.0.1/gnu/arm-zephyr-eabi/bin/../lib/gcc/arm-zephyr-eabi/14.3.0/thumb/v7e-m/nofp/space/libgcc.a(_dvmd_tls.o)
                0x00001130                __aeabi_ldiv0
                0x00001130                __aeabi_idiv0
 .text          0x00001134       0x14 /Users/mani/zephyr-sdk-1.0.1/gnu/arm-zephyr-eabi/bin/../lib/gcc/arm-zephyr-eabi/14.3.0/../../../../arm-zephyr-eabi/lib/thumb/v7e-m/nofp/space/libc.a(strcmp.S.o)
                0x00001134                strcmp
 .text          0x00001148       0x10 /Users/mani/zephyr-sdk-1.0.1/gnu/arm-zephyr-eabi/bin/../lib/gcc/arm-zephyr-eabi/14.3.0/../../../../arm-zephyr-eabi/lib/thumb/v7e-m/nofp/space/libc.a(strlen.S.o)
                0x00001148                strlen
 .text          0x00001158      0x2bc /Users/mani/zephyr-sdk-1.0.1/gnu/arm-zephyr-eabi/bin/../lib/gcc/arm-zephyr-eabi/14.3.0/thumb/v7e-m/nofp/space/libgcc.a(_udivmoddi4.o)
                0x00001158                __udivmoddi4
 *(SORT_BY_ALIGNMENT(.text.*))
 .text.i2s_read_task
                0x00001414       0x88 app/libapp.a(main.c.obj)
 .text.i2s_write_task
                0x0000149c       0xac app/libapp.a(main.c.obj)
 .text.main     0x00001548      0x130 app/libapp.a(main.c.obj)
                0x00001548                main
 .text.sys_heap_free
                0x00001678      0x108 zephyr/libzephyr.a(heap.c.obj)
                0x00001678                sys_heap_free
 .text.boot_banner
                0x00001780       0x10 zephyr/libzephyr.a(boot_banner.c.obj)
 .text.cbvprintf_package
                0x00001790      0x368 zephyr/libzephyr.a(cbprintf_packaged.c.obj)
                0x00001790                cbvprintf_package
 .text.cbprintf_package_convert
                0x00001af8      0x3e4 zephyr/libzephyr.a(cbprintf_packaged.c.obj)
                0x00001af8                cbprintf_package_convert
 .text.__printk_hook_install
                0x00001edc        0xc zephyr/libzephyr.a(printk.c.obj)
                0x00001edc                __printk_hook_install
 .text.process_event
                0x00001ee8      0x1e8 zephyr/libzephyr.a(onoff.c.obj)
 .text.activate_foreach_backend
                0x000020d0       0x60 zephyr/libzephyr.a(log_core.c.obj)
 .text.enable_logger
                0x00002130       0x5c zephyr/libzephyr.a(log_core.c.obj)
 .text.log_process_thread_timer_expiry_fn
                0x0000218c        0xc zephyr/libzephyr.a(log_core.c.obj)
 .text.z_log_init
                0x00002198       0x98 zephyr/libzephyr.a(log_core.c.obj)
 .text.log_format_func_t_get
                0x00002230        0xc zephyr/libzephyr.a(log_core.c.obj)
                0x00002230                log_format_func_t_get
 .text.log_set_timestamp_func
                0x0000223c       0x20 zephyr/libzephyr.a(log_core.c.obj)
                0x0000223c                log_set_timestamp_func
 .text.z_log_notify_backend_enabled
                0x0000225c       0x1c zephyr/libzephyr.a(log_core.c.obj)
                0x0000225c                z_log_notify_backend_enabled
 .text.z_log_dropped
                0x00002278       0x44 zephyr/libzephyr.a(log_core.c.obj)
                0x00002278                z_log_dropped
 .text.z_log_dropped_read_and_clear
                0x000022bc       0x20 zephyr/libzephyr.a(log_core.c.obj)
                0x000022bc                z_log_dropped_read_and_clear
 .text.dropped_notify
                0x000022dc       0x30 zephyr/libzephyr.a(log_core.c.obj)
                0x000022dc                dropped_notify
 .text.z_log_msg_init
                0x0000230c       0x20 zephyr/libzephyr.a(log_core.c.obj)
                0x0000230c                z_log_msg_init
 .text.log_core_init
                0x0000232c       0x50 zephyr/libzephyr.a(log_core.c.obj)
                0x0000232c                log_core_init
 .text.z_log_msg_alloc
                0x0000237c       0x10 zephyr/libzephyr.a(log_core.c.obj)
                0x0000237c                z_log_msg_alloc
 .text.z_log_msg_local_claim
                0x0000238c        0xc zephyr/libzephyr.a(log_core.c.obj)
                0x0000238c                z_log_msg_local_claim
 .text.z_log_msg_free
                0x00002398       0x10 zephyr/libzephyr.a(log_core.c.obj)
                0x00002398                z_log_msg_free
 .text.z_log_msg_pending
                0x000023a8        0xc zephyr/libzephyr.a(log_core.c.obj)
                0x000023a8                z_log_msg_pending
 .text.z_impl_log_process
                0x000023b4       0xc4 zephyr/libzephyr.a(log_core.c.obj)
                0x000023b4                z_impl_log_process
 .text.z_impl_log_panic
                0x00002478       0x44 zephyr/libzephyr.a(log_core.c.obj)
                0x00002478                z_impl_log_panic
 .text.log_process_thread_func
                0x000024bc       0xa0 zephyr/libzephyr.a(log_core.c.obj)
 .text.z_log_msg_post_finalize
                0x0000255c       0x78 zephyr/libzephyr.a(log_core.c.obj)
 .text.z_log_msg_commit
                0x000025d4       0x24 zephyr/libzephyr.a(log_core.c.obj)
                0x000025d4                z_log_msg_commit
 .text.log_source_name_get
                0x000025f8       0x1c zephyr/libzephyr.a(log_mgmt.c.obj)
                0x000025f8                log_source_name_get
 .text.z_impl_z_log_msg_static_create
                0x00002614      0x100 zephyr/libzephyr.a(log_msg.c.obj)
                0x00002614                z_impl_z_log_msg_static_create
 .text.z_log_msg_runtime_vcreate
                0x00002714       0xa4 zephyr/libzephyr.a(log_msg.c.obj)
                0x00002714                z_log_msg_runtime_vcreate
 .text.log_msg_get_source_id
                0x000027b8       0x18 zephyr/libzephyr.a(log_msg.c.obj)
                0x000027b8                log_msg_get_source_id
 .text.print_formatted
                0x000027d0       0x24 zephyr/libzephyr.a(log_output.c.obj)
 .text.newline_print
                0x000027f4       0x1c zephyr/libzephyr.a(log_output.c.obj)
 .text.log_output_process
                0x00002810      0x290 zephyr/libzephyr.a(log_output.c.obj)
                0x00002810                log_output_process
 .text.log_output_dropped_process
                0x00002aa0       0x58 zephyr/libzephyr.a(log_output.c.obj)
                0x00002aa0                log_output_dropped_process
 .text.log_output_timestamp_freq_set
                0x00002af8       0x2c zephyr/libzephyr.a(log_output.c.obj)
                0x00002af8                log_output_timestamp_freq_set
 .text.char_out
                0x00002b24       0x24 zephyr/libzephyr.a(log_backend_uart.c.obj)
 .text.mem_attr_get_regions
                0x00002b48        0xc zephyr/libzephyr.a(mem_attr.c.obj)
                0x00002b48                mem_attr_get_regions
 .text.cdc_acm_serial_init_device
                0x00002b54       0x8c zephyr/libzephyr.a(cdc_acm_serial.c.obj)
 .text.z_thread_entry
                0x00002be0       0x34 zephyr/libzephyr.a(thread_entry.c.obj)
                0x00002be0                z_thread_entry
 .text.arch_bss_zero
                0x00002c14       0x18 zephyr/arch/common/libarch__common.a(init.c.obj)
                0x00002c14                arch_bss_zero
 .text.arch_data_copy
                0x00002c2c       0x38 zephyr/arch/common/libarch__common.a(xip.c.obj)
                0x00002c2c                arch_data_copy
 .text.z_arm_fatal_error
                0x00002c64       0xb8 zephyr/arch/arch/arm/core/libarch__arm__core.a(fatal.c.obj)
                0x00002c64                z_arm_fatal_error
 .text.z_SysNmiOnReset
                0x00002d1c        0x8 zephyr/arch/arch/arm/core/libarch__arm__core.a(nmi_on_reset.S.obj)
                0x00002d1c                z_SysNmiOnReset
 .text.arch_tls_stack_setup
                0x00002d24       0x40 zephyr/arch/arch/arm/core/libarch__arm__core.a(tls.c.obj)
                0x00002d24                arch_tls_stack_setup
 .text.usage_fault.isra.0
                0x00002d64       0xa8 zephyr/arch/arch/arm/core/cortex_m/libarch__arm__core__cortex_m.a(fault.c.obj)
 .text.bus_fault.isra.0
                0x00002e0c       0xd0 zephyr/arch/arch/arm/core/cortex_m/libarch__arm__core__cortex_m.a(fault.c.obj)
 .text.mem_manage_fault
                0x00002edc      0x104 zephyr/arch/arch/arm/core/cortex_m/libarch__arm__core__cortex_m.a(fault.c.obj)
 .text.z_arm_fault
                0x00002fe0      0x1dc zephyr/arch/arch/arm/core/cortex_m/libarch__arm__core__cortex_m.a(fault.c.obj)
                0x00002fe0                z_arm_fault
 .text.z_arm_fault_init
                0x000031bc       0x18 zephyr/arch/arch/arm/core/cortex_m/libarch__arm__core__cortex_m.a(fault.c.obj)
                0x000031bc                z_arm_fault_init
 .text.__fault  0x000031d4       0x14 zephyr/arch/arch/arm/core/cortex_m/libarch__arm__core__cortex_m.a(fault_s.S.obj)
                0x000031d4                z_arm_bus_fault
                0x000031d4                z_arm_usage_fault
                0x000031d4                z_arm_mpu_fault
                0x000031d4                z_arm_exc_spurious
                0x000031d4                z_arm_debug_monitor
                0x000031d4                z_arm_hard_fault
 .text._reset_section
                0x000031e8       0x38 zephyr/arch/arch/arm/core/cortex_m/libarch__arm__core__cortex_m.a(reset.S.obj)
                0x000031e8                z_arm_reset
                0x000031e8                __start
 .text.z_arm_svc
                0x00003220       0x24 zephyr/arch/arch/arm/core/cortex_m/libarch__arm__core__cortex_m.a(svc.S.obj)
                0x00003220                z_arm_svc
 .text.arm_irq_enable
                0x00003244       0x1c zephyr/arch/arch/arm/core/cortex_m/libarch__arm__core__cortex_m.a(irq_manage.c.obj)
                0x00003244                arm_irq_enable
 .text.arm_irq_disable
                0x00003260       0x28 zephyr/arch/arch/arm/core/cortex_m/libarch__arm__core__cortex_m.a(irq_manage.c.obj)
                0x00003260                arm_irq_disable
 .text.arm_irq_is_enabled
                0x00003288       0x1c zephyr/arch/arch/arm/core/cortex_m/libarch__arm__core__cortex_m.a(irq_manage.c.obj)
                0x00003288                arm_irq_is_enabled
 .text.arm_irq_priority_set
                0x000032a4       0x30 zephyr/arch/arch/arm/core/cortex_m/libarch__arm__core__cortex_m.a(irq_manage.c.obj)
                0x000032a4                arm_irq_priority_set
 .text.relocate_vector_table
                0x000032d4       0x1c zephyr/arch/arch/arm/core/cortex_m/libarch__arm__core__cortex_m.a(prep_c.c.obj)
                0x000032d4                relocate_vector_table
 .text.z_prep_c
                0x000032f0       0x38 zephyr/arch/arch/arm/core/cortex_m/libarch__arm__core__cortex_m.a(prep_c.c.obj)
                0x000032f0                z_prep_c
 .text.arch_new_thread
                0x00003328       0x38 zephyr/arch/arch/arm/core/cortex_m/libarch__arm__core__cortex_m.a(thread.c.obj)
                0x00003328                arch_new_thread
 .text.z_check_thread_stack_fail
                0x00003360       0x2c zephyr/arch/arch/arm/core/cortex_m/libarch__arm__core__cortex_m.a(thread.c.obj)
                0x00003360                z_check_thread_stack_fail
 .text.arch_switch_to_main_thread
                0x0000338c       0x3c zephyr/arch/arch/arm/core/cortex_m/libarch__arm__core__cortex_m.a(thread.c.obj)
                0x0000338c                arch_switch_to_main_thread
 .text.z_arm_cpu_idle_init
                0x000033c8        0xc zephyr/arch/arch/arm/core/cortex_m/libarch__arm__core__cortex_m.a(cpu_idle.c.obj)
                0x000033c8                z_arm_cpu_idle_init
 .text._HandlerModeExit
                0x000033d4       0x20 zephyr/arch/arch/arm/core/cortex_m/libarch__arm__core__cortex_m.a(exc_exit.c.obj)
                0x000033d4                z_arm_exc_exit
                0x000033d4                z_arm_int_exit
 .text.z_impl_k_thread_abort
                0x000033f4       0x2c zephyr/arch/arch/arm/core/cortex_m/libarch__arm__core__cortex_m.a(thread_abort.c.obj)
                0x000033f4                z_impl_k_thread_abort
 .text.z_arm_pendsv
                0x00003420       0x60 zephyr/arch/arch/arm/core/cortex_m/libarch__arm__core__cortex_m.a(swap_helper.S.obj)
                0x00003420                z_arm_pendsv
 .text.z_arm_interrupt_init
                0x00003480       0x18 zephyr/arch/arch/arm/core/cortex_m/libarch__arm__core__cortex_m.a(irq_init.c.obj)
                0x00003480                z_arm_interrupt_init
 .text._isr_wrapper
                0x00003498       0x24 zephyr/arch/arch/arm/core/cortex_m/libarch__arm__core__cortex_m.a(isr_wrapper.c.obj)
                0x00003498                _isr_wrapper
 .text.__aeabi_read_tp
                0x000034bc        0xc zephyr/arch/arch/arm/core/cortex_m/libarch__arm__core__cortex_m.a(__aeabi_read_tp.S.obj)
                0x000034bc                __aeabi_read_tp
 .text.z_arm_configure_static_mpu_regions
                0x000034c8       0x18 zephyr/arch/arch/arm/core/mpu/libarch__arm__core__mpu.a(arm_core_mpu.c.obj)
                0x000034c8                z_arm_configure_static_mpu_regions
 .text.z_arm_configure_dynamic_mpu_regions
                0x000034e0       0x20 zephyr/arch/arch/arm/core/mpu/libarch__arm__core__mpu.a(arm_core_mpu.c.obj)
                0x000034e0                z_arm_configure_dynamic_mpu_regions
 .text.region_allocate_and_init
                0x00003500       0x54 zephyr/arch/arch/arm/core/mpu/libarch__arm__core__mpu.a(arm_mpu.c.obj)
 .text.mpu_configure_regions
                0x00003554       0x68 zephyr/arch/arch/arm/core/mpu/libarch__arm__core__mpu.a(arm_mpu.c.obj)
 .text.arm_core_mpu_enable
                0x000035bc       0x18 zephyr/arch/arch/arm/core/mpu/libarch__arm__core__mpu.a(arm_mpu.c.obj)
                0x000035bc                arm_core_mpu_enable
 .text.arm_core_mpu_disable
                0x000035d4       0x14 zephyr/arch/arch/arm/core/mpu/libarch__arm__core__mpu.a(arm_mpu.c.obj)
                0x000035d4                arm_core_mpu_disable
 .text.arm_core_mpu_configure_static_mpu_regions
                0x000035e8       0x14 zephyr/arch/arch/arm/core/mpu/libarch__arm__core__mpu.a(arm_mpu.c.obj)
                0x000035e8                arm_core_mpu_configure_static_mpu_regions
 .text.arm_core_mpu_configure_dynamic_mpu_regions
                0x000035fc       0x38 zephyr/arch/arch/arm/core/mpu/libarch__arm__core__mpu.a(arm_mpu.c.obj)
                0x000035fc                arm_core_mpu_configure_dynamic_mpu_regions
 .text.z_arm_mpu_init
                0x00003634      0x194 zephyr/arch/arch/arm/core/mpu/libarch__arm__core__mpu.a(arm_mpu.c.obj)
                0x00003634                z_arm_mpu_init
 .text.cbvprintf
                0x000037c8       0x38 zephyr/lib/libc/picolibc/liblib__libc__picolibc.a(cbprintf.c.obj)
                0x000037c8                cbvprintf
 .text.z_impl_zephyr_fputc
                0x00003800       0x10 zephyr/lib/libc/picolibc/liblib__libc__picolibc.a(stdio.c.obj)
                0x00003800                z_impl_zephyr_fputc
 .text.__stdout_hook_install
                0x00003810       0x18 zephyr/lib/libc/picolibc/liblib__libc__picolibc.a(stdio.c.obj)
                0x00003810                __stdout_hook_install
 .text.malloc_prepare
                0x00003828       0x24 zephyr/lib/libc/common/liblib__libc__common.a(malloc.c.obj)
 .text.net_buf_destroy
                0x0000384c       0x38 zephyr/lib/net_buf/liblib__net_buf.a(buf.c.obj)
 .text.net_buf_pool_get
                0x00003884       0x10 zephyr/lib/net_buf/liblib__net_buf.a(buf.c.obj)
                0x00003884                net_buf_pool_get
 .text.net_buf_alloc_len
                0x00003894       0xfc zephyr/lib/net_buf/liblib__net_buf.a(buf.c.obj)
                0x00003894                net_buf_alloc_len
 .text.net_buf_unref
                0x00003990       0x50 zephyr/lib/net_buf/liblib__net_buf.a(buf.c.obj)
                0x00003990                net_buf_unref
 .text.nordicsemi_nrf52_init
                0x000039e0       0x38 zephyr/soc/soc/nrf52840/libsoc__nordic.a(soc.c.obj)
 .text.arch_busy_wait
                0x00003a18       0x24 zephyr/soc/soc/nrf52840/libsoc__nordic.a(soc.c.obj)
                0x00003a18                arch_busy_wait
 .text.board_early_init_hook
                0x00003a3c       0x78 zephyr/boards/nordic/nrf52840dongle/libboards__nordic__nrf52840dongle.a(board.c.obj)
                0x00003a3c                board_early_init_hook
 .text.nonstd_request
                0x00003ab4       0xac zephyr/subsys/usb/device_next/libsubsys__usb__device_next.a(usbd_ch9.c.obj)
 .text.usbd_handle_ctrl_xfer
                0x00003b60      0x968 zephyr/subsys/usb/device_next/libsubsys__usb__device_next.a(usbd_ch9.c.obj)
                0x00003b60                usbd_handle_ctrl_xfer
 .text.usbd_event_carrier
                0x000044c8       0x48 zephyr/subsys/usb/device_next/libsubsys__usb__device_next.a(usbd_core.c.obj)
 .text.usbd_thread
                0x00004510      0x188 zephyr/subsys/usb/device_next/libsubsys__usb__device_next.a(usbd_core.c.obj)
 .text.usbd_pre_init
                0x00004698       0xa4 zephyr/subsys/usb/device_next/libsubsys__usb__device_next.a(usbd_core.c.obj)
 .text.usbd_device_init_core
                0x0000473c       0x30 zephyr/subsys/usb/device_next/libsubsys__usb__device_next.a(usbd_core.c.obj)
                0x0000473c                usbd_device_init_core
 .text.usbd_class_node_get.part.0
                0x0000476c       0x2c zephyr/subsys/usb/device_next/libsubsys__usb__device_next.a(usbd_class.c.obj)
 .text.msg_work_handler
                0x00004798       0x88 zephyr/subsys/usb/device_next/libsubsys__usb__device_next.a(usbd_msg.c.obj)
 .text.usbd_msg_pub
                0x00004820       0x6c zephyr/subsys/usb/device_next/libsubsys__usb__device_next.a(usbd_msg.c.obj)
 .text.usbd_cdc_acm_ctd
                0x0000488c       0x6c zephyr/subsys/usb/device_next/libsubsys__usb__device_next.a(usbd_cdc_acm.c.obj)
 .text.usbd_cdc_acm_cth
                0x000048f8       0x44 zephyr/subsys/usb/device_next/libsubsys__usb__device_next.a(usbd_cdc_acm.c.obj)
 .text.cdc_acm_poll_out
                0x0000493c       0x78 zephyr/subsys/usb/device_next/libsubsys__usb__device_next.a(usbd_cdc_acm.c.obj)
 .text.usbd_cdc_acm_preinit
                0x000049b4       0x4c zephyr/subsys/usb/device_next/libsubsys__usb__device_next.a(usbd_cdc_acm.c.obj)
 .text.udc_set_suspended
                0x00004a00       0x98 zephyr/drivers/usb/udc/libdrivers__usb__udc.a(udc_common.c.obj)
                0x00004a00                udc_set_suspended
 .text.udc_ep_enable_internal
                0x00004a98       0x88 zephyr/drivers/usb/udc/libdrivers__usb__udc.a(udc_common.c.obj)
                0x00004a98                udc_ep_enable_internal
 .text.udc_ep_disable_internal
                0x00004b20       0x54 zephyr/drivers/usb/udc/libdrivers__usb__udc.a(udc_common.c.obj)
                0x00004b20                udc_ep_disable_internal
 .text.udc_ep_dequeue
                0x00004b74       0x60 zephyr/drivers/usb/udc/libdrivers__usb__udc.a(udc_common.c.obj)
                0x00004b74                udc_ep_dequeue
 .text.udc_ep_buf_alloc
                0x00004bd4       0x54 zephyr/drivers/usb/udc/libdrivers__usb__udc.a(udc_common.c.obj)
                0x00004bd4                udc_ep_buf_alloc
 .text.usbd_ep_amount_get
                0x00004c28       0x38 zephyr/drivers/usb/udc/libdrivers__usb__udc.a(udc_nrf.c.obj)
 .text.usbd_ep_abort
                0x00004c60       0x98 zephyr/drivers/usb/udc/libdrivers__usb__udc.a(udc_nrf.c.obj)
 .text.usbd_errata_187_211_begin
                0x00004cf8       0x3c zephyr/drivers/usb/udc/libdrivers__usb__udc.a(udc_nrf.c.obj)
 .text.usbd_errata_187_211_end
                0x00004d34       0x3c zephyr/drivers/usb/udc/libdrivers__usb__udc.a(udc_nrf.c.obj)
 .text.nrf_usbd_start_transfer
                0x00004d70       0x70 zephyr/drivers/usb/udc/libdrivers__usb__udc.a(udc_nrf.c.obj)
 .text.nrf_usbd_legacy_ep_stall_clear
                0x00004de0       0x60 zephyr/drivers/usb/udc/libdrivers__usb__udc.a(udc_nrf.c.obj)
 .text.udc_nrf_ep_enable
                0x00004e40       0x60 zephyr/drivers/usb/udc/libdrivers__usb__udc.a(udc_nrf.c.obj)
 .text.udc_nrf_ep_set_halt
                0x00004ea0       0x20 zephyr/drivers/usb/udc/libdrivers__usb__udc.a(udc_nrf.c.obj)
 .text.udc_event_xfer_in_next
                0x00004ec0       0x6c zephyr/drivers/usb/udc/libdrivers__usb__udc.a(udc_nrf.c.obj)
 .text.udc_event_xfer_out_next
                0x00004f2c       0x4c zephyr/drivers/usb/udc/libdrivers__usb__udc.a(udc_nrf.c.obj)
 .text.udc_nrf_shutdown
                0x00004f78       0x20 zephyr/drivers/usb/udc/libdrivers__usb__udc.a(udc_nrf.c.obj)
 .text.udc_nrf_init
                0x00004f98       0x60 zephyr/drivers/usb/udc/libdrivers__usb__udc.a(udc_nrf.c.obj)
 .text.udc_nrf_power_handler
                0x00004ff8       0x7c zephyr/drivers/usb/udc/libdrivers__usb__udc.a(udc_nrf.c.obj)
 .text.k_event_post.constprop.0.isra.0
                0x00005074        0xc zephyr/drivers/usb/udc/libdrivers__usb__udc.a(udc_nrf.c.obj)
 .text.udc_nrf_set_address
                0x00005080       0x20 zephyr/drivers/usb/udc/libdrivers__usb__udc.a(udc_nrf.c.obj)
 .text.udc_nrf_ep_dequeue
                0x000050a0       0x44 zephyr/drivers/usb/udc/libdrivers__usb__udc.a(udc_nrf.c.obj)
 .text.udc_nrf_driver_init
                0x000050e4      0x180 zephyr/drivers/usb/udc/libdrivers__usb__udc.a(udc_nrf.c.obj)
 .text.udc_nrf_ep_enqueue
                0x00005264       0x28 zephyr/drivers/usb/udc/libdrivers__usb__udc.a(udc_nrf.c.obj)
 .text.udc_nrf_ep_clear_halt
                0x0000528c       0x20 zephyr/drivers/usb/udc/libdrivers__usb__udc.a(udc_nrf.c.obj)
 .text.udc_nrf_ep_disable
                0x000052ac       0x60 zephyr/drivers/usb/udc/libdrivers__usb__udc.a(udc_nrf.c.obj)
 .text.udc_nrf_thread
                0x0000530c      0x3a4 zephyr/drivers/usb/udc/libdrivers__usb__udc.a(udc_nrf.c.obj)
 .text.usbd_dma_pending_clear
                0x000056b0       0x1c zephyr/drivers/usb/udc/libdrivers__usb__udc.a(udc_nrf.c.obj)
 .text.udc_nrf_disable
                0x000056cc      0x140 zephyr/drivers/usb/udc/libdrivers__usb__udc.a(udc_nrf.c.obj)
 .text.nrf_usbd_irq_handler
                0x0000580c      0x4a0 zephyr/drivers/usb/udc/libdrivers__usb__udc.a(udc_nrf.c.obj)
 .text.udc_nrf_host_wakeup
                0x00005cac       0x78 zephyr/drivers/usb/udc/libdrivers__usb__udc.a(udc_nrf.c.obj)
 .text.udc_nrf_enable
                0x00005d24      0x1c8 zephyr/drivers/usb/udc/libdrivers__usb__udc.a(udc_nrf.c.obj)
 .text.onoff_stop
                0x00005eec       0x30 zephyr/drivers/clock_control/libdrivers__clock_control.a(clock_control_nrf.c.obj)
 .text.onoff_start
                0x00005f1c       0x44 zephyr/drivers/clock_control/libdrivers__clock_control.a(clock_control_nrf.c.obj)
 .text.clk_init
                0x00005f60       0x58 zephyr/drivers/clock_control/libdrivers__clock_control.a(clock_control_nrf.c.obj)
 .text.api_blocking_start
                0x00005fb8       0x30 zephyr/drivers/clock_control/libdrivers__clock_control.a(clock_control_nrf.c.obj)
 .text.generic_hfclk_stop
                0x00005fe8       0x34 zephyr/drivers/clock_control/libdrivers__clock_control.a(clock_control_nrf.c.obj)
 .text.clkstarted_handle.constprop.0
                0x0000601c       0x4c zephyr/drivers/clock_control/libdrivers__clock_control.a(clock_control_nrf.c.obj)
 .text.generic_hfclk_start
                0x00006068       0x78 zephyr/drivers/clock_control/libdrivers__clock_control.a(clock_control_nrf.c.obj)
 .text.clock_event_handler
                0x000060e0       0x1c zephyr/drivers/clock_control/libdrivers__clock_control.a(clock_control_nrf.c.obj)
 .text.z_nrf_clock_control_get_onoff
                0x000060fc       0x10 zephyr/drivers/clock_control/libdrivers__clock_control.a(clock_control_nrf.c.obj)
                0x000060fc                z_nrf_clock_control_get_onoff
 .text.z_nrf_clock_control_lf_on
                0x0000610c       0xbc zephyr/drivers/clock_control/libdrivers__clock_control.a(clock_control_nrf.c.obj)
                0x0000610c                z_nrf_clock_control_lf_on
 .text.uart_console_init
                0x000061c8       0x28 zephyr/drivers/console/libdrivers__console.a(uart_console.c.obj)
 .text.console_out
                0x000061f0       0x28 zephyr/drivers/console/libdrivers__console.a(uart_console.c.obj)
 .text.gpio_nrfx_pin_configure
                0x00006218      0x184 zephyr/drivers/gpio/libdrivers__gpio.a(gpio_nrfx.c.obj)
 .text.nrfx_gpio_handler
                0x0000639c       0x4c zephyr/drivers/gpio/libdrivers__gpio.a(gpio_nrfx.c.obj)
 .text.gpio_nrfx_init
                0x000063e8       0x3c zephyr/drivers/gpio/libdrivers__gpio.a(gpio_nrfx.c.obj)
 .text.gpio_nrfx_pin_interrupt_configure
                0x00006424      0x104 zephyr/drivers/gpio/libdrivers__gpio.a(gpio_nrfx.c.obj)
 .text.get_next_rx_buffer
                0x00006528       0x2c zephyr/drivers/i2s/libdrivers__i2s.a(i2s_nrfx.c.obj)
 .text.start_transfer
                0x00006554       0xbc zephyr/drivers/i2s/libdrivers__i2s.a(i2s_nrfx.c.obj)
 .text.i2s_nrfx_init0
                0x00006610       0x68 zephyr/drivers/i2s/libdrivers__i2s.a(i2s_nrfx.c.obj)
 .text.i2s_nrfx_write
                0x00006678       0xdc zephyr/drivers/i2s/libdrivers__i2s.a(i2s_nrfx.c.obj)
 .text.data_handler0
                0x00006754      0x168 zephyr/drivers/i2s/libdrivers__i2s.a(i2s_nrfx.c.obj)
 .text.i2s_nrfx_configure
                0x000068bc      0x230 zephyr/drivers/i2s/libdrivers__i2s.a(i2s_nrfx.c.obj)
 .text.i2s_nrfx_trigger
                0x00006aec      0x1f8 zephyr/drivers/i2s/libdrivers__i2s.a(i2s_nrfx.c.obj)
 .text.i2s_nrfx_read
                0x00006ce4       0x84 zephyr/drivers/i2s/libdrivers__i2s.a(i2s_nrfx.c.obj)
 .text.nrf_gpio_pin_port_decode
                0x00006d68       0x20 zephyr/drivers/pinctrl/libdrivers__pinctrl.a(pinctrl_nrf.c.obj)
 .text.pinctrl_configure_pins
                0x00006d88      0x150 zephyr/drivers/pinctrl/libdrivers__pinctrl.a(pinctrl_nrf.c.obj)
                0x00006d88                pinctrl_configure_pins
 .text.compare_int_lock
                0x00006ed8       0x4c zephyr/drivers/timer/libdrivers__timer.a(nrf_rtc_timer.c.obj)
 .text.sys_clock_timeout_handler
                0x00006f24       0x58 zephyr/drivers/timer/libdrivers__timer.a(nrf_rtc_timer.c.obj)
 .text.compare_int_unlock
                0x00006f7c       0x5c zephyr/drivers/timer/libdrivers__timer.a(nrf_rtc_timer.c.obj)
 .text.z_nrf_rtc_timer_read
                0x00006fd8       0x44 zephyr/drivers/timer/libdrivers__timer.a(nrf_rtc_timer.c.obj)
                0x00006fd8                z_nrf_rtc_timer_read
 .text.compare_set
                0x0000701c      0x130 zephyr/drivers/timer/libdrivers__timer.a(nrf_rtc_timer.c.obj)
 .text.sys_clock_driver_init
                0x0000714c       0x90 zephyr/drivers/timer/libdrivers__timer.a(nrf_rtc_timer.c.obj)
 .text.rtc_nrf_isr
                0x000071dc       0xd0 zephyr/drivers/timer/libdrivers__timer.a(nrf_rtc_timer.c.obj)
                0x000071dc                rtc_nrf_isr
 .text.sys_clock_set_timeout
                0x000072ac       0x5c zephyr/drivers/timer/libdrivers__timer.a(nrf_rtc_timer.c.obj)
                0x000072ac                sys_clock_set_timeout
 .text.sys_clock_elapsed
                0x00007308       0x14 zephyr/drivers/timer/libdrivers__timer.a(nrf_rtc_timer.c.obj)
                0x00007308                sys_clock_elapsed
 .text.__NVIC_SystemReset
                0x0000731c       0x24 modules/hal_nordic/nrfx/libnrfx.a(system_nrf52840.c.obj)
 .text.nvmc_wait
                0x00007340       0x10 modules/hal_nordic/nrfx/libnrfx.a(system_nrf52840.c.obj)
                0x00007340                nvmc_wait
 .text.SystemInit
                0x00007350      0x1b8 modules/hal_nordic/nrfx/libnrfx.a(system_nrf52840.c.obj)
                0x00007350                SystemInit
 .text.hfclk_event_handler
                0x00007508        0xc modules/hal_nordic/nrfx/libnrfx.a(nrfx_clock.c.obj)
 .text.lfclk_event_handler
                0x00007514        0xc modules/hal_nordic/nrfx/libnrfx.a(nrfx_clock.c.obj)
 .text.nrfx_clock_init
                0x00007520       0x40 modules/hal_nordic/nrfx/libnrfx.a(nrfx_clock.c.obj)
                0x00007520                nrfx_clock_init
 .text.nrfx_clock_enable
                0x00007560       0x24 modules/hal_nordic/nrfx/libnrfx.a(nrfx_clock.c.obj)
                0x00007560                nrfx_clock_enable
 .text.clock_stop
                0x00007584       0x4c modules/hal_nordic/nrfx/libnrfx.a(nrfx_clock_hfclk.c.obj)
 .text.nrfx_clock_hfclk_init
                0x000075d0       0x28 modules/hal_nordic/nrfx/libnrfx.a(nrfx_clock_hfclk.c.obj)
                0x000075d0                nrfx_clock_hfclk_init
 .text.nrfx_clock_hfclk_start
                0x000075f8       0x38 modules/hal_nordic/nrfx/libnrfx.a(nrfx_clock_hfclk.c.obj)
                0x000075f8                nrfx_clock_hfclk_start
 .text.nrfx_clock_hfclk_irq_handler
                0x00007630       0x40 modules/hal_nordic/nrfx/libnrfx.a(nrfx_clock_hfclk.c.obj)
                0x00007630                nrfx_clock_hfclk_irq_handler
 .text.nrfx_clock_lfclk_init
                0x00007670       0x24 modules/hal_nordic/nrfx/libnrfx.a(nrfx_clock_lfclk.c.obj)
                0x00007670                nrfx_clock_lfclk_init
 .text.nrfx_clock_lfclk_start
                0x00007694       0x80 modules/hal_nordic/nrfx/libnrfx.a(nrfx_clock_lfclk.c.obj)
                0x00007694                nrfx_clock_lfclk_start
 .text.nrfx_clock_lfclk_irq_handler
                0x00007714       0x70 modules/hal_nordic/nrfx/libnrfx.a(nrfx_clock_lfclk.c.obj)
                0x00007714                nrfx_clock_lfclk_irq_handler
 .text.nrf_gpio_pin_port_decode
                0x00007784       0x20 modules/hal_nordic/nrfx/libnrfx.a(nrfx_gpiote.c.obj)
 .text.get_pin_idx
                0x000077a4       0x14 modules/hal_nordic/nrfx/libnrfx.a(nrfx_gpiote.c.obj)
 .text.latch_pending_read_and_check
                0x000077b8       0x60 modules/hal_nordic/nrfx/libnrfx.a(nrfx_gpiote.c.obj)
 .text.pin_uninit
                0x00007818       0x78 modules/hal_nordic/nrfx/libnrfx.a(nrfx_gpiote.c.obj)
 .text.nrfx_gpiote_channel_free
                0x00007890        0xc modules/hal_nordic/nrfx/libnrfx.a(nrfx_gpiote.c.obj)
                0x00007890                nrfx_gpiote_channel_free
 .text.nrfx_gpiote_channel_alloc
                0x0000789c       0x18 modules/hal_nordic/nrfx/libnrfx.a(nrfx_gpiote.c.obj)
                0x0000789c                nrfx_gpiote_channel_alloc
 .text.nrfx_gpiote_irq_handler
                0x000078b4      0x1cc modules/hal_nordic/nrfx/libnrfx.a(nrfx_gpiote.c.obj)
                0x000078b4                nrfx_gpiote_irq_handler
 .text.nrf_gpio_cfg.constprop.0
                0x00007a80       0x44 modules/hal_nordic/nrfx/libnrfx.a(nrfx_i2s.c.obj)
 .text.nrfx_i2s_prescalers_calc
                0x00007ac4       0xac modules/hal_nordic/nrfx/libnrfx.a(nrfx_i2s.c.obj)
                0x00007ac4                nrfx_i2s_prescalers_calc
 .text.nrfx_power_init
                0x00007b70       0x64 modules/hal_nordic/nrfx/libnrfx.a(nrfx_power.c.obj)
                0x00007b70                nrfx_power_init
 .text.nrfx_power_usbevt_uninit
                0x00007bd4       0x18 modules/hal_nordic/nrfx/libnrfx.a(nrfx_power.c.obj)
                0x00007bd4                nrfx_power_usbevt_uninit
 .text.nrfx_power_usbevt_init
                0x00007bec       0x14 modules/hal_nordic/nrfx/libnrfx.a(nrfx_power.c.obj)
                0x00007bec                nrfx_power_usbevt_init
 .text.nrfx_power_irq_handler
                0x00007c00       0xa0 modules/hal_nordic/nrfx/libnrfx.a(nrfx_power.c.obj)
                0x00007c00                nrfx_power_irq_handler
 .text.k_sys_fatal_error_handler
                0x00007ca0       0x20 zephyr/kernel/libkernel.a(fatal.c.obj)
                0x00007ca0                k_sys_fatal_error_handler
 .text.z_fatal_error
                0x00007cc0       0xec zephyr/kernel/libkernel.a(fatal.c.obj)
                0x00007cc0                z_fatal_error
 .text.z_sys_init_run_level
                0x00007dac       0x30 zephyr/kernel/libkernel.a(init.c.obj)
 .text.bg_thread_main
                0x00007ddc       0xbc zephyr/kernel/libkernel.a(init.c.obj)
 .text.z_init_cpu
                0x00007e98       0x70 zephyr/kernel/libkernel.a(init.c.obj)
                0x00007e98                z_init_cpu
 .text.z_cstart
                0x00007f08       0xd4 zephyr/kernel/libkernel.a(init.c.obj)
                0x00007f08                z_cstart
 .text.statics_init
                0x00007fdc       0x24 zephyr/kernel/libkernel.a(kheap.c.obj)
 .text.k_heap_aligned_alloc
                0x00008000       0x1c zephyr/kernel/libkernel.a(kheap.c.obj)
                0x00008000                k_heap_aligned_alloc
 .text.init_mem_slab_obj_core_list
                0x0000801c       0x28 zephyr/kernel/libkernel.a(mem_slab.c.obj)
 .text.k_mem_slab_alloc
                0x00008044       0x5c zephyr/kernel/libkernel.a(mem_slab.c.obj)
                0x00008044                k_mem_slab_alloc
 .text.put_msg_in_queue
                0x000080a0       0xcc zephyr/kernel/libkernel.a(msg_q.c.obj)
 .text.z_impl_k_msgq_get
                0x0000816c       0xc8 zephyr/kernel/libkernel.a(msg_q.c.obj)
                0x0000816c                z_impl_k_msgq_get
 .text.z_impl_k_mutex_lock
                0x00008234       0xe4 zephyr/kernel/libkernel.a(mutex.c.obj)
                0x00008234                z_impl_k_mutex_lock
 .text.z_impl_k_mutex_unlock
                0x00008318       0xa0 zephyr/kernel/libkernel.a(mutex.c.obj)
                0x00008318                z_impl_k_mutex_unlock
 .text.z_impl_k_queue_get
                0x000083b8       0x6c zephyr/kernel/libkernel.a(queue.c.obj)
                0x000083b8                z_impl_k_queue_get
 .text.z_impl_k_sem_give
                0x00008424       0x68 zephyr/kernel/libkernel.a(sem.c.obj)
                0x00008424                z_impl_k_sem_give
 .text.z_impl_k_sem_take
                0x0000848c       0x4c zephyr/kernel/libkernel.a(sem.c.obj)
                0x0000848c                z_impl_k_sem_take
 .text.z_impl_k_sem_reset
                0x000084d8       0x70 zephyr/kernel/libkernel.a(sem.c.obj)
                0x000084d8                z_impl_k_sem_reset
 .text.work_queue_main
                0x00008548      0x160 zephyr/kernel/libkernel.a(work.c.obj)
 .text.submit_to_queue_locked
                0x000086a8       0xa4 zephyr/kernel/libkernel.a(work.c.obj)
 .text.k_work_submit
                0x0000874c        0xc zephyr/kernel/libkernel.a(work.c.obj)
                0x0000874c                k_work_submit
 .text.k_work_queue_start
                0x00008758       0x80 zephyr/kernel/libkernel.a(work.c.obj)
                0x00008758                k_work_queue_start
 .text.k_work_schedule_for_queue
                0x000087d8       0x54 zephyr/kernel/libkernel.a(work.c.obj)
                0x000087d8                k_work_schedule_for_queue
 .text.k_work_schedule
                0x0000882c        0xc zephyr/kernel/libkernel.a(work.c.obj)
                0x0000882c                k_work_schedule
 .text.k_work_reschedule_for_queue
                0x00008838       0x5c zephyr/kernel/libkernel.a(work.c.obj)
                0x00008838                k_work_reschedule_for_queue
 .text.k_work_reschedule
                0x00008894        0xc zephyr/kernel/libkernel.a(work.c.obj)
                0x00008894                k_work_reschedule
 .text.z_impl_k_condvar_broadcast
                0x000088a0       0x74 zephyr/kernel/libkernel.a(condvar.c.obj)
                0x000088a0                z_impl_k_condvar_broadcast
 .text.z_impl_k_condvar_wait
                0x00008914       0x58 zephyr/kernel/libkernel.a(condvar.c.obj)
                0x00008914                z_impl_k_condvar_wait
 .text.z_setup_new_thread
                0x0000896c       0xa0 zephyr/kernel/libkernel.a(thread.c.obj)
                0x0000896c                z_setup_new_thread
 .text.z_dummy_thread_init
                0x00008a0c       0x18 zephyr/kernel/libkernel.a(thread.c.obj)
                0x00008a0c                z_dummy_thread_init
 .text.z_impl_k_wakeup
                0x00008a24       0x48 zephyr/kernel/libkernel.a(thread.c.obj)
                0x00008a24                z_impl_k_wakeup
 .text.z_impl_k_thread_create
                0x00008a6c       0x58 zephyr/kernel/libkernel.a(thread.c.obj)
                0x00008a6c                z_impl_k_thread_create
 .text.z_swap_irqlock
                0x00008ac4       0x34 zephyr/kernel/libkernel.a(sched.c.obj)
 .text.unready_thread
                0x00008af8       0x54 zephyr/kernel/libkernel.a(sched.c.obj)
 .text.ready_thread
                0x00008b4c       0x80 zephyr/kernel/libkernel.a(sched.c.obj)
 .text.reschedule.isra.0
                0x00008bcc       0x28 zephyr/kernel/libkernel.a(sched.c.obj)
 .text.move_current_to_end_of_prio_q
                0x00008bf4       0x6c zephyr/kernel/libkernel.a(sched.c.obj)
                0x00008bf4                move_current_to_end_of_prio_q
 .text.z_thread_halt
                0x00008c60      0x12c zephyr/kernel/libkernel.a(sched.c.obj)
                0x00008c60                z_thread_halt
 .text.z_sched_lock_reschedule
                0x00008d8c       0x44 zephyr/kernel/libkernel.a(sched.c.obj)
                0x00008d8c                z_sched_lock_reschedule
 .text.z_sched_yield
                0x00008dd0       0x84 zephyr/kernel/libkernel.a(sched.c.obj)
                0x00008dd0                z_sched_yield
 .text.z_pend_curr
                0x00008e54       0x58 zephyr/kernel/libkernel.a(sched.c.obj)
                0x00008e54                z_pend_curr
 .text.z_thread_prio_set
                0x00008eac       0xd8 zephyr/kernel/libkernel.a(sched.c.obj)
                0x00008eac                z_thread_prio_set
 .text.z_reschedule_irqlock
                0x00008f84       0x28 zephyr/kernel/libkernel.a(sched.c.obj)
                0x00008f84                z_reschedule_irqlock
 .text.z_tick_sleep
                0x00008fac       0x94 zephyr/kernel/libkernel.a(sleep.c.obj)
 .text.z_sched_init
                0x00009040       0x10 zephyr/kernel/libkernel.a(scheduler.c.obj)
                0x00009040                z_sched_init
 .text.k_sched_lock
                0x00009050       0x28 zephyr/kernel/libkernel.a(scheduler.c.obj)
                0x00009050                k_sched_lock
 .text.k_sched_unlock
                0x00009078       0x20 zephyr/kernel/libkernel.a(scheduler.c.obj)
                0x00009078                k_sched_unlock
 .text.z_impl_k_sched_current_thread_query
                0x00009098        0xc zephyr/kernel/libkernel.a(scheduler.c.obj)
                0x00009098                z_impl_k_sched_current_thread_query
 .text.z_sched_wait
                0x000090a4       0x24 zephyr/kernel/libkernel.a(scheduler.c.obj)
                0x000090a4                z_sched_wait
 .text.z_time_slice_size
                0x000090c8       0x40 zephyr/kernel/libkernel.a(timeslicing.c.obj)
 .text.slice_timeout
                0x00009108       0x20 zephyr/kernel/libkernel.a(timeslicing.c.obj)
 .text.z_time_slice_reset
                0x00009128       0x44 zephyr/kernel/libkernel.a(timeslicing.c.obj)
                0x00009128                z_time_slice_reset
 .text.z_time_slice
                0x0000916c       0x5c zephyr/kernel/libkernel.a(timeslicing.c.obj)
                0x0000916c                z_time_slice
 .text.first    0x000091c8       0x10 zephyr/kernel/libkernel.a(timeout.c.obj)
 .text.elapsed  0x000091d8       0x10 zephyr/kernel/libkernel.a(timeout.c.obj)
 .text.z_add_timeout
                0x000091e8      0x130 zephyr/kernel/libkernel.a(timeout.c.obj)
                0x000091e8                z_add_timeout
 .text.z_abort_timeout
                0x00009318       0x90 zephyr/kernel/libkernel.a(timeout.c.obj)
                0x00009318                z_abort_timeout
 .text.sys_clock_announce_locked
                0x000093a8       0xd0 zephyr/kernel/libkernel.a(timeout.c.obj)
                0x000093a8                sys_clock_announce_locked
 .text.sys_clock_tick_get
                0x00009478       0x30 zephyr/kernel/libkernel.a(timeout.c.obj)
                0x00009478                sys_clock_tick_get
 .text.z_timer_expiration_handler
                0x000094a8       0xf0 zephyr/kernel/libkernel.a(timer.c.obj)
                0x000094a8                z_timer_expiration_handler
 .text.z_impl_k_timer_start
                0x00009598       0x50 zephyr/kernel/libkernel.a(timer.c.obj)
                0x00009598                z_impl_k_timer_start
 .text.z_impl_k_timer_stop
                0x000095e8       0x60 zephyr/kernel/libkernel.a(timer.c.obj)
                0x000095e8                z_impl_k_timer_stop
 .text.k_event_post_internal
                0x00009648       0x4c zephyr/kernel/libkernel.a(events.c.obj)
 .text.z_thread_alloc_helper
                0x00009694       0x4c zephyr/kernel/libkernel.a(mempool.c.obj)
 .text.z_thread_malloc
                0x000096e0       0x10 zephyr/kernel/libkernel.a(mempool.c.obj)
                0x000096e0                z_thread_malloc
 .text.k_sys_work_q_init
                0x000096f0       0x2c zephyr/kernel/libkernel.a(system_work_q.c.obj)
 .text.snprintf
                0x0000971c       0x54 /Users/mani/zephyr-sdk-1.0.1/gnu/arm-zephyr-eabi/bin/../lib/gcc/arm-zephyr-eabi/14.3.0/../../../../arm-zephyr-eabi/lib/thumb/v7e-m/nofp/space/libc.a(libc_tinystdio_snprintf.c.o)
                0x0000971c                snprintf
 .text.__l_vfprintf
                0x00009770      0x488 /Users/mani/zephyr-sdk-1.0.1/gnu/arm-zephyr-eabi/bin/../lib/gcc/arm-zephyr-eabi/14.3.0/../../../../arm-zephyr-eabi/lib/thumb/v7e-m/nofp/space/libc.a(libc_tinystdio_vflprintf.c.o)
                0x00009770                __l_vfprintf
 .text._OffsetAbsSyms
                0x00009bf8        0x2 zephyr/CMakeFiles/offsets.dir/./arch/arm/core/offsets/offsets.c.obj
                0x00009bf8                _OffsetAbsSyms
 .text.chunk_size
                0x00009bfa        0xa zephyr/libzephyr.a(heap.c.obj)
 .text.free_list_add
                0x00009c04       0x4e zephyr/libzephyr.a(heap.c.obj)
 .text.free_list_remove_bidx
                0x00009c52       0x3a zephyr/libzephyr.a(heap.c.obj)
 .text.free_list_remove
                0x00009c8c       0x1a zephyr/libzephyr.a(heap.c.obj)
 .text.alloc_chunk
                0x00009ca6       0x70 zephyr/libzephyr.a(heap.c.obj)
 .text.merge_chunks
                0x00009d16       0x2e zephyr/libzephyr.a(heap.c.obj)
 .text.split_chunks
                0x00009d44       0x38 zephyr/libzephyr.a(heap.c.obj)
 .text.sys_heap_alloc
                0x00009d7c       0x5a zephyr/libzephyr.a(heap.c.obj)
                0x00009d7c                sys_heap_alloc
 .text.sys_heap_noalign_alloc
                0x00009dd6        0x6 zephyr/libzephyr.a(heap.c.obj)
                0x00009dd6                sys_heap_noalign_alloc
 .text.sys_heap_aligned_alloc
                0x00009ddc       0xe2 zephyr/libzephyr.a(heap.c.obj)
                0x00009ddc                sys_heap_aligned_alloc
 .text.sys_heap_init
                0x00009ebe       0x82 zephyr/libzephyr.a(heap.c.obj)
                0x00009ebe                sys_heap_init
 .text.cbpprintf_external
                0x00009f40       0x62 zephyr/libzephyr.a(cbprintf_packaged.c.obj)
                0x00009f40                cbpprintf_external
 .text.is_ptr   0x00009fa2       0x3a zephyr/libzephyr.a(cbprintf_packaged.c.obj)
                0x00009fa2                is_ptr
 .text.arch_printk_char_out
                0x00009fdc        0x4 zephyr/libzephyr.a(printk.c.obj)
                0x00009fdc                arch_printk_char_out
 .text.printk   0x00009fe0       0x1a zephyr/libzephyr.a(printk.c.obj)
                0x00009fe0                printk
 .text.free_space
                0x00009ffa       0x26 zephyr/libzephyr.a(mpsc_pbuf.c.obj)
 .text.get_usage
                0x0000a020       0x22 zephyr/libzephyr.a(mpsc_pbuf.c.obj)
 .text.idx_inc  0x0000a042       0x1c zephyr/libzephyr.a(mpsc_pbuf.c.obj)
 .text.rd_idx_inc
                0x0000a05e       0x18 zephyr/libzephyr.a(mpsc_pbuf.c.obj)
 .text.add_skip_item
                0x0000a076       0x3a zephyr/libzephyr.a(mpsc_pbuf.c.obj)
 .text.drop_item_locked
                0x0000a0b0       0xfa zephyr/libzephyr.a(mpsc_pbuf.c.obj)
 .text.post_drop_action
                0x0000a1aa       0x36 zephyr/libzephyr.a(mpsc_pbuf.c.obj)
 .text.max_utilization_update
                0x0000a1e0       0x1a zephyr/libzephyr.a(mpsc_pbuf.c.obj)
 .text.mpsc_pbuf_init
                0x0000a1fa       0x42 zephyr/libzephyr.a(mpsc_pbuf.c.obj)
                0x0000a1fa                mpsc_pbuf_init
 .text.mpsc_pbuf_alloc
                0x0000a23c       0xfa zephyr/libzephyr.a(mpsc_pbuf.c.obj)
                0x0000a23c                mpsc_pbuf_alloc
 .text.mpsc_pbuf_commit
                0x0000a336       0x3e zephyr/libzephyr.a(mpsc_pbuf.c.obj)
                0x0000a336                mpsc_pbuf_commit
 .text.mpsc_pbuf_claim
                0x0000a374       0xb6 zephyr/libzephyr.a(mpsc_pbuf.c.obj)
                0x0000a374                mpsc_pbuf_claim
 .text.mpsc_pbuf_free
                0x0000a42a       0x76 zephyr/libzephyr.a(mpsc_pbuf.c.obj)
                0x0000a42a                mpsc_pbuf_free
 .text.mpsc_pbuf_is_pending
                0x0000a4a0       0x30 zephyr/libzephyr.a(mpsc_pbuf.c.obj)
                0x0000a4a0                mpsc_pbuf_is_pending
 .text.sys_slist_find_and_remove
                0x0000a4d0       0x36 zephyr/libzephyr.a(onoff.c.obj)
 .text.process_recheck
                0x0000a506       0x38 zephyr/libzephyr.a(onoff.c.obj)
 .text.validate_args
                0x0000a53e       0x20 zephyr/libzephyr.a(onoff.c.obj)
 .text.notify_one
                0x0000a55e       0x2c zephyr/libzephyr.a(onoff.c.obj)
 .text.transition_complete
                0x0000a58a       0x1a zephyr/libzephyr.a(onoff.c.obj)
 .text.onoff_manager_init
                0x0000a5a4       0x26 zephyr/libzephyr.a(onoff.c.obj)
                0x0000a5a4                onoff_manager_init
 .text.onoff_request
                0x0000a5ca       0x96 zephyr/libzephyr.a(onoff.c.obj)
                0x0000a5ca                onoff_request
 .text.onoff_release
                0x0000a660       0x48 zephyr/libzephyr.a(onoff.c.obj)
                0x0000a660                onoff_release
 .text.onoff_cancel
                0x0000a6a8       0x36 zephyr/libzephyr.a(onoff.c.obj)
                0x0000a6a8                onoff_cancel
 .text.sys_notify_validate
                0x0000a6de       0x22 zephyr/libzephyr.a(notify.c.obj)
                0x0000a6de                sys_notify_validate
 .text.sys_notify_finalize
                0x0000a700       0x1a zephyr/libzephyr.a(notify.c.obj)
                0x0000a700                sys_notify_finalize
 .text.ring_buf_area_claim
                0x0000a71a       0x30 zephyr/libzephyr.a(ring_buffer.c.obj)
                0x0000a71a                ring_buf_area_claim
 .text.ring_buf_put_claim
                0x0000a74a       0x1e zephyr/libzephyr.a(ring_buffer.c.obj)
 .text.ring_buf_get_claim
                0x0000a768       0x1e zephyr/libzephyr.a(ring_buffer.c.obj)
 .text.ring_buf_area_finish
                0x0000a786       0x32 zephyr/libzephyr.a(ring_buffer.c.obj)
                0x0000a786                ring_buf_area_finish
 .text.ring_buf_put
                0x0000a7b8       0x40 zephyr/libzephyr.a(ring_buffer.c.obj)
                0x0000a7b8                ring_buf_put
 .text.ring_buf_get
                0x0000a7f8       0x44 zephyr/libzephyr.a(ring_buffer.c.obj)
                0x0000a7f8                ring_buf_get
 .text._ConfigAbsSyms
                0x0000a83c        0x2 zephyr/libzephyr.a(configs.c.obj)
                0x0000a83c                _ConfigAbsSyms
 .text.log_msg_generic_get_wlen
                0x0000a83e       0x20 zephyr/libzephyr.a(log_core.c.obj)
 .text.dummy_timestamp
                0x0000a85e        0x4 zephyr/libzephyr.a(log_core.c.obj)
 .text.default_get_timestamp
                0x0000a862        0x4 zephyr/libzephyr.a(log_core.c.obj)
 .text.atomic_inc
                0x0000a866       0x1a zephyr/libzephyr.a(log_core.c.obj)
 .text.z_log_vprintk
                0x0000a880       0x1c zephyr/libzephyr.a(log_core.c.obj)
                0x0000a880                z_log_vprintk
 .text.z_log_notify_drop
                0x0000a89c        0x6 zephyr/libzephyr.a(log_core.c.obj)
 .text.z_log_get_tag
                0x0000a8a2        0x4 zephyr/libzephyr.a(log_core.c.obj)
                0x0000a8a2                z_log_get_tag
 .text.log_backend_enable
                0x0000a8a6       0x12 zephyr/libzephyr.a(log_mgmt.c.obj)
                0x0000a8a6                log_backend_enable
 .text.z_cbprintf_cpy
                0x0000a8b8       0x2e zephyr/libzephyr.a(log_msg.c.obj)
 .text.z_log_msg_finalize
                0x0000a8e6       0x32 zephyr/libzephyr.a(log_msg.c.obj)
                0x0000a8e6                z_log_msg_finalize
 .text.z_log_msg_simple_create
                0x0000a918       0x6e zephyr/libzephyr.a(log_msg.c.obj)
 .text.z_impl_z_log_msg_simple_create_0
                0x0000a986       0x12 zephyr/libzephyr.a(log_msg.c.obj)
                0x0000a986                z_impl_z_log_msg_simple_create_0
 .text.z_impl_z_log_msg_simple_create_1
                0x0000a998       0x14 zephyr/libzephyr.a(log_msg.c.obj)
                0x0000a998                z_impl_z_log_msg_simple_create_1
 .text.z_impl_z_log_msg_simple_create_2
                0x0000a9ac       0x18 zephyr/libzephyr.a(log_msg.c.obj)
                0x0000a9ac                z_impl_z_log_msg_simple_create_2
 .text.log_output_write
                0x0000a9c4       0x1c zephyr/libzephyr.a(log_output.c.obj)
 .text.log_output_flush
                0x0000a9e0       0x1a zephyr/libzephyr.a(log_output.c.obj)
 .text.out_func
                0x0000a9fa       0x36 zephyr/libzephyr.a(log_output.c.obj)
 .text.cr_out_func
                0x0000aa30       0x1c zephyr/libzephyr.a(log_output.c.obj)
 .text.log_output_msg_process
                0x0000aa4c       0x6c zephyr/libzephyr.a(log_output.c.obj)
                0x0000aa4c                log_output_msg_process
 .text.format_set
                0x0000aab8        0xc zephyr/libzephyr.a(log_backend_uart.c.obj)
 .text.log_backend_uart_init
                0x0000aac4        0xc zephyr/libzephyr.a(log_backend_uart.c.obj)
 .text.panic    0x0000aad0       0x32 zephyr/libzephyr.a(log_backend_uart.c.obj)
 .text.dropped  0x0000ab02        0xa zephyr/libzephyr.a(log_backend_uart.c.obj)
 .text.process  0x0000ab0c       0x1e zephyr/libzephyr.a(log_backend_uart.c.obj)
 .text.arch_early_memset
                0x0000ab2a        0x4 zephyr/arch/common/libarch__common.a(init.c.obj)
                0x0000ab2a                arch_early_memset
 .text.arch_early_memcpy
                0x0000ab2e        0x4 zephyr/arch/common/libarch__common.a(init.c.obj)
                0x0000ab2e                arch_early_memcpy
 .text.z_do_kernel_oops
                0x0000ab32        0x8 zephyr/arch/arch/arm/core/libarch__arm__core.a(fatal.c.obj)
                0x0000ab32                z_do_kernel_oops
 .text.z_arm_nmi
                0x0000ab3a        0xe zephyr/arch/arch/arm/core/libarch__arm__core.a(nmi.c.obj)
                0x0000ab3a                z_arm_nmi
 .text.z_log_msg_simple_create_0.constprop.0
                0x0000ab48        0x8 zephyr/arch/arch/arm/core/cortex_m/libarch__arm__core__cortex_m.a(fault.c.obj)
 .text.z_irq_spurious
                0x0000ab50        0x8 zephyr/arch/arch/arm/core/cortex_m/libarch__arm__core__cortex_m.a(irq_manage.c.obj)
                0x0000ab50                z_irq_spurious
 .text.arch_coprocessors_disable
                0x0000ab58        0x6 zephyr/arch/arch/arm/core/cortex_m/libarch__arm__core__cortex_m.a(thread.c.obj)
                0x0000ab58                arch_coprocessors_disable
 .text.arch_irq_unlock_outlined
                0x0000ab5e        0xe zephyr/arch/arch/arm/core/cortex_m/libarch__arm__core__cortex_m.a(thread.c.obj)
                0x0000ab5e                arch_irq_unlock_outlined
 .text.arch_cpu_idle
                0x0000ab6c       0x1a zephyr/arch/arch/arm/core/cortex_m/libarch__arm__core__cortex_m.a(cpu_idle.c.obj)
                0x0000ab6c                arch_cpu_idle
 .text.size_to_mpu_rasr_size
                0x0000ab86       0x20 zephyr/arch/arch/arm/core/mpu/libarch__arm__core__mpu.a(arm_mpu.c.obj)
 .text.cbputc   0x0000aba6        0xc zephyr/lib/libc/picolibc/liblib__libc__picolibc.a(cbprintf.c.obj)
 .text.picolibc_put
                0x0000abb2        0xa zephyr/lib/libc/picolibc/liblib__libc__picolibc.a(stdio.c.obj)
 .text.atomic_inc.isra.0
                0x0000abbc       0x18 zephyr/lib/net_buf/liblib__net_buf.a(buf.c.obj)
 .text.net_buf_reset
                0x0000abd4        0xa zephyr/lib/net_buf/liblib__net_buf.a(buf.c.obj)
                0x0000abd4                net_buf_reset
 .text.net_buf_ref
                0x0000abde        0xe zephyr/lib/net_buf/liblib__net_buf.a(buf.c.obj)
                0x0000abde                net_buf_ref
 .text.net_buf_frag_del
                0x0000abec       0x18 zephyr/lib/net_buf/liblib__net_buf.a(buf.c.obj)
                0x0000abec                net_buf_frag_del
 .text.net_buf_simple_add
                0x0000ac04        0xc zephyr/lib/net_buf/liblib__net_buf.a(buf_simple.c.obj)
                0x0000ac04                net_buf_simple_add
 .text.net_buf_simple_add_mem
                0x0000ac10       0x12 zephyr/lib/net_buf/liblib__net_buf.a(buf_simple.c.obj)
                0x0000ac10                net_buf_simple_add_mem
 .text.net_buf_simple_add_u8
                0x0000ac22       0x10 zephyr/lib/net_buf/liblib__net_buf.a(buf_simple.c.obj)
                0x0000ac22                net_buf_simple_add_u8
 .text.net_buf_simple_add_le16
                0x0000ac32       0x14 zephyr/lib/net_buf/liblib__net_buf.a(buf_simple.c.obj)
                0x0000ac32                net_buf_simple_add_le16
 .text.net_buf_simple_remove_mem
                0x0000ac46        0xe zephyr/lib/net_buf/liblib__net_buf.a(buf_simple.c.obj)
                0x0000ac46                net_buf_simple_remove_mem
 .text.net_buf_simple_pull
                0x0000ac54       0x10 zephyr/lib/net_buf/liblib__net_buf.a(buf_simple.c.obj)
                0x0000ac54                net_buf_simple_pull
 .text.usbd_device_lock
                0x0000ac64        0xe zephyr/subsys/usb/device_next/libsubsys__usb__device_next.a(usbd_device.c.obj)
 .text.k_mutex_unlock.isra.0
                0x0000ac72        0x4 zephyr/subsys/usb/device_next/libsubsys__usb__device_next.a(usbd_device.c.obj)
 .text.usbd_bus_speed
                0x0000ac76        0xa zephyr/subsys/usb/device_next/libsubsys__usb__device_next.a(usbd_device.c.obj)
                0x0000ac76                usbd_bus_speed
 .text.usbd_device_set_code_triple
                0x0000ac80       0x48 zephyr/subsys/usb/device_next/libsubsys__usb__device_next.a(usbd_device.c.obj)
                0x0000ac80                usbd_device_set_code_triple
 .text.usbd_is_suspended
                0x0000acc8        0xa zephyr/subsys/usb/device_next/libsubsys__usb__device_next.a(usbd_device.c.obj)
                0x0000acc8                usbd_is_suspended
 .text.usbd_init
                0x0000acd2       0x60 zephyr/subsys/usb/device_next/libsubsys__usb__device_next.a(usbd_device.c.obj)
                0x0000acd2                usbd_init
 .text.usbd_enable
                0x0000ad32       0x86 zephyr/subsys/usb/device_next/libsubsys__usb__device_next.a(usbd_device.c.obj)
                0x0000ad32                usbd_enable
 .text.usbd_device_get_vreq
                0x0000adb8       0x2a zephyr/subsys/usb/device_next/libsubsys__usb__device_next.a(usbd_device.c.obj)
                0x0000adb8                usbd_device_get_vreq
 .text.usbd_device_register_vreq
                0x0000ade2       0x56 zephyr/subsys/usb/device_next/libsubsys__usb__device_next.a(usbd_device.c.obj)
                0x0000ade2                usbd_device_register_vreq
 .text.usbd_get_descriptor
                0x0000ae38       0x34 zephyr/subsys/usb/device_next/libsubsys__usb__device_next.a(usbd_desc.c.obj)
                0x0000ae38                usbd_get_descriptor
 .text.usbd_add_descriptor
                0x0000ae6c      0x106 zephyr/subsys/usb/device_next/libsubsys__usb__device_next.a(usbd_desc.c.obj)
                0x0000ae6c                usbd_add_descriptor
 .text.usbd_str_desc_get_idx
                0x0000af72        0xa zephyr/subsys/usb/device_next/libsubsys__usb__device_next.a(usbd_desc.c.obj)
                0x0000af72                usbd_str_desc_get_idx
 .text.net_buf_simple_tailroom
                0x0000af7c       0x10 zephyr/subsys/usb/device_next/libsubsys__usb__device_next.a(usbd_ch9.c.obj)
 .text.reqtype_is_to_host
                0x0000af8c        0xc zephyr/subsys/usb/device_next/libsubsys__usb__device_next.a(usbd_ch9.c.obj)
 .text.sreq_feature_halt_notify
                0x0000af98       0x20 zephyr/subsys/usb/device_next/libsubsys__usb__device_next.a(usbd_ch9.c.obj)
 .text.usbd_enqueue_status_in
                0x0000afb8       0x2c zephyr/subsys/usb/device_next/libsubsys__usb__device_next.a(usbd_ch9.c.obj)
 .text.usbd_enqueue_setup
                0x0000afe4       0x26 zephyr/subsys/usb/device_next/libsubsys__usb__device_next.a(usbd_ch9.c.obj)
 .text.udc_test_mode
                0x0000b00a       0x46 zephyr/subsys/usb/device_next/libsubsys__usb__device_next.a(usbd_ch9.c.obj)
 .text.udc_set_address
                0x0000b050       0x38 zephyr/subsys/usb/device_next/libsubsys__usb__device_next.a(usbd_ch9.c.obj)
 .text.usbd_init_control_pipe
                0x0000b088       0x18 zephyr/subsys/usb/device_next/libsubsys__usb__device_next.a(usbd_ch9.c.obj)
                0x0000b088                usbd_init_control_pipe
 .text.usbd_class_bcast_event
                0x0000b0a0       0x48 zephyr/subsys/usb/device_next/libsubsys__usb__device_next.a(usbd_core.c.obj)
 .text.unassign_eps.isra.0
                0x0000b0e8       0x66 zephyr/subsys/usb/device_next/libsubsys__usb__device_next.a(usbd_init.c.obj)
 .text.usbd_init_configurations
                0x0000b14e      0x1e8 zephyr/subsys/usb/device_next/libsubsys__usb__device_next.a(usbd_init.c.obj)
                0x0000b14e                usbd_init_configurations
 .text.usbd_device_lock
                0x0000b336        0xe zephyr/subsys/usb/device_next/libsubsys__usb__device_next.a(usbd_config.c.obj)
 .text.k_mutex_unlock.isra.0
                0x0000b344        0x4 zephyr/subsys/usb/device_next/libsubsys__usb__device_next.a(usbd_config.c.obj)
 .text.usbd_config_get
                0x0000b348       0x28 zephyr/subsys/usb/device_next/libsubsys__usb__device_next.a(usbd_config.c.obj)
                0x0000b348                usbd_config_get
 .text.usbd_config_get_current
                0x0000b370       0x24 zephyr/subsys/usb/device_next/libsubsys__usb__device_next.a(usbd_config.c.obj)
                0x0000b370                usbd_config_get_current
 .text.usbd_config_exist
                0x0000b394        0xe zephyr/subsys/usb/device_next/libsubsys__usb__device_next.a(usbd_config.c.obj)
                0x0000b394                usbd_config_exist
 .text.usbd_config_set
                0x0000b3a2       0x98 zephyr/subsys/usb/device_next/libsubsys__usb__device_next.a(usbd_config.c.obj)
                0x0000b3a2                usbd_config_set
 .text.usbd_add_configuration
                0x0000b43a       0xc0 zephyr/subsys/usb/device_next/libsubsys__usb__device_next.a(usbd_config.c.obj)
                0x0000b43a                usbd_add_configuration
 .text.usbd_device_lock
                0x0000b4fa        0xe zephyr/subsys/usb/device_next/libsubsys__usb__device_next.a(usbd_class.c.obj)
 .text.usbd_class_desc_len
                0x0000b508       0x20 zephyr/subsys/usb/device_next/libsubsys__usb__device_next.a(usbd_class.c.obj)
                0x0000b508                usbd_class_desc_len
 .text.usbd_class_get_by_config
                0x0000b528       0x20 zephyr/subsys/usb/device_next/libsubsys__usb__device_next.a(usbd_class.c.obj)
                0x0000b528                usbd_class_get_by_config
 .text.usbd_class_get_by_iface
                0x0000b548       0x20 zephyr/subsys/usb/device_next/libsubsys__usb__device_next.a(usbd_class.c.obj)
                0x0000b548                usbd_class_get_by_iface
 .text.usbd_class_handle_xfer
                0x0000b568       0x12 zephyr/subsys/usb/device_next/libsubsys__usb__device_next.a(usbd_class.c.obj)
                0x0000b568                usbd_class_handle_xfer
 .text.usbd_class_get_by_ep
                0x0000b57a       0x46 zephyr/subsys/usb/device_next/libsubsys__usb__device_next.a(usbd_class.c.obj)
                0x0000b57a                usbd_class_get_by_ep
 .text.usbd_class_get_by_req
                0x0000b5c0       0x2e zephyr/subsys/usb/device_next/libsubsys__usb__device_next.a(usbd_class.c.obj)
                0x0000b5c0                usbd_class_get_by_req
 .text.usbd_register_class
                0x0000b5ee       0x9a zephyr/subsys/usb/device_next/libsubsys__usb__device_next.a(usbd_class.c.obj)
                0x0000b5ee                usbd_register_class
 .text.usbd_interface_modify
                0x0000b688       0x96 zephyr/subsys/usb/device_next/libsubsys__usb__device_next.a(usbd_interface.c.obj)
 .text.usbd_interface_shutdown
                0x0000b71e       0x54 zephyr/subsys/usb/device_next/libsubsys__usb__device_next.a(usbd_interface.c.obj)
                0x0000b71e                usbd_interface_shutdown
 .text.usbd_interface_default
                0x0000b772       0x50 zephyr/subsys/usb/device_next/libsubsys__usb__device_next.a(usbd_interface.c.obj)
                0x0000b772                usbd_interface_default
 .text.usbd_interface_set
                0x0000b7c2       0x78 zephyr/subsys/usb/device_next/libsubsys__usb__device_next.a(usbd_interface.c.obj)
                0x0000b7c2                usbd_interface_set
 .text.usbd_ep_bm_clear
                0x0000b83a       0x1e zephyr/subsys/usb/device_next/libsubsys__usb__device_next.a(usbd_endpoint.c.obj)
 .text.usbd_ep_enable
                0x0000b858       0x38 zephyr/subsys/usb/device_next/libsubsys__usb__device_next.a(usbd_endpoint.c.obj)
                0x0000b858                usbd_ep_enable
 .text.usbd_ep_disable
                0x0000b890       0x2c zephyr/subsys/usb/device_next/libsubsys__usb__device_next.a(usbd_endpoint.c.obj)
                0x0000b890                usbd_ep_disable
 .text.usbd_ep_ctrl_data_in_alloc
                0x0000b8bc        0xa zephyr/subsys/usb/device_next/libsubsys__usb__device_next.a(usbd_endpoint.c.obj)
                0x0000b8bc                usbd_ep_ctrl_data_in_alloc
 .text.usbd_ep_ctrl_enqueue
                0x0000b8c6       0x7a zephyr/subsys/usb/device_next/libsubsys__usb__device_next.a(usbd_endpoint.c.obj)
                0x0000b8c6                usbd_ep_ctrl_enqueue
 .text.usbd_ep_buf_alloc
                0x0000b940        0x8 zephyr/subsys/usb/device_next/libsubsys__usb__device_next.a(usbd_endpoint.c.obj)
                0x0000b940                usbd_ep_buf_alloc
 .text.usbd_ep_enqueue
                0x0000b948       0x30 zephyr/subsys/usb/device_next/libsubsys__usb__device_next.a(usbd_endpoint.c.obj)
                0x0000b948                usbd_ep_enqueue
 .text.usbd_ep_buf_free
                0x0000b978        0x6 zephyr/subsys/usb/device_next/libsubsys__usb__device_next.a(usbd_endpoint.c.obj)
                0x0000b978                usbd_ep_buf_free
 .text.usbd_ep_set_halt
                0x0000b97e       0x2a zephyr/subsys/usb/device_next/libsubsys__usb__device_next.a(usbd_endpoint.c.obj)
                0x0000b97e                usbd_ep_set_halt
 .text.usbd_ep_clear_halt
                0x0000b9a8       0x1e zephyr/subsys/usb/device_next/libsubsys__usb__device_next.a(usbd_endpoint.c.obj)
                0x0000b9a8                usbd_ep_clear_halt
 .text.usbd_ep_is_halted
                0x0000b9c6       0x16 zephyr/subsys/usb/device_next/libsubsys__usb__device_next.a(usbd_endpoint.c.obj)
                0x0000b9c6                usbd_ep_is_halted
 .text.usbd_msg_pub_simple
                0x0000b9dc       0x1c zephyr/subsys/usb/device_next/libsubsys__usb__device_next.a(usbd_msg.c.obj)
                0x0000b9dc                usbd_msg_pub_simple
 .text.usbd_msg_pub_device
                0x0000b9f8       0x1c zephyr/subsys/usb/device_next/libsubsys__usb__device_next.a(usbd_msg.c.obj)
                0x0000b9f8                usbd_msg_pub_device
 .text.usbd_cdc_acm_update
                0x0000ba14        0x2 zephyr/subsys/usb/device_next/libsubsys__usb__device_next.a(usbd_cdc_acm.c.obj)
 .text.usbd_cdc_acm_get_desc
                0x0000ba16        0x8 zephyr/subsys/usb/device_next/libsubsys__usb__device_next.a(usbd_cdc_acm.c.obj)
 .text.cdc_acm_update_uart_cfg
                0x0000ba1e       0x4c zephyr/subsys/usb/device_next/libsubsys__usb__device_next.a(usbd_cdc_acm.c.obj)
 .text.cdc_acm_irq_tx_ready
                0x0000ba6a       0x18 zephyr/subsys/usb/device_next/libsubsys__usb__device_next.a(usbd_cdc_acm.c.obj)
 .text.cdc_acm_irq_rx_ready
                0x0000ba82        0x8 zephyr/subsys/usb/device_next/libsubsys__usb__device_next.a(usbd_cdc_acm.c.obj)
 .text.cdc_acm_irq_is_pending
                0x0000ba8a       0x12 zephyr/subsys/usb/device_next/libsubsys__usb__device_next.a(usbd_cdc_acm.c.obj)
 .text.cdc_acm_irq_callback_set
                0x0000ba9c        0x8 zephyr/subsys/usb/device_next/libsubsys__usb__device_next.a(usbd_cdc_acm.c.obj)
 .text.atomic_test_bit
                0x0000baa4       0x12 zephyr/subsys/usb/device_next/libsubsys__usb__device_next.a(usbd_cdc_acm.c.obj)
 .text.usbd_cdc_acm_suspended
                0x0000bab6       0x20 zephyr/subsys/usb/device_next/libsubsys__usb__device_next.a(usbd_cdc_acm.c.obj)
 .text.cdc_acm_fifo_read
                0x0000bad6       0x14 zephyr/subsys/usb/device_next/libsubsys__usb__device_next.a(usbd_cdc_acm.c.obj)
 .text.cdc_acm_poll_in
                0x0000baea       0x2a zephyr/subsys/usb/device_next/libsubsys__usb__device_next.a(usbd_cdc_acm.c.obj)
 .text.cdc_acm_fifo_fill
                0x0000bb14       0x2a zephyr/subsys/usb/device_next/libsubsys__usb__device_next.a(usbd_cdc_acm.c.obj)
 .text.usbd_cdc_acm_init
                0x0000bb3e       0x36 zephyr/subsys/usb/device_next/libsubsys__usb__device_next.a(usbd_cdc_acm.c.obj)
 .text.atomic_clear_bit
                0x0000bb74       0x1e zephyr/subsys/usb/device_next/libsubsys__usb__device_next.a(usbd_cdc_acm.c.obj)
 .text.cdc_acm_irq_rx_disable
                0x0000bb92        0xa zephyr/subsys/usb/device_next/libsubsys__usb__device_next.a(usbd_cdc_acm.c.obj)
 .text.cdc_acm_irq_tx_disable
                0x0000bb9c        0xa zephyr/subsys/usb/device_next/libsubsys__usb__device_next.a(usbd_cdc_acm.c.obj)
 .text.usbd_cdc_acm_disable
                0x0000bba6       0x1a zephyr/subsys/usb/device_next/libsubsys__usb__device_next.a(usbd_cdc_acm.c.obj)
 .text.usbd_cdc_acm_resumed
                0x0000bbc0        0xc zephyr/subsys/usb/device_next/libsubsys__usb__device_next.a(usbd_cdc_acm.c.obj)
 .text.cdc_acm_tx_fifo_handler
                0x0000bbcc       0xda zephyr/subsys/usb/device_next/libsubsys__usb__device_next.a(usbd_cdc_acm.c.obj)
 .text.usbd_cdc_acm_request
                0x0000bca6      0x100 zephyr/subsys/usb/device_next/libsubsys__usb__device_next.a(usbd_cdc_acm.c.obj)
 .text.cdc_acm_rx_fifo_handler
                0x0000bda6       0x8c zephyr/subsys/usb/device_next/libsubsys__usb__device_next.a(usbd_cdc_acm.c.obj)
 .text.cdc_acm_irq_cb_handler
                0x0000be32       0xae zephyr/subsys/usb/device_next/libsubsys__usb__device_next.a(usbd_cdc_acm.c.obj)
 .text.cdc_acm_irq_update
                0x0000bee0       0x44 zephyr/subsys/usb/device_next/libsubsys__usb__device_next.a(usbd_cdc_acm.c.obj)
 .text.cdc_acm_irq_tx_enable
                0x0000bf24       0x36 zephyr/subsys/usb/device_next/libsubsys__usb__device_next.a(usbd_cdc_acm.c.obj)
 .text.cdc_acm_irq_rx_enable
                0x0000bf5a       0x4a zephyr/subsys/usb/device_next/libsubsys__usb__device_next.a(usbd_cdc_acm.c.obj)
 .text.usbd_cdc_acm_enable
                0x0000bfa4       0x50 zephyr/subsys/usb/device_next/libsubsys__usb__device_next.a(usbd_cdc_acm.c.obj)
 .text.udc_buf_destroy
                0x0000bff4       0x30 zephyr/drivers/usb/udc/libdrivers__usb__udc.a(udc_common.c.obj)
 .text.ep_check_config.isra.0
                0x0000c024       0x6c zephyr/drivers/usb/udc/libdrivers__usb__udc.a(udc_common.c.obj)
 .text.udc_is_initialized.isra.0
                0x0000c090       0x12 zephyr/drivers/usb/udc/libdrivers__usb__udc.a(udc_common.c.obj)
 .text.udc_is_enabled.isra.0
                0x0000c0a2       0x12 zephyr/drivers/usb/udc/libdrivers__usb__udc.a(udc_common.c.obj)
 .text.udc_get_ep_cfg
                0x0000c0b4       0x12 zephyr/drivers/usb/udc/libdrivers__usb__udc.a(udc_common.c.obj)
                0x0000c0b4                udc_get_ep_cfg
 .text.udc_ep_is_busy
                0x0000c0c6        0x8 zephyr/drivers/usb/udc/libdrivers__usb__udc.a(udc_common.c.obj)
                0x0000c0c6                udc_ep_is_busy
 .text.udc_ep_set_busy
                0x0000c0ce        0xa zephyr/drivers/usb/udc/libdrivers__usb__udc.a(udc_common.c.obj)
                0x0000c0ce                udc_ep_set_busy
 .text.udc_register_ep
                0x0000c0d8       0x2c zephyr/drivers/usb/udc/libdrivers__usb__udc.a(udc_common.c.obj)
                0x0000c0d8                udc_register_ep
 .text.udc_buf_get
                0x0000c104        0x8 zephyr/drivers/usb/udc/libdrivers__usb__udc.a(udc_common.c.obj)
                0x0000c104                udc_buf_get
 .text.udc_buf_peek
                0x0000c10c        0x4 zephyr/drivers/usb/udc/libdrivers__usb__udc.a(udc_common.c.obj)
                0x0000c10c                udc_buf_peek
 .text.udc_buf_put
                0x0000c110        0x4 zephyr/drivers/usb/udc/libdrivers__usb__udc.a(udc_common.c.obj)
                0x0000c110                udc_buf_put
 .text.udc_ep_buf_has_zlp
                0x0000c114        0x8 zephyr/drivers/usb/udc/libdrivers__usb__udc.a(udc_common.c.obj)
                0x0000c114                udc_ep_buf_has_zlp
 .text.udc_ep_buf_clear_zlp
                0x0000c11c        0xa zephyr/drivers/usb/udc/libdrivers__usb__udc.a(udc_common.c.obj)
                0x0000c11c                udc_ep_buf_clear_zlp
 .text.udc_submit_event
                0x0000c126       0x18 zephyr/drivers/usb/udc/libdrivers__usb__udc.a(udc_common.c.obj)
                0x0000c126                udc_submit_event
 .text.udc_submit_ep_event
                0x0000c13e       0x30 zephyr/drivers/usb/udc/libdrivers__usb__udc.a(udc_common.c.obj)
                0x0000c13e                udc_submit_ep_event
 .text.udc_ep_cancel_queued
                0x0000c16e       0x1e zephyr/drivers/usb/udc/libdrivers__usb__udc.a(udc_common.c.obj)
                0x0000c16e                udc_ep_cancel_queued
 .text.udc_setup_received
                0x0000c18c       0xb4 zephyr/drivers/usb/udc/libdrivers__usb__udc.a(udc_common.c.obj)
                0x0000c18c                udc_setup_received
 .text.udc_ep_try_config
                0x0000c240       0x8c zephyr/drivers/usb/udc/libdrivers__usb__udc.a(udc_common.c.obj)
                0x0000c240                udc_ep_try_config
 .text.udc_ep_enable
                0x0000c2cc       0x52 zephyr/drivers/usb/udc/libdrivers__usb__udc.a(udc_common.c.obj)
                0x0000c2cc                udc_ep_enable
 .text.udc_ep_disable
                0x0000c31e       0x38 zephyr/drivers/usb/udc/libdrivers__usb__udc.a(udc_common.c.obj)
                0x0000c31e                udc_ep_disable
 .text.udc_ep_set_halt
                0x0000c356       0x54 zephyr/drivers/usb/udc/libdrivers__usb__udc.a(udc_common.c.obj)
                0x0000c356                udc_ep_set_halt
 .text.udc_ep_clear_halt
                0x0000c3aa       0x60 zephyr/drivers/usb/udc/libdrivers__usb__udc.a(udc_common.c.obj)
                0x0000c3aa                udc_ep_clear_halt
 .text.udc_ep_enqueue
                0x0000c40a       0x8c zephyr/drivers/usb/udc/libdrivers__usb__udc.a(udc_common.c.obj)
                0x0000c40a                udc_ep_enqueue
 .text.udc_ep_queue_is_empty
                0x0000c496       0x2e zephyr/drivers/usb/udc/libdrivers__usb__udc.a(udc_common.c.obj)
                0x0000c496                udc_ep_queue_is_empty
 .text.udc_ctrl_setup_alloc
                0x0000c4c4       0x1e zephyr/drivers/usb/udc/libdrivers__usb__udc.a(udc_common.c.obj)
                0x0000c4c4                udc_ctrl_setup_alloc
 .text.udc_ctrl_data_alloc
                0x0000c4e2       0x28 zephyr/drivers/usb/udc/libdrivers__usb__udc.a(udc_common.c.obj)
                0x0000c4e2                udc_ctrl_data_alloc
 .text.udc_ctrl_status_alloc
                0x0000c50a       0x22 zephyr/drivers/usb/udc/libdrivers__usb__udc.a(udc_common.c.obj)
                0x0000c50a                udc_ctrl_status_alloc
 .text.udc_ep_buf_free
                0x0000c52c       0x1c zephyr/drivers/usb/udc/libdrivers__usb__udc.a(udc_common.c.obj)
                0x0000c52c                udc_ep_buf_free
 .text.udc_device_speed
                0x0000c548       0x2c zephyr/drivers/usb/udc/libdrivers__usb__udc.a(udc_common.c.obj)
                0x0000c548                udc_device_speed
 .text.udc_enable
                0x0000c574       0x58 zephyr/drivers/usb/udc/libdrivers__usb__udc.a(udc_common.c.obj)
                0x0000c574                udc_enable
 .text.udc_disable
                0x0000c5cc       0x48 zephyr/drivers/usb/udc/libdrivers__usb__udc.a(udc_common.c.obj)
                0x0000c5cc                udc_disable
 .text.udc_init
                0x0000c614       0x66 zephyr/drivers/usb/udc/libdrivers__usb__udc.a(udc_common.c.obj)
                0x0000c614                udc_init
 .text.udc_shutdown
                0x0000c67a       0x56 zephyr/drivers/usb/udc/libdrivers__usb__udc.a(udc_common.c.obj)
                0x0000c67a                udc_shutdown
 .text.nrf52_errata_187
                0x0000c6d0       0x1c zephyr/drivers/usb/udc/libdrivers__usb__udc.a(udc_nrf.c.obj)
 .text.ep2bit   0x0000c6ec       0x10 zephyr/drivers/usb/udc/libdrivers__usb__udc.a(udc_nrf.c.obj)
 .text.z_log_msg_simple_create_0
                0x0000c6fc        0x4 zephyr/drivers/usb/udc/libdrivers__usb__udc.a(udc_nrf.c.obj)
 .text.atomic_set_bit
                0x0000c700       0x1c zephyr/drivers/usb/udc/libdrivers__usb__udc.a(udc_nrf.c.obj)
 .text.udc_nrf_unlock
                0x0000c71c        0x8 zephyr/drivers/usb/udc/libdrivers__usb__udc.a(udc_nrf.c.obj)
 .text.udc_nrf_lock
                0x0000c724       0x10 zephyr/drivers/usb/udc/libdrivers__usb__udc.a(udc_nrf.c.obj)
 .text.usb_pool_data_unref
                0x0000c734       0x18 zephyr/drivers/usb/common/buf/libdrivers__usb__common__buf.a(usb_buf.c.obj)
 .text.usb_pool_data_alloc
                0x0000c74c       0x2c zephyr/drivers/usb/common/buf/libdrivers__usb__common__buf.a(usb_buf.c.obj)
 .text.get_status
                0x0000c778       0x12 zephyr/drivers/clock_control/libdrivers__clock_control.a(clock_control_nrf.c.obj)
 .text.stop     0x0000c78a       0x52 zephyr/drivers/clock_control/libdrivers__clock_control.a(clock_control_nrf.c.obj)
 .text.api_stop
                0x0000c7dc        0x6 zephyr/drivers/clock_control/libdrivers__clock_control.a(clock_control_nrf.c.obj)
 .text.async_start
                0x0000c7e2       0x5e zephyr/drivers/clock_control/libdrivers__clock_control.a(clock_control_nrf.c.obj)
 .text.api_start
                0x0000c840        0xe zephyr/drivers/clock_control/libdrivers__clock_control.a(clock_control_nrf.c.obj)
 .text.onoff_started_callback
                0x0000c84e       0x12 zephyr/drivers/clock_control/libdrivers__clock_control.a(clock_control_nrf.c.obj)
 .text.blocking_start_callback
                0x0000c860        0x6 zephyr/drivers/clock_control/libdrivers__clock_control.a(clock_control_nrf.c.obj)
 .text.lfclk_stop
                0x0000c866        0x4 zephyr/drivers/clock_control/libdrivers__clock_control.a(clock_control_nrf.c.obj)
 .text.lfclk_start
                0x0000c86a        0x4 zephyr/drivers/clock_control/libdrivers__clock_control.a(clock_control_nrf.c.obj)
 .text.gpio_nrfx_port_get_raw
                0x0000c86e        0xe zephyr/drivers/gpio/libdrivers__gpio.a(gpio_nrfx.c.obj)
 .text.gpio_nrfx_port_set_masked_raw
                0x0000c87c       0x18 zephyr/drivers/gpio/libdrivers__gpio.a(gpio_nrfx.c.obj)
 .text.gpio_nrfx_port_set_bits_raw
                0x0000c894        0xc zephyr/drivers/gpio/libdrivers__gpio.a(gpio_nrfx.c.obj)
 .text.gpio_nrfx_port_clear_bits_raw
                0x0000c8a0        0xc zephyr/drivers/gpio/libdrivers__gpio.a(gpio_nrfx.c.obj)
 .text.gpio_nrfx_port_toggle_bits
                0x0000c8ac       0x1a zephyr/drivers/gpio/libdrivers__gpio.a(gpio_nrfx.c.obj)
 .text.gpio_nrfx_manage_callback
                0x0000c8c6       0x54 zephyr/drivers/gpio/libdrivers__gpio.a(gpio_nrfx.c.obj)
 .text.gpio_nrfx_gpiote_irq_handler
                0x0000c91a        0x4 zephyr/drivers/gpio/libdrivers__gpio.a(gpio_nrfx.c.obj)
                0x0000c91a                gpio_nrfx_gpiote_irq_handler
 .text.z_impl_hwinfo_get_device_id
                0x0000c91e       0x28 zephyr/drivers/hwinfo/libdrivers__hwinfo.a(hwinfo_nrf.c.obj)
                0x0000c91e                z_impl_hwinfo_get_device_id
 .text.i2s_nrfx_config_get
                0x0000c946       0x2c zephyr/drivers/i2s/libdrivers__i2s.a(i2s_nrfx.c.obj)
 .text.get_next_tx_buffer
                0x0000c972       0x26 zephyr/drivers/i2s/libdrivers__i2s.a(i2s_nrfx.c.obj)
 .text.z_log_msg_simple_create_1.constprop.0
                0x0000c998        0xa zephyr/drivers/i2s/libdrivers__i2s.a(i2s_nrfx.c.obj)
 .text.supply_next_buffers
                0x0000c9a2       0x4a zephyr/drivers/i2s/libdrivers__i2s.a(i2s_nrfx.c.obj)
 .text.z_log_msg_simple_create_0.constprop.0
                0x0000c9ec        0x8 zephyr/drivers/i2s/libdrivers__i2s.a(i2s_nrfx.c.obj)
 .text.clock_started_callback
                0x0000c9f4       0x2a zephyr/drivers/i2s/libdrivers__i2s.a(i2s_nrfx.c.obj)
 .text.purge_queue.isra.0
                0x0000ca1e       0x54 zephyr/drivers/i2s/libdrivers__i2s.a(i2s_nrfx.c.obj)
 .text.pinctrl_lookup_state
                0x0000ca72       0x26 zephyr/drivers/pinctrl/libdrivers__pinctrl.a(common.c.obj)
                0x0000ca72                pinctrl_lookup_state
 .text.event_clear
                0x0000ca98       0x18 zephyr/drivers/timer/libdrivers__timer.a(nrf_rtc_timer.c.obj)
 .text.sys_clock_cycle_get_32
                0x0000cab0        0x8 zephyr/drivers/timer/libdrivers__timer.a(nrf_rtc_timer.c.obj)
                0x0000cab0                sys_clock_cycle_get_32
 .text.nrf52_errata_98
                0x0000cab8       0x1a modules/hal_nordic/nrfx/libnrfx.a(system_nrf52840.c.obj)
 .text.nrfx_isr
                0x0000cad2        0x6 modules/hal_nordic/nrfx/libnrfx.a(nrfx_glue.c.obj)
                0x0000cad2                nrfx_isr
 .text.nrfx_busy_wait
                0x0000cad8        0x4 modules/hal_nordic/nrfx/libnrfx.a(nrfx_glue.c.obj)
                0x0000cad8                nrfx_busy_wait
 .text.nrfx_flag32_alloc
                0x0000cadc       0x3c modules/hal_nordic/nrfx/libnrfx.a(nrfx_flag32_allocator.c.obj)
                0x0000cadc                nrfx_flag32_alloc
 .text.nrfx_flag32_free
                0x0000cb18       0x3a modules/hal_nordic/nrfx/libnrfx.a(nrfx_flag32_allocator.c.obj)
                0x0000cb18                nrfx_flag32_free
 .text.nrfx_clock_start
                0x0000cb52       0x10 modules/hal_nordic/nrfx/libnrfx.a(nrfx_clock.c.obj)
                0x0000cb52                nrfx_clock_start
 .text.nrfx_clock_stop
                0x0000cb62       0x10 modules/hal_nordic/nrfx/libnrfx.a(nrfx_clock.c.obj)
                0x0000cb62                nrfx_clock_stop
 .text.nrfx_clock_irq_handler
                0x0000cb72        0xe modules/hal_nordic/nrfx/libnrfx.a(nrfx_clock.c.obj)
                0x0000cb72                nrfx_clock_irq_handler
 .text.nrf52_errata_201
                0x0000cb80       0x1e modules/hal_nordic/nrfx/libnrfx.a(nrfx_clock_hfclk.c.obj)
 .text.nrfx_clock_hfclk_stop
                0x0000cb9e        0x4 modules/hal_nordic/nrfx/libnrfx.a(nrfx_clock_hfclk.c.obj)
                0x0000cb9e                nrfx_clock_hfclk_stop
 .text.clock_stop
                0x0000cba2       0x32 modules/hal_nordic/nrfx/libnrfx.a(nrfx_clock_lfclk.c.obj)
 .text.nrfx_clock_lfclk_stop
                0x0000cbd4        0x4 modules/hal_nordic/nrfx/libnrfx.a(nrfx_clock_lfclk.c.obj)
                0x0000cbd4                nrfx_clock_lfclk_stop
 .text.nrf_gpio_reconfigure
                0x0000cbd8       0x92 modules/hal_nordic/nrfx/libnrfx.a(nrfx_gpiote.c.obj)
 .text.nrf_gpio_cfg_sense_set
                0x0000cc6a       0x1e modules/hal_nordic/nrfx/libnrfx.a(nrfx_gpiote.c.obj)
 .text.pin_in_use_by_te
                0x0000cc88       0x16 modules/hal_nordic/nrfx/libnrfx.a(nrfx_gpiote.c.obj)
 .text.pin_is_output
                0x0000cc9e       0x16 modules/hal_nordic/nrfx/libnrfx.a(nrfx_gpiote.c.obj)
 .text.pin_te_get
                0x0000ccb4       0x14 modules/hal_nordic/nrfx/libnrfx.a(nrfx_gpiote.c.obj)
 .text.call_handler
                0x0000ccc8       0x3e modules/hal_nordic/nrfx/libnrfx.a(nrfx_gpiote.c.obj)
 .text.release_handler
                0x0000cd06       0x52 modules/hal_nordic/nrfx/libnrfx.a(nrfx_gpiote.c.obj)
 .text.__nrfy_internal_gpiote_events_process
                0x0000cd58       0x50 modules/hal_nordic/nrfx/libnrfx.a(nrfx_gpiote.c.obj)
 .text.pin_trigger_disable
                0x0000cda8       0x44 modules/hal_nordic/nrfx/libnrfx.a(nrfx_gpiote.c.obj)
 .text.nrfx_gpiote_input_configure
                0x0000cdec      0x166 modules/hal_nordic/nrfx/libnrfx.a(nrfx_gpiote.c.obj)
                0x0000cdec                nrfx_gpiote_input_configure
 .text.nrfx_gpiote_output_configure
                0x0000cf52       0xea modules/hal_nordic/nrfx/libnrfx.a(nrfx_gpiote.c.obj)
                0x0000cf52                nrfx_gpiote_output_configure
 .text.nrfx_gpiote_global_callback_set
                0x0000d03c        0x6 modules/hal_nordic/nrfx/libnrfx.a(nrfx_gpiote.c.obj)
                0x0000d03c                nrfx_gpiote_global_callback_set
 .text.nrfx_gpiote_channel_get
                0x0000d042       0x26 modules/hal_nordic/nrfx/libnrfx.a(nrfx_gpiote.c.obj)
                0x0000d042                nrfx_gpiote_channel_get
 .text.nrfx_gpiote_init
                0x0000d068       0x38 modules/hal_nordic/nrfx/libnrfx.a(nrfx_gpiote.c.obj)
                0x0000d068                nrfx_gpiote_init
 .text.nrfx_gpiote_init_check
                0x0000d0a0        0xc modules/hal_nordic/nrfx/libnrfx.a(nrfx_gpiote.c.obj)
                0x0000d0a0                nrfx_gpiote_init_check
 .text.nrfx_gpiote_pin_uninit
                0x0000d0ac        0x4 modules/hal_nordic/nrfx/libnrfx.a(nrfx_gpiote.c.obj)
                0x0000d0ac                nrfx_gpiote_pin_uninit
 .text.nrfx_gpiote_trigger_enable
                0x0000d0b0       0xa2 modules/hal_nordic/nrfx/libnrfx.a(nrfx_gpiote.c.obj)
                0x0000d0b0                nrfx_gpiote_trigger_enable
 .text.nrfx_gpiote_trigger_disable
                0x0000d152        0x4 modules/hal_nordic/nrfx/libnrfx.a(nrfx_gpiote.c.obj)
                0x0000d152                nrfx_gpiote_trigger_disable
 .text.validate_config
                0x0000d156       0x2a modules/hal_nordic/nrfx/libnrfx.a(nrfx_i2s.c.obj)
 .text.nrf_gpio_cfg_input.constprop.0
                0x0000d180        0x8 modules/hal_nordic/nrfx/libnrfx.a(nrfx_i2s.c.obj)
 .text.nrf_gpio_cfg_default
                0x0000d188        0x8 modules/hal_nordic/nrfx/libnrfx.a(nrfx_i2s.c.obj)
 .text.nrf_gpio_cfg_output
                0x0000d190        0x8 modules/hal_nordic/nrfx/libnrfx.a(nrfx_i2s.c.obj)
 .text.nrfx_i2s_init
                0x0000d198      0x130 modules/hal_nordic/nrfx/libnrfx.a(nrfx_i2s.c.obj)
                0x0000d198                nrfx_i2s_init
 .text.nrfx_i2s_start
                0x0000d2c8       0xe4 modules/hal_nordic/nrfx/libnrfx.a(nrfx_i2s.c.obj)
                0x0000d2c8                nrfx_i2s_start
 .text.nrfx_i2s_next_buffers_set
                0x0000d3ac       0x74 modules/hal_nordic/nrfx/libnrfx.a(nrfx_i2s.c.obj)
                0x0000d3ac                nrfx_i2s_next_buffers_set
 .text.nrfx_i2s_stop
                0x0000d420       0x38 modules/hal_nordic/nrfx/libnrfx.a(nrfx_i2s.c.obj)
                0x0000d420                nrfx_i2s_stop
 .text.nrfx_i2s_uninit
                0x0000d458       0xb2 modules/hal_nordic/nrfx/libnrfx.a(nrfx_i2s.c.obj)
                0x0000d458                nrfx_i2s_uninit
 .text.nrfx_i2s_irq_handler
                0x0000d50a      0x112 modules/hal_nordic/nrfx/libnrfx.a(nrfx_i2s.c.obj)
                0x0000d50a                nrfx_i2s_irq_handler
 .text.nrf_power_event_get_and_clear.constprop.0
                0x0000d61c       0x18 modules/hal_nordic/nrfx/libnrfx.a(nrfx_power.c.obj)
 .text.nrfx_power_usbevt_enable
                0x0000d634        0xe modules/hal_nordic/nrfx/libnrfx.a(nrfx_power.c.obj)
                0x0000d634                nrfx_power_usbevt_enable
 .text.nrfx_power_usbevt_disable
                0x0000d642        0xe modules/hal_nordic/nrfx/libnrfx.a(nrfx_power.c.obj)
                0x0000d642                nrfx_power_usbevt_disable
 .text.nrfx_power_clock_irq_handler
                0x0000d650        0xe modules/hal_nordic/nrfx/libnrfx.a(nrfx_power.c.obj)
                0x0000d650                nrfx_power_clock_irq_handler
 .text.z_impl_k_busy_wait
                0x0000d65e        0x8 zephyr/kernel/libkernel.a(busy_wait.c.obj)
                0x0000d65e                z_impl_k_busy_wait
 .text.do_device_init
                0x0000d666       0x30 zephyr/kernel/libkernel.a(device.c.obj)
                0x0000d666                do_device_init
 .text.z_impl_device_is_ready
                0x0000d696       0x16 zephyr/kernel/libkernel.a(device.c.obj)
                0x0000d696                z_impl_device_is_ready
 .text.arch_system_halt
                0x0000d6ac       0x10 zephyr/kernel/libkernel.a(fatal.c.obj)
                0x0000d6ac                arch_system_halt
 .text.z_heap_alloc_helper
                0x0000d6bc       0x84 zephyr/kernel/libkernel.a(kheap.c.obj)
 .text.k_heap_init
                0x0000d740       0x10 zephyr/kernel/libkernel.a(kheap.c.obj)
                0x0000d740                k_heap_init
 .text.k_heap_free
                0x0000d750       0x38 zephyr/kernel/libkernel.a(kheap.c.obj)
                0x0000d750                k_heap_free
 .text.create_free_list
                0x0000d788       0x44 zephyr/kernel/libkernel.a(mem_slab.c.obj)
 .text.k_mem_slab_free
                0x0000d7cc       0x70 zephyr/kernel/libkernel.a(mem_slab.c.obj)
                0x0000d7cc                k_mem_slab_free
 .text.idle     0x0000d83c       0x16 zephyr/kernel/libkernel.a(idle.c.obj)
                0x0000d83c                idle
 .text.unpend_thread_no_timeout
                0x0000d852       0x1a zephyr/kernel/libkernel.a(msg_q.c.obj)
 .text.k_msgq_init
                0x0000d86c       0x1e zephyr/kernel/libkernel.a(msg_q.c.obj)
                0x0000d86c                k_msgq_init
 .text.z_impl_k_msgq_put
                0x0000d88a        0xe zephyr/kernel/libkernel.a(msg_q.c.obj)
                0x0000d88a                z_impl_k_msgq_put
 .text.adjust_owner_prio.isra.0
                0x0000d898       0x10 zephyr/kernel/libkernel.a(mutex.c.obj)
 .text.z_impl_k_mutex_init
                0x0000d8a8        0xe zephyr/kernel/libkernel.a(mutex.c.obj)
                0x0000d8a8                z_impl_k_mutex_init
 .text.unpend_thread_no_timeout
                0x0000d8b6       0x1a zephyr/kernel/libkernel.a(queue.c.obj)
 .text.queue_insert
                0x0000d8d0       0xc4 zephyr/kernel/libkernel.a(queue.c.obj)
 .text.z_impl_k_queue_init
                0x0000d994       0x10 zephyr/kernel/libkernel.a(queue.c.obj)
                0x0000d994                z_impl_k_queue_init
 .text.k_queue_append
                0x0000d9a4       0x26 zephyr/kernel/libkernel.a(queue.c.obj)
                0x0000d9a4                k_queue_append
 .text.k_queue_prepend
                0x0000d9ca       0x24 zephyr/kernel/libkernel.a(queue.c.obj)
                0x0000d9ca                k_queue_prepend
 .text.z_impl_k_queue_peek_head
                0x0000d9ee       0x24 zephyr/kernel/libkernel.a(queue.c.obj)
                0x0000d9ee                z_impl_k_queue_peek_head
 .text.z_impl_k_sem_init
                0x0000da12       0x18 zephyr/kernel/libkernel.a(sem.c.obj)
                0x0000da12                z_impl_k_sem_init